Component: ARM Compiler 5.06 update 4 (build 422) Tool: armlink [4d35d2]

==============================================================================

Section Cross References

    main.o(i._Z10vTheadMainPv) refers to main.o(i._Z23pre_star_thread_main_00v) for pre_star_thread_main_00()
    main.o(i._Z10vTheadMainPv) refers to valve_api.o(i.vavle_off_for_start) for vavle_off_for_start
    main.o(i._Z10vTheadMainPv) refers to main.o(i._Z23pre_star_thread_main_01v) for pre_star_thread_main_01()
    main.o(i._Z10vTheadMainPv) refers to ui.o(i.ui_disp_device_ver) for ui_disp_device_ver
    main.o(i._Z10vTheadMainPv) refers to m_lcd.o(i.m_lcd_refresh) for m_lcd_refresh
    main.o(i._Z10vTheadMainPv) refers to m_rtc.o(i.m_rtc_disable_wakeup) for m_rtc_disable_wakeup
    main.o(i._Z10vTheadMainPv) refers to m_rtc.o(i.m_rtc_enable_wakeup) for m_rtc_enable_wakeup
    main.o(i._Z10vTheadMainPv) refers to m-nb-module.o(i.m_thread_create_nb_udp) for m_thread_create_nb_udp
    main.o(i._Z10vTheadMainPv) refers to m_event.o(i.m_thread_create_event) for m_thread_create_event
    main.o(i._Z10vTheadMainPv) refers to m_event.o(i.m_thread_create_flow_puls) for m_thread_create_flow_puls
    main.o(i._Z10vTheadMainPv) refers to cmsis_os.o(i.osSignalWait) for osSignalWait
    main.o(i._Z10vTheadMainPv) refers to valve_api.o(i.app_valve_on) for app_valve_on
    main.o(i._Z10vTheadMainPv) refers to ui.o(i.ui_disp_menu) for ui_disp_menu
    main.o(i._Z10vTheadMainPv) refers to valve_api.o(i.app_valve_off) for app_valve_off
    main.o(i._Z10vTheadMainPv) refers to cmsis_os.o(i.osDelay) for osDelay
    main.o(i._Z10vTheadMainPv) refers to ui.o(.data) for menu
    main.o(i._Z10vTheadMainPv) refers to m_event.o(.data) for noEventTimeOut
    main.o(i._Z10vTheadMainPv) refers to 15e-data-protocol.o(.data) for flgValveErrSend
    main.o(i._Z12init_rtc_x_xv) refers to m_rtc.o(.data) for sysRtcDataTime
    main.o(i._Z12init_rtc_x_xv) refers to m_event.o(.data) for aYearAgo
    main.o(i._Z12init_rtc_x_xv) refers to m_event.o(.data) for aMonthAgo
    main.o(i._Z12init_rtc_x_xv) refers to m_event.o(.data) for aDateAgo
    main.o(i._Z15m_gpio_led_initv) refers to stm32l0xx_hal_gpio.o(i.HAL_GPIO_Init) for HAL_GPIO_Init
    main.o(i._Z20m_thread_create_mainv) refers to rt_memcpy.o(.emb_text) for __aeabi_memcpy4
    main.o(i._Z20m_thread_create_mainv) refers to cmsis_os.o(i.osThreadCreate) for osThreadCreate
    main.o(i._Z20m_thread_create_mainv) refers to main.o(.constdata) for .constdata
    main.o(i._Z20m_thread_create_mainv) refers to main.o(.data) for .data
    main.o(i._Z23pre_star_thread_main_00v) refers to m_gpio_config.o(i.m_gpio_into_lpw) for m_gpio_into_lpw
    main.o(i._Z23pre_star_thread_main_00v) refers to m_rtc.o(i.m_rtc_init) for m_rtc_init
    main.o(i._Z23pre_star_thread_main_00v) refers to main.o(i._Z12init_rtc_x_xv) for init_rtc_x_x()
    main.o(i._Z23pre_star_thread_main_00v) refers to m_buzzer.o(i.m_buzzer_init) for m_buzzer_init
    main.o(i._Z23pre_star_thread_main_00v) refers to m_lcd.o(i.m_lcd_init) for m_lcd_init
    main.o(i._Z23pre_star_thread_main_00v) refers to m_lcd.o(i.m_lcd_all_on) for m_lcd_all_on
    main.o(i._Z23pre_star_thread_main_00v) refers to cmsis_os.o(i.osDelay) for osDelay
    main.o(i._Z23pre_star_thread_main_00v) refers to m_clock_config.o(i.m_clock_set_system_clock_msi) for m_clock_set_system_clock_msi
    main.o(i._Z23pre_star_thread_main_00v) refers to m_pwr_mng.o(i.prvSetupTimerInterrupt) for prvSetupTimerInterrupt
    main.o(i._Z23pre_star_thread_main_00v) refers to m_buzzer.o(i.m_buzzer_on) for m_buzzer_on
    main.o(i._Z23pre_star_thread_main_00v) refers to m_buzzer.o(i.m_buzzer_off) for m_buzzer_off
    main.o(i._Z23pre_star_thread_main_00v) refers to m_lcd.o(i.m_lcd_all_off) for m_lcd_all_off
    main.o(i._Z23pre_star_thread_main_00v) refers to data.o(i.qc_data_mutex_create) for qc_data_mutex_create
    main.o(i._Z23pre_star_thread_main_00v) refers to data-protocol-ex.o(i.m_thread_create_sysdata) for m_thread_create_sysdata
    main.o(i._Z23pre_star_thread_main_00v) refers to data.o(i.qc_data_sysdata_set_default) for qc_data_sysdata_set_default
    main.o(i._Z23pre_star_thread_main_00v) refers to data.o(i.qc_data_sysdata_init) for qc_data_sysdata_init
    main.o(i._Z23pre_star_thread_main_00v) refers to data-protocol-ex.o(i.api_calc_all) for api_calc_all
    main.o(i._Z23pre_star_thread_main_00v) refers to 15e-data-protocol.o(.data) for rtVolumeRefreshFlag
    main.o(i._Z23pre_star_thread_main_01v) refers to m_gpio_config.o(i.m_gpio_config_flow_pin) for m_gpio_config_flow_pin
    main.o(i._Z23pre_star_thread_main_01v) refers to m_gpio_config.o(i.m_gpio_config_key0_irq) for m_gpio_config_key0_irq
    main.o(i._Z23pre_star_thread_main_01v) refers to m_gpio_config.o(i.m_gpio_config_alarm_dect) for m_gpio_config_alarm_dect
    main.o(i._Z23pre_star_thread_main_01v) refers to m_gpio_config.o(i.m_gpio_config_alarm) for m_gpio_config_alarm
[...]
    vApplicationMallocFailedHook()           0x08004dc1   Thumb Code     6  main.o(i._Z28vApplicationMallocFailedHookv)
    __ui_disp_menu_home_vavle_off()          0x08004dc9   Thumb Code    52  ui.o(i._Z29__ui_disp_menu_home_vavle_offv)
    even_send_msg_to_rf_send_mult()          0x08004e15   Thumb Code    36  m_event.o(i._Z29even_send_msg_to_rf_send_multv)
    even_send_msg_to_rf_send_temp()          0x08004e45   Thumb Code    60  m_event.o(i._Z29even_send_msg_to_rf_send_tempv)
    m_flow_pulse_timer_table_init()          0x08004e8d   Thumb Code    20  flow-ex.o(i._Z29m_flow_pulse_timer_table_initv)
    m_usart1_se_received_msg_post()          0x08004ea5   Thumb Code    14  m_uart.o(i._Z29m_usart1_se_received_msg_postv)
    vApplicationStackOverflowHook(void*, char*) 0x08004eb9   Thumb Code     6  main.o(i._Z29vApplicationStackOverflowHookPvPc)
    even_send_msg_to_rf_send_single()        0x08004ef5   Thumb Code    60  m_event.o(i._Z31even_send_msg_to_rf_send_singlev)
    m_lpusart1_received_err_callback()       0x08004f99   Thumb Code    44  m_uart.o(i._Z32m_lpusart1_received_err_callbackv)
    m_lpusart1_received_irq_callback()       0x08004fcd   Thumb Code    40  m_uart.o(i._Z32m_lpusart1_received_irq_callbackv)
    m_usart_se_received_irq_callback()       0x08005001   Thumb Code    44  m_uart.o(i._Z32m_usart_se_received_irq_callbackv)
    m_usart1_se_received_err_callback()      0x08005039   Thumb Code    28  m_uart.o(i._Z33m_usart1_se_received_err_callbackv)
    event_key_down_process_menu_change()     0x08005059   Thumb Code   114  m_event.o(i._Z34event_key_down_process_menu_changev)
    fi_szrq_balance_off_vavle_close_en()     0x080050e9   Thumb Code    32  data-protocol-ex.o(i._Z34fi_szrq_balance_off_vavle_close_env)
    fi_szrq_balance_temp_off_vavle_close_en() 0x0800510d   Thumb Code    32  data-protocol-ex.o(i._Z39fi_szrq_balance_temp_off_vavle_close_env)
    fi_szrq_balance_warn_off_vavle_close_en() 0x08005131   Thumb Code    32  data-protocol-ex.o(i._Z39fi_szrq_balance_warn_off_vavle_close_env)
    m_rtc_set(sysDataTime_t*)                0x08005155   Thumb Code    96  m_rtc.o(i._Z9m_rtc_setP13sysDataTime_t)
    __ARM_common_switch8                     0x080051b9   Thumb Code    26  m_event.o(i.__ARM_common_switch8)
    __hal_calc_all_redo                      0x080051d5   Thumb Code    60  data-protocol-ex.o(i.__hal_calc_all_redo)
    api_calc_all                             0x08005219   Thumb Code   168  data-protocol-ex.o(i.api_calc_all)
    api_rtc_set                              0x080052d5   Thumb Code    20  m_rtc.o(i.api_rtc_set)
    api_sysdata_save                         0x080052ed   Thumb Code    52  data-protocol-ex.o(i.api_sysdata_save)
    app_valve_off                            0x08005329   Thumb Code    80  valve_api.o(i.app_valve_off)
    app_valve_on                             0x08005381   Thumb Code   142  valve_api.o(i.app_valve_on)
    crc_append                               0x08005425   Thumb Code    20  crc16_sf.o(i.crc_append)
    crc_sum                                  0x08005439   Thumb Code    36  crc16_sf.o(i.crc_sum)
    crc_verify                               0x08005465   Thumb Code    44  crc16_sf.o(i.crc_verify)
    eTaskConfirmSleepModeStatus              0x08005491   Thumb Code    40  tasks.o(i.eTaskConfirmSleepModeStatus)
    even_send_msg_to_start_rf                0x080054c1   Thumb Code    24  m_event.o(i.even_send_msg_to_start_rf)
    event_start_waite_power_up               0x080054dd   Thumb Code    36  m_event.o(i.event_start_waite_power_up)
    fi_id_writed_in_dlcs_a                   0x08005505   Thumb Code    16  ui.o(i.fi_id_writed_in_dlcs_a)
    freeze_item_save                         0x08005519   Thumb Code   142  data.o(i.freeze_item_save)
    freeze_part_init                         0x080055b5   Thumb Code    58  data.o(i.freeze_part_init)
    get_battary_rtadc                        0x080055f5   Thumb Code    66  volt-dec.o(i.get_battary_rtadc)
    get_internal_vref_rtadc                  0x0800563d   Thumb Code    70  volt-dec.o(i.get_internal_vref_rtadc)
    get_power_status                         0x0800568d   Thumb Code    74  volt-dec.o(i.get_power_status)
    is_leap_year                             0x080056f1   Thumb Code    40  time-stamp.o(i.is_leap_year)
    m_adc_init                               0x08005719   Thumb Code    82  m_adc.o(i.m_adc_init)
    m_adc_polling_read                       0x08005779   Thumb Code    34  m_adc.o(i.m_adc_polling_read)
    m_adc_start_conversion_first             0x080057a1   Thumb Code    34  m_adc.o(i.m_adc_start_conversion_first)
    m_adc_stop_conversion_first              0x080057cd   Thumb Code    28  m_adc.o(i.m_adc_stop_conversion_first)
    m_buzzer_init                            0x080057f1   Thumb Code    60  m_buzzer.o(i.m_buzzer_init)
    m_buzzer_off                             0x08005835   Thumb Code    14  m_buzzer.o(i.m_buzzer_off)
    m_buzzer_on                              0x08005849   Thumb Code    14  m_buzzer.o(i.m_buzzer_on)
    m_clock_config_enable_msi                0x0800585d   Thumb Code    50  m_clock_config.o(i.m_clock_config_enable_msi)
    m_clock_select_msi                       0x0800588f   Thumb Code    46  m_clock_config.o(i.m_clock_select_msi)
    m_clock_set_system_clock_hsi             0x080058bd   Thumb Code    64  m_clock_config.o(i.m_clock_set_system_clock_hsi)
    m_clock_set_system_clock_msi             0x08005905   Thumb Code    50  m_clock_config.o(i.m_clock_set_system_clock_msi)
    m_flash_write_eeprom                     0x08005941   Thumb Code    92  m_flash.o(i.m_flash_write_eeprom)
    m_flow_all_data_init                     0x080059a5   Thumb Code    38  flow-ex.o(i.m_flow_all_data_init)
    m_flow_calc_second                       0x080059d5   Thumb Code    68  flow-ex.o(i.m_flow_calc_second)
    m_flow_process_ex                        0x08005a1d   Thumb Code    72  flow-ex.o(i.m_flow_process_ex)
    m_flow_pulse_timer_table_push            0x08005a6d   Thumb Code    48  flow-ex.o(i.m_flow_pulse_timer_table_push)
    m_gpio_config_adcin11                    0x08005aa9   Thumb Code    14  m_gpio_config.o(i.m_gpio_config_adcin11)
    m_gpio_config_ain_leak_disable           0x08005abd   Thumb Code    28  m_gpio_config.o(i.m_gpio_config_ain_leak_disable)
    m_gpio_config_ain_leak_enable            0x08005add   Thumb Code    28  m_gpio_config.o(i.m_gpio_config_ain_leak_enable)
    m_gpio_config_alarm                      0x08005afd   Thumb Code    16  m_gpio_config.o(i.m_gpio_config_alarm)
    m_gpio_config_alarm_dect                 0x08005b15   Thumb Code    16  m_gpio_config.o(i.m_gpio_config_alarm_dect)
    m_gpio_config_alarm_irq_disable          0x08005b29   Thumb Code    12  m_gpio_config.o(i.m_gpio_config_alarm_irq_disable)
    m_gpio_config_alarm_irq_re_enable        0x08005b39   Thumb Code    12  m_gpio_config.o(i.m_gpio_config_alarm_irq_re_enable)
    m_gpio_config_flow_irq_disable           0x08005b49   Thumb Code    12  m_gpio_config.o(i.m_gpio_config_flow_irq_disable)
    m_gpio_config_flow_irq_re_enable         0x08005b59   Thumb Code    12  m_gpio_config.o(i.m_gpio_config_flow_irq_re_enable)
    m_gpio_config_flow_pin                   0x08005b69   Thumb Code    14  m_gpio_config.o(i.m_gpio_config_flow_pin)
    m_gpio_config_key0_irq                   0x08005b81   Thumb Code    14  m_gpio_config.o(i.m_gpio_config_key0_irq)
    m_gpio_config_key0_irq_disable           0x08005b99   Thumb Code    12  m_gpio_config.o(i.m_gpio_config_key0_irq_disable)
    m_gpio_config_key0_irq_re_enable         0x08005ba9   Thumb Code    12  m_gpio_config.o(i.m_gpio_config_key0_irq_re_enable)
    m_gpio_config_lcd                        0x08005bb9   Thumb Code   124  m_lcd_hal.o(i.m_gpio_config_lcd)
    m_gpio_config_shell_open                 0x08005c4d   Thumb Code    16  m_gpio_config.o(i.m_gpio_config_shell_open)
    m_gpio_config_ste                        0x08005c61   Thumb Code    14  m_gpio_config.o(i.m_gpio_config_ste)
    m_gpio_config_ste_irq_disable            0x08005c79   Thumb Code    12  m_gpio_config.o(i.m_gpio_config_ste_irq_disable)
    m_gpio_config_ste_irq_re_enable          0x08005c89   Thumb Code    12  m_gpio_config.o(i.m_gpio_config_ste_irq_re_enable)
    m_gpio_config_vavle                      0x08005c99   Thumb Code    32  m_gpio_config.o(i.m_gpio_config_vavle)
    m_gpio_exti2_3_enable                    0x08005cb9   Thumb Code    20  m_gpio_config.o(i.m_gpio_exti2_3_enable)
    m_gpio_exti4_15_enable                   0x08005ccd   Thumb Code    20  m_gpio_config.o(i.m_gpio_exti4_15_enable)
    m_gpio_into_lpw                          0x08005ce1   Thumb Code   124  m_gpio_config.o(i.m_gpio_into_lpw)
    m_gpio_set_mode                          0x08005d71   Thumb Code   172  m_gpio_config.o(i.m_gpio_set_mode)
    m_gpio_write                             0x08005e39   Thumb Code    14  m_gpio_config.o(i.m_gpio_write)
    m_lcd_all_off                            0x08005e49   Thumb Code    16  m_lcd.o(i.m_lcd_all_off)
    m_lcd_all_on                             0x08005e61   Thumb Code    16  m_lcd.o(i.m_lcd_all_on)
    m_lcd_disp_dig                           0x08005e79   Thumb Code    40  m_lcd.o(i.m_lcd_disp_dig)
    m_lcd_disp_dp                            0x08005ea5   Thumb Code    40  m_lcd.o(i.m_lcd_disp_dp)
    m_lcd_disp_seg                           0x08005ecd   Thumb Code    30  m_lcd.o(i.m_lcd_disp_seg)
    m_lcd_disp_str                           0x08005ef1   Thumb Code    62  m_lcd.o(i.m_lcd_disp_str)
    m_lcd_init                               0x08005f35   Thumb Code     8  m_lcd.o(i.m_lcd_init)
    m_lcd_ram_set                            0x08005f3d   Thumb Code    24  m_lcd.o(i.m_lcd_ram_set)
    m_lcd_refresh                            0x08005f59   Thumb Code    10  m_lcd.o(i.m_lcd_refresh)
    m_lpusart1_deinit                        0x08005f69   Thumb Code    38  m_uart.o(i.m_lpusart1_deinit)
    m_lpusart1_idle_time_hook                0x08005f9d   Thumb Code    32  m_uart.o(i.m_lpusart1_idle_time_hook)
    m_math_pow                               0x08005fc1   Thumb Code    18  m_string.o(i.m_math_pow)
    m_mem_cpy                                0x08005fd3   Thumb Code    20  m_string.o(i.m_mem_cpy)
    m_mem_cpy_len                            0x08005fe7   Thumb Code    20  m_string.o(i.m_mem_cpy_len)
    m_mem_set                                0x08005ffb   Thumb Code    18  m_string.o(i.m_mem_set)
    m_pre_pre_stop_processing                0x0800600d   Thumb Code    40  m_pwr_mng.o(i.m_pre_pre_stop_processing)
    m_rng_generation                         0x08006039   Thumb Code    42  m_rng.o(i.m_rng_generation)
    m_rng_init                               0x08006069   Thumb Code    36  m_rng.o(i.m_rng_init)
    m_rng_reinit                             0x08006095   Thumb Code    12  m_rng.o(i.m_rng_reinit)
    m_rtc_disable_wakeup                     0x080060a5   Thumb Code    10  m_rtc.o(i.m_rtc_disable_wakeup)
    m_rtc_enable_wakeup                      0x080060b5   Thumb Code    14  m_rtc.o(i.m_rtc_enable_wakeup)
    m_rtc_get                                0x080060c9   Thumb Code    80  m_rtc.o(i.m_rtc_get)
    m_rtc_init                               0x08006121   Thumb Code    54  m_rtc.o(i.m_rtc_init)
    m_soft_wdg_clr                           0x08006165   Thumb Code     8  m_rtc.o(i.m_soft_wdg_clr)
    m_str_cpy                                0x08006171   Thumb Code    30  m_string.o(i.m_str_cpy)
    m_thread_create_event                    0x08006191   Thumb Code    30  m_event.o(i.m_thread_create_event)
    m_thread_create_flow_puls                0x080061b9   Thumb Code    42  m_event.o(i.m_thread_create_flow_puls)
    m_thread_create_nb_udp                   0x080061ed   Thumb Code    30  m-nb-module.o(i.m_thread_create_nb_udp)
    m_thread_create_sysdata                  0x08006215   Thumb Code    54  data-protocol-ex.o(i.m_thread_create_sysdata)
    m_usart1_se_idle_time_hook               0x08006255   Thumb Code    32  m_uart.o(i.m_usart1_se_idle_time_hook)
    main                                     0x08006279   Thumb Code    70  main.o(i.main)
    mcu_error_reset                          0x080062c5   Thumb Code    18  m_pwr_mng.o(i.mcu_error_reset)
    osDelay                                  0x080062e1   Thumb Code    16  cmsis_os.o(i.osDelay)
    osKernelSysTick                          0x080062f1   Thumb Code    22  cmsis_os.o(i.osKernelSysTick)
    osMessageCreate                          0x08006307   Thumb Code    12  cmsis_os.o(i.osMessageCreate)
    osMessageGet                             0x08006315   Thumb Code   138  cmsis_os.o(i.osMessageGet)
    osMessagePut                             0x080063a5   Thumb Code    84  cmsis_os.o(i.osMessagePut)
    osMutexCreate                            0x080063fd   Thumb Code    10  cmsis_os.o(i.osMutexCreate)
    osMutexRelease                           0x08006409   Thumb Code    70  cmsis_os.o(i.osMutexRelease)
    osMutexWait                              0x08006455   Thumb Code    98  cmsis_os.o(i.osMutexWait)
    osSignalSet                              0x080064bd   Thumb Code    74  cmsis_os.o(i.osSignalSet)
    osSignalWait                             0x0800650d   Thumb Code    94  cmsis_os.o(i.osSignalWait)
    osSystickHandler                         0x0800656b   Thumb Code    16  cmsis_os.o(i.osSystickHandler)
    osThreadCreate                           0x0800657b   Thumb Code    56  cmsis_os.o(i.osThreadCreate)
    osThreadGetId                            0x080065b3   Thumb Code     8  cmsis_os.o(i.osThreadGetId)
    prvSetupTimerInterrupt                   0x080065bd   Thumb Code    82  m_pwr_mng.o(i.prvSetupTimerInterrupt)
    pvPortMalloc                             0x08006625   Thumb Code   204  heap_4.o(i.pvPortMalloc)
    pvTaskIncrementMutexHeldCount            0x08006719   Thumb Code    20  tasks.o(i.pvTaskIncrementMutexHeldCount)
    pxPortInitialiseStack                    0x08006731   Thumb Code    28  port.o(i.pxPortInitialiseStack)
    qc_data_clear_sysdata_to_dcls_b          0x08006751   Thumb Code    78  15e-data-protocol.o(i.qc_data_clear_sysdata_to_dcls_b)
    qc_data_device_even_lock_clear           0x080067a9   Thumb Code    16  15e-data-protocol.o(i.qc_data_device_even_lock_clear)
    qc_data_mutex_create                     0x080067bd   Thumb Code    18  data.o(i.qc_data_mutex_create)
    qc_data_read_from_media                  0x080067d5   Thumb Code     8  data.o(i.qc_data_read_from_media)
    qc_data_realtime_data_clear              0x080067dd   Thumb Code    20  15e-data-protocol.o(i.qc_data_realtime_data_clear)
    qc_data_sysdata_init                     0x080067f5   Thumb Code   200  data.o(i.qc_data_sysdata_init)
    qc_data_sysdata_set_default              0x080068dd   Thumb Code    80  data.o(i.qc_data_sysdata_set_default)
    qc_data_write_to_media                   0x08006941   Thumb Code     8  data.o(i.qc_data_write_to_media)
    rf_send_fifo_init                        0x08006949   Thumb Code    58  data.o(i.rf_send_fifo_init)
    rf_send_fifo_push                        0x08006989   Thumb Code   176  data.o(i.rf_send_fifo_push)
    system_dt_to_time_stamp                  0x08006a3d   Thumb Code    44  time-stamp.o(i.system_dt_to_time_stamp)
    szrq_item_get_num                        0x08006a6d   Thumb Code    18  data.o(i.szrq_item_get_num)
    szrq_item_save                           0x08006a85   Thumb Code   138  data.o(i.szrq_item_save)
    szrq_part_format                         0x08006b25   Thumb Code    36  data.o(i.szrq_part_format)
    ui_disp_device_ver                       0x08006b4d   Thumb Code    24  ui.o(i.ui_disp_device_ver)
    ui_disp_menu                             0x08006b71   Thumb Code   236  ui.o(i.ui_disp_menu)
    uxListRemove                             0x08006c75   Thumb Code    36  list.o(i.uxListRemove)
    vAssertCalled                            0x08006c99   Thumb Code    22  port.o(i.vAssertCalled)
    vListInitialise                          0x08006caf   Thumb Code    22  list.o(i.vListInitialise)
    vListInitialiseItem                      0x08006cc5   Thumb Code     6  list.o(i.vListInitialiseItem)
    vListInsert                              0x08006ccb   Thumb Code    48  list.o(i.vListInsert)
    vListInsertEnd                           0x08006cfb   Thumb Code    24  list.o(i.vListInsertEnd)
    vPortEnterCritical                       0x08006d15   Thumb Code    20  port.o(i.vPortEnterCritical)
    vPortExitCritical                        0x08006d2d   Thumb Code    32  port.o(i.vPortExitCritical)
    vPortFree                                0x08006d69   Thumb Code    88  heap_4.o(i.vPortFree)
    vPortSuppressTicksAndSleep               0x08006de9   Thumb Code   376  m_pwr_mng.o(i.vPortSuppressTicksAndSleep)
    vPortYield                               0x08006f81   Thumb Code    18  port.o(i.vPortYield)
    vTaskDelay                               0x08006f99   Thumb Code    58  tasks.o(i.vTaskDelay)
    vTaskMissedYield                         0x08006ff9   Thumb Code     8  tasks.o(i.vTaskMissedYield)
    vTaskPlaceOnEventList                    0x08007005   Thumb Code    62  tasks.o(i.vTaskPlaceOnEventList)
    vTaskPriorityInherit                     0x0800706d   Thumb Code    92  tasks.o(i.vTaskPriorityInherit)
    vTaskSetTimeOutState                     0x080070d1   Thumb Code    28  tasks.o(i.vTaskSetTimeOutState)
    vTaskStartScheduler                      0x0800710d   Thumb Code    60  tasks.o(i.vTaskStartScheduler)
    vTaskStepTick                            0x08007179   Thumb Code    32  tasks.o(i.vTaskStepTick)
    vTaskSuspendAll                          0x080071bd   Thumb Code    10  tasks.o(i.vTaskSuspendAll)
    vTaskSwitchContext                       0x080071cd   Thumb Code   108  tasks.o(i.vTaskSwitchContext)
    vavle_off_for_start                      0x08007261   Thumb Code    52  valve_api.o(i.vavle_off_for_start)
    vavle_off_from_app                       0x08007299   Thumb Code    62  m_event.o(i.vavle_off_from_app)
    vavle_on_from_app                        0x080072e1   Thumb Code    24  m_event.o(i.vavle_on_from_app)
    xPortStartScheduler                      0x08007301   Thumb Code    40  port.o(i.xPortStartScheduler)
    xQueueCreateMutex                        0x08007331   Thumb Code    86  queue.o(i.xQueueCreateMutex)
    xQueueGenericCreate                      0x080073a5   Thumb Code    96  queue.o(i.xQueueGenericCreate)
    xQueueGenericReceive                     0x08007421   Thumb Code   338  queue.o(i.xQueueGenericReceive)
    xQueueGenericReset                       0x08007595   Thumb Code   112  queue.o(i.xQueueGenericReset)
    xQueueGenericSend                        0x08007621   Thumb Code   304  queue.o(i.xQueueGenericSend)
    xQueueGenericSendFromISR                 0x08007771   Thumb Code   144  queue.o(i.xQueueGenericSendFromISR)
    xQueueGiveFromISR                        0x08007821   Thumb Code   130  queue.o(i.xQueueGiveFromISR)
    xQueueReceiveFromISR                     0x080078c5   Thumb Code   120  queue.o(i.xQueueReceiveFromISR)
    xTaskCheckForTimeOut                     0x0800795d   Thumb Code    90  tasks.o(i.xTaskCheckForTimeOut)
    xTaskGenericCreate                       0x080079dd   Thumb Code   404  tasks.o(i.xTaskGenericCreate)
    xTaskGenericNotify                       0x08007b99   Thumb Code   166  tasks.o(i.xTaskGenericNotify)
    xTaskGetCurrentTaskHandle                0x08007c69   Thumb Code     6  tasks.o(i.xTaskGetCurrentTaskHandle)
    xTaskGetSchedulerState                   0x08007c75   Thumb Code    26  tasks.o(i.xTaskGetSchedulerState)
    xTaskGetTickCount                        0x08007c95   Thumb Code     6  tasks.o(i.xTaskGetTickCount)
    xTaskGetTickCountFromISR                 0x08007ca1   Thumb Code     6  tasks.o(i.xTaskGetTickCountFromISR)
    xTaskIncrementTick                       0x08007cad   Thumb Code   188  tasks.o(i.xTaskIncrementTick)
    xTaskNotifyFromISR                       0x08007d91   Thumb Code   180  tasks.o(i.xTaskNotifyFromISR)
    xTaskNotifyWait                          0x08007e6d   Thumb Code   144  tasks.o(i.xTaskNotifyWait)
    xTaskPriorityDisinherit                  0x08007f05   Thumb Code   106  tasks.o(i.xTaskPriorityDisinherit)
    xTaskRemoveFromEventList                 0x08007f99   Thumb Code   102  tasks.o(i.xTaskRemoveFromEventList)
    xTaskResumeAll                           0x08008025   Thumb Code   160  tasks.o(i.xTaskResumeAll)
    __aeabi_fmul                             0x080080ed   Thumb Code     0  fmul.o(x$fpl$fmul)
    _fmul                                    0x080080ed   Thumb Code   172  fmul.o(x$fpl$fmul)
    __I$use$fp                               0x0800819c   Number         0  usenofp.o(x$fpl$usenofp)
    menuTableSzrq                            0x080081f1   Data          13  ui.o(.constdata)
    menuTableVolMode                         0x080081fe   Data          11  ui.o(.constdata)
    menuTableMoneryMode                      0x08008209   Data          14  ui.o(.constdata)
    AHBPrescTable                            0x0800822c   Data          16  system_stm32l0xx.o(.constdata)
    PLLMulTable                              0x0800823c   Data           9  system_stm32l0xx.o(.constdata)
    LCDDigitalIndexTable                     0x08008255   Data          50  m_lcd.o(.constdata)
    LCDDigitalTable                          0x08008287   Data          49  m_lcd.o(.constdata)
    Bcd2HexTable                             0x080082d8   Data         160  m_string.o(.constdata)
    Hex2BcdTable                             0x08008378   Data         100  m_string.o(.constdata)
    sysDataDefault                           0x080083dc   Data         384  15e-data-protocol.o(.constdata)
    Region$$Table$$Base                      0x08008604   Number         0  anon$$obj.o(Region$$Table)
    Region$$Table$$Limit                     0x08008624   Number         0  anon$$obj.o(Region$$Table)
    vTheadMainID                             0x20000000   Data           4  main.o(.data)
    voltBat                                  0x20000004   Data           4  data.o(.data)
    voltAvdd                                 0x20000008   Data           4  data.o(.data)
    osMutexSysData                           0x2000000c   Data           4  data.o(.data)
    overFlowFlgforSendWarning                0x20000010   Data           1  m_event.o(.data)
    aDateAgo                                 0x20000011   Data           1  m_event.o(.data)
    aHourAgo                                 0x20000012   Data           1  m_event.o(.data)
    aMinuteAgo                               0x20000013   Data           1  m_event.o(.data)
    aSecondAgo                               0x20000014   Data           1  m_event.o(.data)
    flgEverydayPoped                         0x20000015   Data           1  m_event.o(.data)
    szrqRtcSync                              0x20000016   Data           1  m_event.o(.data)
    shellOpened                              0x20000017   Data           1  m_event.o(.data)
    gasLeaked                                0x20000018   Data           1  m_event.o(.data)
    steStatusied                             0x20000019   Data           1  m_event.o(.data)
    adcSampleIndex                           0x2000001a   Data           1  m_event.o(.data)
    noNetworkTimer                           0x2000001c   Data           2  m_event.o(.data)
    udpSendmsg                               0x20000020   Data           4  m_event.o(.data)
    noEventTimeOut                           0x20000024   Data           4  m_event.o(.data)
    vTheadEvenID                             0x20000028   Data           4  m_event.o(.data)
    vTheadFlowPulsID                         0x2000002c   Data           4  m_event.o(.data)
    sysTickerSec                             0x20000030   Data           4  m_event.o(.data)
    stampTickerSec                           0x20000034   Data           4  m_event.o(.data)
    globleTickerSec                          0x20000038   Data           4  m_event.o(.data)
    payPromptTimeOut                         0x2000003c   Data           4  m_event.o(.data)
    nextFreezeTm                             0x20000040   Data           4  m_event.o(.data)
    szrqRoportNextTm                         0x20000044   Data           4  m_event.o(.data)
    szrqcollectNextTm                        0x20000048   Data           4  m_event.o(.data)
    nbSendMsgQ                               0x2000004c   Data           4  m_event.o(.data)
    aYearAgo                                 0x20000050   Data           1  m_event.o(.data)
    aMonthAgo                                0x20000051   Data           1  m_event.o(.data)
    menu                                     0x20000052   Data           1  ui.o(.data)
    subMenu                                  0x20000053   Data           1  ui.o(.data)
    pwrStatus                                0x20000054   Data           1  volt-dec.o(.data)
    pwrArr                                   0x20000055   Data           4  volt-dec.o(.data)
    powerDownStatus                          0x2000005c   Data           4  volt-dec.o(.data)
    rtAdcValueBatteray                       0x20000060   Data           4  volt-dec.o(.data)
    rtAdcValueAvdd                           0x20000064   Data           4  volt-dec.o(.data)
    rtAdcValueRef                            0x20000068   Data           4  volt-dec.o(.data)
    flwPTTRefrashFlg                         0x2000006c   Data           1  flow-ex.o(.data)
    lastDayMaxFlow                           0x2000006e   Data           2  flow-ex.o(.data)
    flowMinueProcessCallTime                 0x20000070   Data           2  flow-ex.o(.data)
    noFlowPuleRecordTimer                    0x20000074   Data           4  flow-ex.o(.data)
    totalNoPulseTimer                        0x20000078   Data           4  flow-ex.o(.data)
    flowQn                                   0x2000007c   Data           4  flow-ex.o(.data)
    maxFlow                                  0x20000080   Data           4  flow-ex.o(.data)
    rtFlow                                   0x20000084   Data           4  flow-ex.o(.data)
    noPuleFunCalltimer                       0x20000088   Data           4  flow-ex.o(.data)
    flowMinuteTimer                          0x2000008c   Data           4  flow-ex.o(.data)
    flowHoureTimer                           0x20000090   Data           4  flow-ex.o(.data)
    flowDayTimer                             0x20000094   Data           4  flow-ex.o(.data)
    flowAgoDt                                0x20000098   Data           8  flow-ex.o(.data)
    flowNowDt                                0x200000a0   Data           8  flow-ex.o(.data)
    nbFirstCattch                            0x200000a8   Data           1  m-nb-module.o(.data)
    nbPsmStateMachine                        0x200000a9   Data           1  m-nb-module.o(.data)
    bc95SubVer                               0x200000aa   Data           1  m-nb-module.o(.data)
    bc95MainVer                              0x200000ab   Data           1  m-nb-module.o(.data)
    nbReset                                  0x200000ac   Data           1  m-nb-module.o(.data)
    buadOfsetNum                             0x200000ae   Data           2  m-nb-module.o(.data)
    nbAplReceivedCount                       0x200000b0   Data           2  m-nb-module.o(.data)
    idTheadUdpId                             0x200000b4   Data           4  m-nb-module.o(.data)
    SPVER                                    0x200000b8   Data           8  m-nb-module.o(.data)
    EARFCN                                   0x200000c0   Data           8  m-nb-module.o(.data)
    SNR                                      0x200000c8   Data           8  m-nb-module.o(.data)
    nbRun                                    0x200000d0   Data           1  m-nb-module.o(.data)
    pxCurrentTCB                             0x200000d4   Data           4  tasks.o(.data)
    ulTimerCountsForOneTick                  0x20000110   Data           4  port.o(.data)
    xMaximumPossibleSuppressedTicks          0x20000114   Data           4  port.o(.data)
    ulStoppedTimerCompensation               0x20000118   Data           4  port.o(.data)
    SystemCoreClock                          0x20000134   Data           4  system_stm32l0xx.o(.data)
    uwTick                                   0x20000138   Data           4  stm32l0xx_hal.o(.data)
    mSoftWdgTimes                            0x2000013c   Data           2  m_rtc.o(.data)
    sysRtcDataTime                           0x2000013e   Data           8  m_rtc.o(.data)
    uartInited                               0x20000148   Data           1  m_uart.o(.data)
    uartRceivedBufCount                      0x2000014a   Data           2  m_uart.o(.data)
    __uartSeRceivedBufCount                  0x2000014c   Data           2  m_uart.o(.data)
    uartReceivedIdleTime                     0x20000150   Data           4  m_uart.o(.data)
    __usartSeRxTimeOut                       0x20000154   Data           4  m_uart.o(.data)
    LCDHandleStat                            0x20000158   Data           2  m_lcd.o(.data)
    totalVolume                              0x2000015c   Data           4  15e-data-protocol.o(.data)
    curPeriodVolume                          0x20000160   Data           4  15e-data-protocol.o(.data)
    rtPrice                                  0x20000164   Data           4  15e-data-protocol.o(.data)
    overageMoney                             0x20000168   Data           4  15e-data-protocol.o(.data)
    overrageVolume                           0x2000016c   Data           4  15e-data-protocol.o(.data)
    rtVolume                                 0x20000170   Data           4  15e-data-protocol.o(.data)
    __rtVolume                               0x20000174   Data           4  15e-data-protocol.o(.data)
    rtVolumeRefreshFlag                      0x20000178   Data           1  15e-data-protocol.o(.data)
    popTimesEveryday                         0x2000017c   Data           4  15e-data-protocol.o(.data)
    OVerageVMRemainder                       0x20000180   Data           4  15e-data-protocol.o(.data)
    flgValveErrSend                          0x20000184   Data           1  15e-data-protocol.o(.data)
    vavleState                               0x20000185   Data           1  15e-data-protocol.o(.data)
    rssi                                     0x20000186   Data           1  15e-data-protocol.o(.data)
    ovmStatus                                0x20000187   Data           1  15e-data-protocol.o(.data)
    realPayValue                             0x20000188   Data           4  15e-data-protocol.o(.data)
    reqMsgQ                                  0x2000018c   Data           4  data-protocol-ex.o(.data)
    respMsgQ                                 0x20000190   Data           4  data-protocol-ex.o(.data)
    idThreadDataSave                         0x20000194   Data           4  data-protocol-ex.o(.data)
    lcdBuf                                   0x20000198   Data          16  ui.o(.bss)
    _1per6_flow                              0x200001a8   Data          28  flow-ex.o(.bss)
    _6per60_flow                             0x200001c4   Data          44  flow-ex.o(.bss)
    flowPulseTimerTable                      0x200001f0   Data         128  flow-ex.o(.bss)
    dayAvgFlow                               0x20000270   Data          64  flow-ex.o(.bss)
    hourAvgFlow                              0x200002b0   Data          48  flow-ex.o(.bss)
    CIMI                                     0x200002e0   Data          16  m-nb-module.o(.bss)
    CGSN                                     0x200002f0   Data          16  m-nb-module.o(.bss)
    ICCID                                    0x20000300   Data          21  m-nb-module.o(.bss)
    nbAplReceivedBuffer                      0x20000315   Data         256  m-nb-module.o(.bss)
    Comp2Handle                              0x20003508   Data          36  stm32l0xx_it.o(.bss)
    ProcFlash                                0x2000352c   Data          24  stm32l0xx_hal_flash.o(.bss)
    RtcHandle                                0x20003544   Data          36  m_rtc.o(.bss)
    UartHandle                               0x20003568   Data         112  m_uart.o(.bss)
    UartHandleSe                             0x200035d8   Data         112  m_uart.o(.bss)
    uartReceivedBuf                          0x20003648   Data         256  m_uart.o(.bss)
    __uartSeReceivedBuf                      0x20003748   Data         256  m_uart.o(.bss)
    RngHandle                                0x20003848   Data          12  m_rng.o(.bss)
    LCDHandle                                0x20003854   Data          60  m_lcd.o(.bss)
    AdcHandle                                0x20003890   Data          96  m_adc.o(.bss)
    sysData                                  0x200038f0   Data         384  15e-data-protocol.o(.bss)
    commonBuf                                0x20003a70   Data         576  15e-data-protocol.o(.bss)
    __libspace_start                         0x20003cb0   Data          96  libspace.o(.bss)
    __temporary_stack_top$libspace           0x20003d10   Data           0  libspace.o(.bss)



==============================================================================

Memory Map of the image

  Image Entry point : 0x080000c1

  Load Region LR_IROM1 (Base: 0x08000000, Size: 0x000087bc, Max: 0x00030000, ABSOLUTE, COMPRESSED[0x00008664])

    Execution Region ER_IROM1 (Base: 0x08000000, Size: 0x00008624, Max: 0x00030000, ABSOLUTE)

    Base Addr    Size         Type   Attr      Idx    E Section Name        Object

    0x08000000   0x000000c0   Data   RO         3349    RESET               startup_stm32l073xx.o
    0x080000c0   0x00000008   Code   RO        10329  * !!!main             c_p.l(__main.o)
    0x080000c8   0x0000003c   Code   RO        10523    !!!scatter          c_p.l(__scatter.o)
    0x08000104   0x0000001c   Code   RO        10525    !!handler_zi        c_p.l(__scatter_zi.o)
    0x08000120   0x00000002   Code   RO        10390    .ARM.Collect$$libinit$$00000000  c_p.l(libinit.o)
    0x08000122   0x00000000   Code   RO        10404    .ARM.Collect$$libinit$$00000002  c_p.l(libinit2.o)
    0x08000122   0x00000000   Code   RO        10406    .ARM.Collect$$libinit$$00000004  c_p.l(libinit2.o)
    0x08000122   0x00000000   Code   RO        10409    .ARM.Collect$$libinit$$0000000A  c_p.l(libinit2.o)
    0x08000122   0x00000000   Code   RO        10411    .ARM.Collect$$libinit$$0000000C  c_p.l(libinit2.o)
    0x08000122   0x00000000   Code   RO        10413    .ARM.Collect$$libinit$$0000000E  c_p.l(libinit2.o)
    0x08000122   0x00000000   Code   RO        10416    .ARM.Collect$$libinit$$00000011  c_p.l(libinit2.o)
    0x08000122   0x00000000   Code   RO        10418    .ARM.Collect$$libinit$$00000013  c_p.l(libinit2.o)
    0x08000122   0x00000000   Code   RO        10420    .ARM.Collect$$libinit$$00000015  c_p.l(libinit2.o)
    0x08000122   0x00000000   Code   RO        10422    .ARM.Collect$$libinit$$00000017  c_p.l(libinit2.o)
    0x08000122   0x00000000   Code   RO        10424    .ARM.Collect$$libinit$$00000019  c_p.l(libinit2.o)
    0x08000122   0x00000000   Code   RO        10426    .ARM.Collect$$libinit$$0000001B  c_p.l(libinit2.o)
    0x08000122   0x00000000   Code   RO        10428    .ARM.Collect$$libinit$$0000001D  c_p.l(libinit2.o)
    0x08000122   0x00000000   Code   RO        10430    .ARM.Collect$$libinit$$0000001F  c_p.l(libinit2.o)
    0x08000122   0x00000000   Code   RO        10432    .ARM.Collect$$libinit$$00000021  c_p.l(libinit2.o)
    0x08000122   0x00000000   Code   RO        10434    .ARM.Collect$$libinit$$00000023  c_p.l(libinit2.o)
    0x08000122   0x00000000   Code   RO        10436    .ARM.Collect$$libinit$$00000025  c_p.l(libinit2.o)
    0x08000122   0x00000000   Code   RO        10440    .ARM.Collect$$libinit$$0000002C  c_p.l(libinit2.o)
    0x08000122   0x00000000   Code   RO        10442    .ARM.Collect$$libinit$$0000002E  c_p.l(libinit2.o)
    0x08000122   0x00000000   Code   RO        10444    .ARM.Collect$$libinit$$00000030  c_p.l(libinit2.o)
    0x08000122   0x00000000   Code   RO        10446    .ARM.Collect$$libinit$$00000032  c_p.l(libinit2.o)
    0x08000122   0x00000002   Code   RO        10447    .ARM.Collect$$libinit$$00000033  c_p.l(libinit2.o)
    0x08000124   0x00000002   Code   RO        10478    .ARM.Collect$$libshutdown$$00000000  c_p.l(libshutdown.o)
    0x08000126   0x00000000   Code   RO        10504    .ARM.Collect$$libshutdown$$00000002  c_p.l(libshutdown2.o)
    0x08000126   0x00000000   Code   RO        10506    .ARM.Collect$$libshutdown$$00000004  c_p.l(libshutdown2.o)
    0x08000126   0x00000000   Code   RO        10509    .ARM.Collect$$libshutdown$$00000007  c_p.l(libshutdown2.o)
    0x08000126   0x00000000   Code   RO        10512    .ARM.Collect$$libshutdown$$0000000A  c_p.l(libshutdown2.o)
    0x08000126   0x00000000   Code   RO        10514    .ARM.Collect$$libshutdown$$0000000C  c_p.l(libshutdown2.o)
    0x08000126   0x00000000   Code   RO        10517    .ARM.Collect$$libshutdown$$0000000F  c_p.l(libshutdown2.o)
    0x08000126   0x00000002   Code   RO        10518    .ARM.Collect$$libshutdown$$00000010  c_p.l(libshutdown2.o)
    0x08000128   0x00000000   Code   RO        10353    .ARM.Collect$$rtentry$$00000000  c_p.l(__rtentry.o)
    0x08000128   0x00000000   Code   RO        10360    .ARM.Collect$$rtentry$$00000002  c_p.l(__rtentry2.o)
    0x08000128   0x00000006   Code   RO        10372    .ARM.Collect$$rtentry$$00000004  c_p.l(__rtentry4.o)
    0x0800012e   0x00000000   Code   RO        10362    .ARM.Collect$$rtentry$$00000009  c_p.l(__rtentry2.o)
    0x0800012e   0x00000004   Code   RO        10363    .ARM.Collect$$rtentry$$0000000A  c_p.l(__rtentry2.o)
    0x08000132   0x00000000   Code   RO        10365    .ARM.Collect$$rtentry$$0000000C  c_p.l(__rtentry2.o)
    0x08000132   0x00000008   Code   RO        10366    .ARM.Collect$$rtentry$$0000000D  c_p.l(__rtentry2.o)
    0x0800013a   0x00000002   Code   RO        10395    .ARM.Collect$$rtexit$$00000000  c_p.l(rtexit.o)
    0x0800013c   0x00000000   Code   RO        10451    .ARM.Collect$$rtexit$$00000002  c_p.l(rtexit2.o)
    0x0800013c   0x00000004   Code   RO        10452    .ARM.Collect$$rtexit$$00000003  c_p.l(rtexit2.o)
    0x08000140   0x00000006   Code   RO        10453    .ARM.Collect$$rtexit$$00000004  c_p.l(rtexit2.o)
    0x08000146   0x00000002   PAD
    0x08000148   0x00000038   Code   RO        10313    .emb_text           c_p.l(rt_memcpy.o)
    0x08000180   0x0000006c   Code   RO         3278    .text               port_1.o
    0x080001ec   0x00000040   Code   RO         3350    .text               startup_stm32l073xx.o
    0x0800022c   0x00000082   Code   RO        10314    .text               c_p.l(rt_memcpy.o)
    0x080002ae   0x00000012   Code   RO        10317    .text               c_p.l(aeabi_memset.o)
    0x080002c0   0x00000040   Code   RO        10319    .text               c_p.l(rt_memclr.o)
    0x08000300   0x0000015a   Code   RO        10323    .text               c_p.l(aeabi_sdiv.o)
    0x0800045a   0x00000006   Code   RO        10327    .text               c_p.l(heapauxi.o)
    0x08000460   0x00000160   Code   RO        10340    .text               fz_ps.l(fdiv.o)
    0x080005c0   0x0000004c   Code   RO        10343    .text               fz_ps.l(ffixi.o)
    0x0800060c   0x00000030   Code   RO        10345    .text               fz_ps.l(ffixui.o)
    0x0800063c   0x0000005e   Code   RO        10347    .text               fz_ps.l(fflti.o)
    0x0800069a   0x00000002   PAD
    0x0800069c   0x00000044   Code   RO        10351    .text               fz_ps.l(fscalbn.o)
    0x080006e0   0x0000003e   Code   RO        10376    .text               c_p.l(sys_stackheap_outer.o)
    0x0800071e   0x00000010   Code   RO        10379    .text               c_p.l(exit.o)
    0x0800072e   0x00000002   PAD
    0x08000730   0x00000008   Code   RO        10391    .text               c_p.l(libspace.o)
    0x08000738   0x0000000c   Code   RO        10448    .text               c_p.l(sys_exit.o)
    0x08000744   0x00000002   Code   RO        10467    .text               c_p.l(use_no_semi.o)
    0x08000746   0x00000000   Code   RO        10469    .text               c_p.l(indicate_semi.o)
    0x08000746   0x0000003a   Code   RO        10521    .text               c_p.l(__dczerorl.o)
    0x08000780   0x00000020   Code   RO         3356    i.ADC1_COMP_IRQHandler  stm32l0xx_it.o
    0x080007a0   0x00000010   Code   RO         3359    i.EXTI0_1_IRQHandler  stm32l0xx_it.o
    0x080007b0   0x00000010   Code   RO         3360    i.EXTI2_3_IRQHandler  stm32l0xx_it.o
    0x080007c0   0x00000010   Code   RO         3361    i.EXTI4_15_IRQHandler  stm32l0xx_it.o
    0x080007d0   0x00000080   Code   RO         4588    i.FLASH_WaitForLastOperation  stm32l0xx_hal_flash.o
    0x08000850   0x0000008e   Code   RO         4036    i.HAL_ADCEx_Calibration_Start  stm32l0xx_hal_adc_ex.o
    0x080008de   0x00000002   Code   RO         3826    i.HAL_ADC_ConvCpltCallback  stm32l0xx_hal_adc.o
    0x080008e0   0x00000002   Code   RO         3829    i.HAL_ADC_ErrorCallback  stm32l0xx_hal_adc.o
    0x080008e2   0x00000004   Code   RO         3831    i.HAL_ADC_GetState  stm32l0xx_hal_adc.o
    0x080008e6   0x00000006   Code   RO         3832    i.HAL_ADC_GetValue  stm32l0xx_hal_adc.o
    0x080008ec   0x000000d0   Code   RO         3833    i.HAL_ADC_IRQHandler  stm32l0xx_hal_adc.o
    0x080009bc   0x000001c4   Code   RO         3834    i.HAL_ADC_Init      stm32l0xx_hal_adc.o
    0x08000b80   0x00000002   Code   RO         3835    i.HAL_ADC_LevelOutOfWindowCallback  stm32l0xx_hal_adc.o
    0x08000b82   0x00000002   PAD
    0x08000b84   0x00000018   Code   RO         8726    i.HAL_ADC_MspInit   m_adc.o
    0x08000b9c   0x000000be   Code   RO         3838    i.HAL_ADC_PollForConversion  stm32l0xx_hal_adc.o
    0x08000c5a   0x00000002   PAD
    0x08000c5c   0x0000005c   Code   RO         3840    i.HAL_ADC_Start     stm32l0xx_hal_adc.o
    0x08000cb8   0x0000003e   Code   RO         3843    i.HAL_ADC_Stop      stm32l0xx_hal_adc.o
    0x08000cf6   0x00000002   PAD
    0x08000cf8   0x00000048   Code   RO         4100    i.HAL_COMP_IRQHandler  stm32l0xx_hal_comp.o
    0x08000d40   0x00000002   Code   RO         4109    i.HAL_COMP_TriggerCallback  stm32l0xx_hal_comp.o
    0x08000d42   0x00000002   PAD
    0x08000d44   0x00000014   Code   RO         4592    i.HAL_FLASH_Lock    stm32l0xx_hal_flash.o
    0x08000d58   0x0000003c   Code   RO         4599    i.HAL_FLASH_Unlock  stm32l0xx_hal_flash.o
    0x08000d94   0x000000ec   Code   RO         4896    i.HAL_GPIO_DeInit   stm32l0xx_hal_gpio.o
    0x08000e80   0x00000160   Code   RO         4899    i.HAL_GPIO_Init     stm32l0xx_hal_gpio.o
    0x08000fe0   0x0000000c   Code   RO         3362    i.HAL_GetTick       stm32l0xx_it.o
    0x08000fec   0x00000010   Code   RO         3363    i.HAL_IncTick       stm32l0xx_it.o
    0x08000ffc   0x0000002c   Code   RO         7362    i.HAL_InitTick      m_clock_config.o
    0x08001028   0x000000fc   Code   RO         5040    i.HAL_LCD_Init      stm32l0xx_hal_lcd.o
    0x08001124   0x00000020   Code   RO         8537    i.HAL_LCD_MspInit   m_lcd_hal.o
    0x08001144   0x0000004c   Code   RO         5043    i.HAL_LCD_UpdateDisplayRequest  stm32l0xx_hal_lcd.o
    0x08001190   0x00000014   Code   RO         4232    i.HAL_NVIC_DisableIRQ  stm32l0xx_hal_cortex.o
    0x080011a4   0x00000014   Code   RO         4233    i.HAL_NVIC_EnableIRQ  stm32l0xx_hal_cortex.o
    0x080011b8   0x00000008   Code   RO         4237    i.HAL_NVIC_SetPriority  stm32l0xx_hal_cortex.o
    0x080011c0   0x00000010   Code   RO         5340    i.HAL_PWREx_EnableFastWakeUp  stm32l0xx_hal_pwr_ex.o
    0x080011d0   0x00000010   Code   RO         5342    i.HAL_PWREx_EnableUltraLowPower  stm32l0xx_hal_pwr_ex.o
    0x080011e0   0x00000010   Code   RO         5211    i.HAL_PWR_EnableBkUpAccess  stm32l0xx_hal_pwr.o
    0x080011f0   0x00000030   Code   RO         5216    i.HAL_PWR_EnterSLEEPMode  stm32l0xx_hal_pwr.o
    0x08001220   0x00000034   Code   RO         5218    i.HAL_PWR_EnterSTOPMode  stm32l0xx_hal_pwr.o
    0x08001254   0x00000198   Code   RO         5513    i.HAL_RCCEx_PeriphCLKConfig  stm32l0xx_hal_rcc_ex.o
    0x080013ec   0x0000014c   Code   RO         5394    i.HAL_RCC_ClockConfig  stm32l0xx_hal_rcc.o
    0x08001538   0x00000028   Code   RO         5398    i.HAL_RCC_GetHCLKFreq  stm32l0xx_hal_rcc.o
    0x08001560   0x00000084   Code   RO         5402    i.HAL_RCC_GetSysClockFreq  stm32l0xx_hal_rcc.o
    0x080015e4   0x0000041a   Code   RO         5405    i.HAL_RCC_OscConfig  stm32l0xx_hal_rcc.o
    0x080019fe   0x0000002c   Code   RO         5619    i.HAL_RNG_DeInit    stm32l0xx_hal_rng.o
    0x08001a2a   0x00000064   Code   RO         5621    i.HAL_RNG_GenerateRandomNumber  stm32l0xx_hal_rng.o
    0x08001a8e   0x00000040   Code   RO         5627    i.HAL_RNG_Init      stm32l0xx_hal_rng.o
    0x08001ace   0x00000002   PAD
    0x08001ad0   0x00000064   Code   RO         8351    i.HAL_RNG_MspDeInit  m_rng.o
    0x08001b34   0x00000054   Code   RO         8352    i.HAL_RNG_MspInit   m_rng.o
    0x08001b88   0x0000007a   Code   RO         5884    i.HAL_RTCEx_DeactivateWakeUpTimer  stm32l0xx_hal_rtc_ex.o
    0x08001c02   0x00000002   PAD
    0x08001c04   0x000000dc   Code   RO         5904    i.HAL_RTCEx_SetWakeUpTimer_IT  stm32l0xx_hal_rtc_ex.o
    0x08001ce0   0x00000054   Code   RO         7928    i.HAL_RTCEx_WakeUpTimerEventCallback  m_rtc.o
    0x08001d34   0x00000038   Code   RO         5911    i.HAL_RTCEx_WakeUpTimerIRQHandler  stm32l0xx_hal_rtc_ex.o
    0x08001d6c   0x000000a4   Code   RO         5732    i.HAL_RTC_Init      stm32l0xx_hal_rtc.o
    0x08001e10   0x00000068   Code   RO         7930    i.HAL_RTC_MspInit   m_rtc.o
    0x08001e78   0x000000d0   Code   RO         5738    i.HAL_RTC_SetDate   stm32l0xx_hal_rtc.o
    0x08001f48   0x000000f0   Code   RO         5739    i.HAL_RTC_SetTime   stm32l0xx_hal_rtc.o
    0x08002038   0x00000034   Code   RO         5740    i.HAL_RTC_WaitForSynchro  stm32l0xx_hal_rtc.o
    0x0800206c   0x00000002   Code   RO         7271    i.HAL_UARTEx_WakeupCallback  stm32l0xx_hal_uart_ex.o
    0x0800206e   0x0000003a   Code   RO         6973    i.HAL_UART_DeInit   stm32l0xx_hal_uart.o
    0x080020a8   0x00000024   Code   RO         8041    i.HAL_UART_ErrorCallback  m_uart.o
    0x080020cc   0x000000da   Code   RO         6977    i.HAL_UART_IRQHandler  stm32l0xx_hal_uart.o
    0x080021a6   0x00000002   PAD
    0x080021a8   0x00000080   Code   RO         8042    i.HAL_UART_MspDeInit  m_uart.o
    0x08002228   0x00000004   Code   RO         8046    i.HAL_UART_TxCpltCallback  m_uart.o
    0x0800222c   0x00000006   Code   RO         3365    i.HardFault_Handler  stm32l0xx_it.o
    0x08002232   0x00000030   Code   RO         5045    i.LCD_WaitForSynchro  stm32l0xx_hal_lcd.o
    0x08002262   0x00000002   PAD
    0x08002264   0x00000018   Code   RO         3366    i.LPUSART1_IRQHandler  stm32l0xx_it.o
    0x0800227c   0x0000000a   Code   RO         3368    i.NMI_Handler       stm32l0xx_it.o
    0x08002286   0x00000002   PAD
    0x08002288   0x00000048   Code   RO         7839    i.PostSleepProcessing  m_pwr_mng.o
    0x080022d0   0x00000010   Code   RO         5741    i.RTC_Bcd2ToByte    stm32l0xx_hal_rtc.o
    0x080022e0   0x00000016   Code   RO         5742    i.RTC_ByteToBcd2    stm32l0xx_hal_rtc.o
    0x080022f6   0x00000038   Code   RO         5743    i.RTC_EnterInitMode  stm32l0xx_hal_rtc.o
    0x0800232e   0x00000002   PAD
    0x08002330   0x00000018   Code   RO         3369    i.RTC_IRQHandler    stm32l0xx_it.o
    0x08002348   0x00000014   Code   RO         3370    i.SysTick_Handler   stm32l0xx_it.o
    0x0800235c   0x00000054   Code   RO         3578    i.SystemInit        system_stm32l0xx.o
    0x080023b0   0x00000018   Code   RO         3371    i.USART1_IRQHandler  stm32l0xx_it.o
    0x080023c8   0x00000018   Code   RO         3372    i.USART4_5_IRQHandler  stm32l0xx_it.o
    0x080023e0   0x00000064   Code   RO         3846    i._Z10ADC_EnableP17ADC_HandleTypeDef  stm32l0xx_hal_adc.o
    0x08002444   0x0000002c   Code   RO         8920    i._Z10calc_crc_wtht  crc16_sf.o
    0x08002470   0x000000bc   Code   RO            3    i._Z10vTheadMainPv  main.o
    0x0800252c   0x00000060   Code   RO         3847    i._Z11ADC_DisableP17ADC_HandleTypeDef  stm32l0xx_hal_adc.o
    0x0800258c   0x00000044   Code   RO         3282    i._Z11prvHeapInitv  heap_4.o
    0x080025d0   0x0000006c   Code   RO         2725    i._Z11prvIdleTaskPv  tasks.o
    0x0800263c   0x000000b8   Code   RO         1060    i._Z11ui_disp_offv  ui.o
    0x080026f4   0x00000080   Code   RO         1061    i._Z11ui_mf_2_strPhP11uiFloat32_thh  ui.o
    0x08002774   0x000000c0   Code   RO          651    i._Z11vTheadEventPv  m_event.o
    0x08002834   0x00000088   Code   RO         9564    i._Z12__hal_fi_off18__OVERAGE_VM_STATE  data-protocol-ex.o
    0x080028bc   0x00000068   Code   RO          652    i._Z12flow_processv  m_event.o
    0x08002924   0x00000030   Code   RO          653    i._Z12flow_warningv  m_event.o
    0x08002954   0x00000044   Code   RO            4    i._Z12init_rtc_x_xv  main.o
    0x08002998   0x0000000c   Code   RO         1939    i._Z13inHandlerModev  cmsis_os.o
    0x080029a4   0x00000002   Code   RO         1577    i._Z13vTheadCoapPsmPv  m-nb-module.o
    0x080029a6   0x00000018   Code   RO          654    i._Z14buzzer_beap_mst  m_event.o
    0x080029be   0x00000002   PAD
    0x080029c0   0x00000080   Code   RO         1461    i._Z14m_flow_calc_mmv  flow-ex.o
    0x08002a40   0x0000006a   Code   RO         2534    i._Z14prvUnlockQueueP15QueueDefinition  queue.o
    0x08002aaa   0x00000002   PAD
    0x08002aac   0x0000008c   Code   RO          655    i._Z14szrq_fi_freezev  m_event.o
    0x08002b38   0x00000038   Code   RO          656    i._Z14szrq_fi_reportv  m_event.o
    0x08002b70   0x00000030   Code   RO          657    i._Z14vTheadFlowPulsPv  m_event.o
    0x08002ba0   0x0000002c   Code   RO          658    i._Z14valve_ulock_fiv  m_event.o
    0x08002bcc   0x00000024   Code   RO         8047    i._Z15UART_Receive_ITP18UART_HandleTypeDef  m_uart.o
    0x08002bf0   0x00000064   Code   RO         9565    i._Z15__hal_cal_pricePbPiPh  data-protocol-ex.o
    0x08002c54   0x0000004c   Code   RO         1462    i._Z15m_flow_calc_dayv  flow-ex.o
    0x08002ca0   0x00000048   Code   RO          659    i._Z15szrq_fi_collectv  m_event.o
    0x08002ce8   0x00000034   Code   RO         1062    i._Z15ui_disp_menu_idv  ui.o
    0x08002d1c   0x00000028   Code   RO         1063    i._Z15ui_disp_menu_irv  ui.o
    0x08002d44   0x000000f0   Code   RO         1064    i._Z15ui_disp_menu_qnv  ui.o
    0x08002e34   0x0000002c   Code   RO         9566    i._Z15vThreadDataSavePv  data-protocol-ex.o
    0x08002e60   0x00000044   Code   RO         4243    i._Z16NVIC_SetPriority9IRQn_Typej  stm32l0xx_hal_cortex.o
    0x08002ea4   0x0000006e   Code   RO         6997    i._Z16UART_Transmit_ITP18UART_HandleTypeDef  stm32l0xx_hal_uart.o
    0x08002f12   0x00000002   PAD
    0x08002f14   0x0000003c   Code   RO         1463    i._Z16m_flow_calc_hourv  flow-ex.o
    0x08002f50   0x0000009c   Code   RO         1464    i._Z16m_flow_data_initv  flow-ex.o
    0x08002fec   0x0000003c   Code   RO         8538    i._Z16m_lcd_class_initv  m_lcd_hal.o
    0x08003028   0x00000030   Code   RO         3075    i._Z16prvTaskExitErrorv  port.o
    0x08003058   0x00000068   Code   RO         1065    i._Z16ui_disp_menu_YMDv  ui.o
    0x080030c0   0x00000078   Code   RO         1066    i._Z16ui_disp_menu_hmsv  ui.o
    0x08003138   0x0000008c   Code   RO         1067    i._Z16ui_disp_menu_verv  ui.o
    0x080031c4   0x00000070   Code   RO         9567    i._Z17__hal_fi_off_redo18__OVERAGE_VM_STATE  data-protocol-ex.o
    0x08003234   0x0000006a   Code   RO         1068    i._Z17__int32_2_mflot32iP11uiFloat32_ttt  ui.o
    0x0800329e   0x00000002   PAD
    0x080032a0   0x000000d8   Code   RO          660    i._Z17event_ste_processv  m_event.o
    0x08003378   0x0000008c   Code   RO         1070    i._Z17ui_disp_menu_ccidv  ui.o
    0x08003404   0x00000064   Code   RO         1071    i._Z17ui_disp_menu_dlcsv  ui.o
    0x08003468   0x00000064   Code   RO         1072    i._Z17ui_disp_menu_homev  ui.o
    0x080034cc   0x00000070   Code   RO         1073    i._Z17ui_disp_menu_imeiv  ui.o
    0x0800353c   0x000000cc   Code   RO         1074    i._Z17ui_disp_menu_rssiv  ui.o
    0x08003608   0x0000004c   Code   RO         1075    i._Z17ui_disp_overage_mv  ui.o
    0x08003654   0x00000030   Code   RO         1076    i._Z17ui_disp_overage_vv  ui.o
    0x08003684   0x00000044   Code   RO         1077    i._Z17ui_disp_pay_valuev  ui.o
    0x080036c8   0x00000052   Code   RO         3850    i._Z18ADC_ConversionStopP17ADC_HandleTypeDef  stm32l0xx_hal_adc.o
    0x0800371a   0x00000002   PAD
    0x0800371c   0x00000078   Code   RO         4600    i._Z18FLASH_SetErrorCodev  stm32l0xx_hal_flash.o
    0x08003794   0x000000ec   Code   RO         9568    i._Z18__hal_sysdata_savev  data-protocol-ex.o
    0x08003880   0x00000058   Code   RO         7363    i._Z18m_clock_enable_hsiv  m_clock_config.o
    0x080038d8   0x00000008   Code   RO         7932    i._Z18m_rtc_error_handlev  m_rtc.o
    0x080038e0   0x00000076   Code   RO         2535    i._Z18prvCopyDataToQueueP15QueueDefinitionPKvl  queue.o
    0x08003956   0x00000002   PAD
    0x08003958   0x0000002c   Code   RO         1078    i._Z18ui_disp_menu_pricev  ui.o
    0x08003984   0x0000011c   Code   RO         1079    i._Z18ui_disp_off_reasonv  ui.o
    0x08003aa0   0x00000026   Code   RO         7001    i._Z19UART_EndTransmit_ITP18UART_HandleTypeDef  stm32l0xx_hal_uart.o
    0x08003ac6   0x00000002   PAD
    0x08003ac8   0x0000004c   Code   RO         9569    i._Z19__hal_cal_overage_mv  data-protocol-ex.o
    0x08003b14   0x00000030   Code   RO         9570    i._Z19__hal_cal_overage_vv  data-protocol-ex.o
    0x08003b44   0x000000d8   Code   RO          662    i._Z19event_alarm_processv  m_event.o
    0x08003c1c   0x00000008   Code   RO         8727    i._Z19m_adc_error_handlerv  m_adc.o
    0x08003c24   0x00000032   Code   RO         7364    i._Z19m_clock_disable_hsiv  m_clock_config.o
    0x08003c56   0x00000002   PAD
    0x08003c58   0x00000010   Code   RO         7365    i._Z19m_clock_disable_msiv  m_clock_config.o
    0x08003c68   0x00000024   Code   RO         3076    i._Z19xPortSysTickHandlerv  port.o
    0x08003c8c   0x00000024   Code   RO         3852    i._Z20ADC_DelayMicroSecondj  stm32l0xx_hal_adc.o
    0x08003cb0   0x00000074   Code   RO         8968    i._Z20__YYMMDD_to_int32daythh  time-stamp.o
    0x08003d24   0x00000020   Code   RO         8969    i._Z20__hhmmss_to_int32sechhh  time-stamp.o
    0x08003d44   0x00000024   Code   RO         8971    i._Z20dt_format_bcd_to_hexP13sysDataTime_t  time-stamp.o
    0x08003d68   0x00000018   Code   RO          664    i._Z20event_process_unlockv  m_event.o
    0x08003d80   0x00000028   Code   RO            6    i._Z20m_thread_create_mainv  main.o
    0x08003da8   0x0000000c   Code   RO         1941    i._Z20makeFreeRtosPriority10osPriority  cmsis_os.o
    0x08003db4   0x00000026   Code   RO         2536    i._Z20prvCopyDataFromQueueP15QueueDefinitionPv  queue.o
    0x08003dda   0x00000002   PAD
    0x08003ddc   0x00000070   Code   RO         1080    i._Z20ui_disp_menu_balancev  ui.o
    0x08003e4c   0x00000078   Code   RO         9572    i._Z21__hal_cal_warning_offv  data-protocol-ex.o
    0x08003ec4   0x0000001c   Code   RO          666    i._Z21app_valve_on_msg_sendv  m_event.o
    0x08003ee0   0x00000040   Code   RO          668    i._Z21event_rtc_date_time_xv  m_event.o
    0x08003f20   0x000000a8   Code   RO          669    i._Z21event_rtc_process_secv  m_event.o
    0x08003fc8   0x0000001c   Code   RO          670    i._Z22app_valve_off_msg_sendv  m_event.o
    0x08003fe4   0x000000c4   Code   RO          671    i._Z22event_key_down_processv  m_event.o
    0x080040a8   0x000000a4   Code   RO         1466    i._Z22m_flow_no_flow_protectv  flow-ex.o
    0x0800414c   0x00000028   Code   RO         2726    i._Z22prvGetExpectedIdleTimev  tasks.o
    0x08004174   0x00000028   Code   RO         1082    i._Z22ui_disp_buy_gas_promptv  ui.o
    0x0800419c   0x00000018   Code   RO         1083    i._Z22ui_disp_seg_shell_openv  ui.o
    0x080041b4   0x00000030   Code   RO         9573    i._Z23__hal_calc_total_volumev  data-protocol-ex.o
    0x080041e4   0x00000088   Code   RO          673    i._Z23even_key_down_super_payv  m_event.o
    0x0800426c   0x00000018   Code   RO          674    i._Z23even_send_msg_to_rf_offv  m_event.o
    0x08004284   0x00000014   Code   RO          675    i._Z23event_rtc_change_minutev  m_event.o
    0x08004298   0x00000070   Code   RO            7    i._Z23pre_star_thread_main_00v  main.o
    0x08004308   0x00000024   Code   RO            8    i._Z23pre_star_thread_main_01v  main.o
    0x0800432c   0x0000002c   Code   RO         1084    i._Z23ui_disp_menu_totale_volv  ui.o
    0x08004358   0x00000018   Code   RO         9575    i._Z24__hal_cal_get_flow_pulsev  data-protocol-ex.o
    0x08004370   0x0000003a   Code   RO         1085    i._Z24__ui_disp_int32_to_floatih  ui.o
    0x080043aa   0x00000002   PAD
    0x080043ac   0x0000006c   Code   RO         1086    i._Z24__ui_disp_menu_home_mainv  ui.o
    0x08004418   0x00000050   Code   RO          679    i._Z24even_key_down_connect_irv  m_event.o
    0x08004468   0x00000078   Code   RO          680    i._Z24even_key_down_valve_ctrlv  m_event.o
    0x080044e0   0x00000048   Code   RO          681    i._Z24event_no_network_processv  m_event.o
    0x08004528   0x000000cc   Code   RO          683    i._Z24szrq_calc_next_report_tmv  m_event.o
    0x080045f4   0x00000030   Code   RO         1087    i._Z24ui_disp_menu_current_volv  ui.o
    0x08004624   0x0000002c   Code   RO         1088    i._Z24ui_disp_menu_szrq_ov_volv  ui.o
    0x08004650   0x00000048   Code   RO         1089    i._Z24ui_disp_seg_valve_statusv  ui.o
    0x08004698   0x00000040   Code   RO         9576    i._Z25__hal_cal_overage_v_for_mv  data-protocol-ex.o
    0x080046d8   0x00000050   Code   RO          684    i._Z25even_key_down_connect_udpv  m_event.o
    0x08004728   0x000000b0   Code   RO         1467    i._Z25m_flow_hight_flow_protectj  flow-ex.o
    0x080047d8   0x00000002   Code   RO         7602    i._Z25m_gpio_exti0_1_irqhandlerv  m_gpio_config.o
    0x080047da   0x00000002   PAD
    0x080047dc   0x00000078   Code   RO         7603    i._Z25m_gpio_exti2_3_irqhandlerv  m_gpio_config.o
    0x08004854   0x00000048   Code   RO          685    i._Z25szrq_calc_next_collect_tmv  m_event.o
    0x0800489c   0x0000004e   Code   RO         1090    i._Z25ui_disp_comm_rssi_segmenth  ui.o
    0x080048ea   0x00000002   PAD
    0x080048ec   0x0000002c   Code   RO         1091    i._Z25ui_disp_menu_szrq_balancev  ui.o
    0x08004918   0x0000004c   Code   RO         1092    i._Z26__ui_disp_menu_home_rf_endv  ui.o
    0x08004964   0x0000004c   Code   RO         1093    i._Z26__ui_disp_menu_home_rf_recv  ui.o
    0x080049b0   0x000000a0   Code   RO          686    i._Z26check_vavle_open_conditionv  m_event.o
    0x08004a50   0x00000010   Code   RO         1468    i._Z26m_flow_no_pulse_timer_initv  flow-ex.o
    0x08004a60   0x00000078   Code   RO         7604    i._Z26m_gpio_exti4_15_irqhandlerv  m_gpio_config.o
    0x08004ad8   0x0000002c   Code   RO         7842    i._Z26m_pre_pre_sleep_processingv  m_pwr_mng.o
    0x08004b04   0x0000004c   Code   RO         3283    i._Z26prvInsertBlockIntoFreeListP12A_BLOCK_LINK  heap_4.o
    0x08004b50   0x0000004c   Code   RO         1094    i._Z27__ui_disp_menu_home_rf_connv  ui.o
    0x08004b9c   0x0000004c   Code   RO         1095    i._Z27__ui_disp_menu_home_rf_sendv  ui.o
    0x08004be8   0x00000020   Code   RO         2729    i._Z27prvResetNextTaskUnblockTimev  tasks.o
    0x08004c08   0x0000004c   Code   RO         1096    i._Z28__ui_disp_menu_home_vavle_onv  ui.o
    0x08004c54   0x000000b0   Code   RO          689    i._Z28event_process_check_batterayv  m_event.o
    0x08004d04   0x00000008   Code   RO         7370    i._Z28m_clock_config_error_handlerv  m_clock_config.o
    0x08004d0c   0x00000040   Code   RO         8057    i._Z28m_lpusart1_received_msg_postv  m_uart.o
    0x08004d4c   0x00000074   Code   RO         1097    i._Z28ui_disp_comm_battery_segmentv  ui.o
    0x08004dc0   0x00000006   Code   RO            9    i._Z28vApplicationMallocFailedHookv  main.o
    0x08004dc6   0x00000002   PAD
    0x08004dc8   0x0000004c   Code   RO         1098    i._Z29__ui_disp_menu_home_vavle_offv  ui.o
    0x08004e14   0x00000030   Code   RO          691    i._Z29even_send_msg_to_rf_send_multv  m_event.o
    0x08004e44   0x00000048   Code   RO          692    i._Z29even_send_msg_to_rf_send_tempv  m_event.o
    0x08004e8c   0x00000018   Code   RO         1469    i._Z29m_flow_pulse_timer_table_initv  flow-ex.o
    0x08004ea4   0x00000014   Code   RO         8059    i._Z29m_usart1_se_received_msg_postv  m_uart.o
    0x08004eb8   0x00000006   Code   RO           10    i._Z29vApplicationStackOverflowHookPvPc  main.o
    0x08004ebe   0x00000002   PAD
    0x08004ec0   0x00000034   Code   RO         2730    i._Z30prvAddCurrentTaskToDelayedListj  tasks.o
    0x08004ef4   0x00000048   Code   RO          694    i._Z31even_send_msg_to_rf_send_singlev  m_event.o
    0x08004f3c   0x0000005c   Code   RO         2731    i._Z31prvCheckTasksWaitingTerminationv  tasks.o
    0x08004f98   0x00000034   Code   RO         8060    i._Z32m_lpusart1_received_err_callbackv  m_uart.o
    0x08004fcc   0x00000034   Code   RO         8061    i._Z32m_lpusart1_received_irq_callbackv  m_uart.o
    0x08005000   0x00000038   Code   RO         8062    i._Z32m_usart_se_received_irq_callbackv  m_uart.o
    0x08005038   0x00000020   Code   RO         8063    i._Z33m_usart1_se_received_err_callbackv  m_uart.o
    0x08005058   0x00000090   Code   RO          696    i._Z34event_key_down_process_menu_changev  m_event.o
    0x080050e8   0x00000024   Code   RO         9577    i._Z34fi_szrq_balance_off_vavle_close_env  data-protocol-ex.o
    0x0800510c   0x00000024   Code   RO         9578    i._Z39fi_szrq_balance_temp_off_vavle_close_env  data-protocol-ex.o
    0x08005130   0x00000024   Code   RO         9579    i._Z39fi_szrq_balance_warn_off_vavle_close_env  data-protocol-ex.o
    0x08005154   0x00000064   Code   RO         7933    i._Z9m_rtc_setP13sysDataTime_t  m_rtc.o
    0x080051b8   0x0000001a   Code   RO         1035    i.__ARM_common_switch8  m_event.o
    0x080051d2   0x00000002   PAD
    0x080051d4   0x00000044   Code   RO         9580    i.__hal_calc_all_redo  data-protocol-ex.o
    0x08005218   0x000000bc   Code   RO         9581    i.api_calc_all      data-protocol-ex.o
    0x080052d4   0x00000018   Code   RO         7934    i.api_rtc_set       m_rtc.o
    0x080052ec   0x0000003c   Code   RO         9583    i.api_sysdata_save  data-protocol-ex.o
    0x08005328   0x00000058   Code   RO         1373    i.app_valve_off     valve_api.o
    0x08005380   0x000000a4   Code   RO         1374    i.app_valve_on      valve_api.o
    0x08005424   0x00000014   Code   RO         8921    i.crc_append        crc16_sf.o
    0x08005438   0x0000002c   Code   RO         8922    i.crc_sum           crc16_sf.o
    0x08005464   0x0000002c   Code   RO         8924    i.crc_verify        crc16_sf.o
    0x08005490   0x00000030   Code   RO         2732    i.eTaskConfirmSleepModeStatus  tasks.o
    0x080054c0   0x0000001c   Code   RO          697    i.even_send_msg_to_start_rf  m_event.o
    0x080054dc   0x00000028   Code   RO          700    i.event_start_waite_power_up  m_event.o
    0x08005504   0x00000014   Code   RO         1099    i.fi_id_writed_in_dlcs_a  ui.o
    0x08005518   0x0000009c   Code   RO          435    i.freeze_item_save  data.o
    0x080055b4   0x00000040   Code   RO          439    i.freeze_part_init  data.o
    0x080055f4   0x00000048   Code   RO         1409    i.get_battary_rtadc  volt-dec.o
    0x0800563c   0x00000050   Code   RO         1410    i.get_internal_vref_rtadc  volt-dec.o
    0x0800568c   0x00000064   Code   RO         1411    i.get_power_status  volt-dec.o
    0x080056f0   0x00000028   Code   RO         8975    i.is_leap_year      time-stamp.o
    0x08005718   0x00000060   Code   RO         8728    i.m_adc_init        m_adc.o
    0x08005778   0x00000028   Code   RO         8729    i.m_adc_polling_read  m_adc.o
    0x080057a0   0x0000002c   Code   RO         8730    i.m_adc_start_conversion_first  m_adc.o
    0x080057cc   0x00000024   Code   RO         8731    i.m_adc_stop_conversion_first  m_adc.o
    0x080057f0   0x00000044   Code   RO         8593    i.m_buzzer_init     m_buzzer.o
    0x08005834   0x00000014   Code   RO         8594    i.m_buzzer_off      m_buzzer.o
    0x08005848   0x00000014   Code   RO         8595    i.m_buzzer_on       m_buzzer.o
    0x0800585c   0x00000032   Code   RO         7372    i.m_clock_config_enable_msi  m_clock_config.o
    0x0800588e   0x0000002e   Code   RO         7373    i.m_clock_select_msi  m_clock_config.o
    0x080058bc   0x00000048   Code   RO         7375    i.m_clock_set_system_clock_hsi  m_clock_config.o
    0x08005904   0x0000003c   Code   RO         7376    i.m_clock_set_system_clock_msi  m_clock_config.o
    0x08005940   0x00000064   Code   RO         7574    i.m_flash_write_eeprom  m_flash.o
    0x080059a4   0x00000030   Code   RO         1470    i.m_flow_all_data_init  flow-ex.o
    0x080059d4   0x00000048   Code   RO         1471    i.m_flow_calc_second  flow-ex.o
    0x08005a1c   0x00000050   Code   RO         1472    i.m_flow_process_ex  flow-ex.o
    0x08005a6c   0x0000003c   Code   RO         1473    i.m_flow_pulse_timer_table_push  flow-ex.o
    0x08005aa8   0x00000014   Code   RO         7605    i.m_gpio_config_adcin11  m_gpio_config.o
    0x08005abc   0x00000020   Code   RO         7606    i.m_gpio_config_ain_leak_disable  m_gpio_config.o
    0x08005adc   0x00000020   Code   RO         7607    i.m_gpio_config_ain_leak_enable  m_gpio_config.o
    0x08005afc   0x00000018   Code   RO         7608    i.m_gpio_config_alarm  m_gpio_config.o
    0x08005b14   0x00000014   Code   RO         7609    i.m_gpio_config_alarm_dect  m_gpio_config.o
    0x08005b28   0x00000010   Code   RO         7610    i.m_gpio_config_alarm_irq_disable  m_gpio_config.o
    0x08005b38   0x00000010   Code   RO         7611    i.m_gpio_config_alarm_irq_re_enable  m_gpio_config.o
    0x08005b48   0x00000010   Code   RO         7613    i.m_gpio_config_flow_irq_disable  m_gpio_config.o
    0x08005b58   0x00000010   Code   RO         7614    i.m_gpio_config_flow_irq_re_enable  m_gpio_config.o
    0x08005b68   0x00000018   Code   RO         7615    i.m_gpio_config_flow_pin  m_gpio_config.o
    0x08005b80   0x00000018   Code   RO         7616    i.m_gpio_config_key0_irq  m_gpio_config.o
    0x08005b98   0x00000010   Code   RO         7617    i.m_gpio_config_key0_irq_disable  m_gpio_config.o
    0x08005ba8   0x00000010   Code   RO         7618    i.m_gpio_config_key0_irq_re_enable  m_gpio_config.o
    0x08005bb8   0x00000094   Code   RO         8540    i.m_gpio_config_lcd  m_lcd_hal.o
    0x08005c4c   0x00000014   Code   RO         7619    i.m_gpio_config_shell_open  m_gpio_config.o
    0x08005c60   0x00000018   Code   RO         7620    i.m_gpio_config_ste  m_gpio_config.o
    0x08005c78   0x00000010   Code   RO         7621    i.m_gpio_config_ste_irq_disable  m_gpio_config.o
    0x08005c88   0x00000010   Code   RO         7622    i.m_gpio_config_ste_irq_re_enable  m_gpio_config.o
    0x08005c98   0x00000020   Code   RO         7623    i.m_gpio_config_vavle  m_gpio_config.o
    0x08005cb8   0x00000014   Code   RO         7625    i.m_gpio_exti2_3_enable  m_gpio_config.o
    0x08005ccc   0x00000014   Code   RO         7627    i.m_gpio_exti4_15_enable  m_gpio_config.o
    0x08005ce0   0x00000090   Code   RO         7628    i.m_gpio_into_lpw   m_gpio_config.o
    0x08005d70   0x000000c8   Code   RO         7631    i.m_gpio_set_mode   m_gpio_config.o
    0x08005e38   0x0000000e   Code   RO         7632    i.m_gpio_write      m_gpio_config.o
    0x08005e46   0x00000002   PAD
    0x08005e48   0x00000018   Code   RO         8406    i.m_lcd_all_off     m_lcd.o
    0x08005e60   0x00000018   Code   RO         8407    i.m_lcd_all_on      m_lcd.o
    0x08005e78   0x0000002c   Code   RO         8411    i.m_lcd_disp_dig    m_lcd.o
    0x08005ea4   0x00000028   Code   RO         8412    i.m_lcd_disp_dp     m_lcd.o
    0x08005ecc   0x00000024   Code   RO         8413    i.m_lcd_disp_seg    m_lcd.o
    0x08005ef0   0x00000044   Code   RO         8414    i.m_lcd_disp_str    m_lcd.o
    0x08005f34   0x00000008   Code   RO         8416    i.m_lcd_init        m_lcd.o
    0x08005f3c   0x0000001c   Code   RO         8418    i.m_lcd_ram_set     m_lcd.o
    0x08005f58   0x00000010   Code   RO         8419    i.m_lcd_refresh     m_lcd.o
    0x08005f68   0x00000034   Code   RO         8064    i.m_lpusart1_deinit  m_uart.o
    0x08005f9c   0x00000024   Code   RO         8068    i.m_lpusart1_idle_time_hook  m_uart.o
    0x08005fc0   0x00000012   Code   RO         9073    i.m_math_pow        m_string.o
    0x08005fd2   0x00000014   Code   RO         9074    i.m_mem_cpy         m_string.o
    0x08005fe6   0x00000014   Code   RO         9075    i.m_mem_cpy_len     m_string.o
    0x08005ffa   0x00000012   Code   RO         9076    i.m_mem_set         m_string.o
    0x0800600c   0x0000002c   Code   RO         7843    i.m_pre_pre_stop_processing  m_pwr_mng.o
    0x08006038   0x00000030   Code   RO         8353    i.m_rng_generation  m_rng.o
    0x08006068   0x0000002c   Code   RO         8354    i.m_rng_init        m_rng.o
    0x08006094   0x00000010   Code   RO         8355    i.m_rng_reinit      m_rng.o
    0x080060a4   0x00000010   Code   RO         7936    i.m_rtc_disable_wakeup  m_rtc.o
    0x080060b4   0x00000014   Code   RO         7937    i.m_rtc_enable_wakeup  m_rtc.o
    0x080060c8   0x00000058   Code   RO         7938    i.m_rtc_get         m_rtc.o
    0x08006120   0x00000044   Code   RO         7939    i.m_rtc_init        m_rtc.o
    0x08006164   0x0000000c   Code   RO         7940    i.m_soft_wdg_clr    m_rtc.o
    0x08006170   0x0000001e   Code   RO         9081    i.m_str_cpy         m_string.o
    0x0800618e   0x00000002   PAD
    0x08006190   0x00000028   Code   RO          702    i.m_thread_create_event  m_event.o
    0x080061b8   0x00000034   Code   RO          703    i.m_thread_create_flow_puls  m_event.o
    0x080061ec   0x00000028   Code   RO         1619    i.m_thread_create_nb_udp  m-nb-module.o
    0x08006214   0x00000040   Code   RO         9584    i.m_thread_create_sysdata  data-protocol-ex.o
    0x08006254   0x00000024   Code   RO         8079    i.m_usart1_se_idle_time_hook  m_uart.o
    0x08006278   0x0000004c   Code   RO           14    i.main              main.o
    0x080062c4   0x0000001c   Code   RO         7844    i.mcu_error_reset   m_pwr_mng.o
    0x080062e0   0x00000010   Code   RO         1942    i.osDelay           cmsis_os.o
    0x080062f0   0x00000016   Code   RO         1946    i.osKernelSysTick   cmsis_os.o
    0x08006306   0x0000000c   Code   RO         1953    i.osMessageCreate   cmsis_os.o
    0x08006312   0x00000002   PAD
    0x08006314   0x00000090   Code   RO         1954    i.osMessageGet      cmsis_os.o
    0x080063a4   0x00000058   Code   RO         1956    i.osMessagePut      cmsis_os.o
    0x080063fc   0x0000000a   Code   RO         1957    i.osMutexCreate     cmsis_os.o
    0x08006406   0x00000002   PAD
    0x08006408   0x0000004c   Code   RO         1959    i.osMutexRelease    cmsis_os.o
    0x08006454   0x00000068   Code   RO         1960    i.osMutexWait       cmsis_os.o
    0x080064bc   0x00000050   Code   RO         1972    i.osSignalSet       cmsis_os.o
    0x0800650c   0x0000005e   Code   RO         1973    i.osSignalWait      cmsis_os.o
    0x0800656a   0x00000010   Code   RO         1974    i.osSystickHandler  cmsis_os.o
    0x0800657a   0x00000038   Code   RO         1975    i.osThreadCreate    cmsis_os.o
    0x080065b2   0x00000008   Code   RO         1976    i.osThreadGetId     cmsis_os.o
    0x080065ba   0x00000002   PAD
    0x080065bc   0x00000068   Code   RO         7846    i.prvSetupTimerInterrupt  m_pwr_mng.o
    0x08006624   0x000000f4   Code   RO         3284    i.pvPortMalloc      heap_4.o
    0x08006718   0x00000018   Code   RO         2733    i.pvTaskIncrementMutexHeldCount  tasks.o
    0x08006730   0x00000020   Code   RO         3078    i.pxPortInitialiseStack  port.o
    0x08006750   0x00000058   Code   RO         9465    i.qc_data_clear_sysdata_to_dcls_b  15e-data-protocol.o
    0x080067a8   0x00000014   Code   RO         9466    i.qc_data_device_even_lock_clear  15e-data-protocol.o
    0x080067bc   0x00000018   Code   RO          440    i.qc_data_mutex_create  data.o
    0x080067d4   0x00000008   Code   RO          441    i.qc_data_read_from_media  data.o
    0x080067dc   0x00000018   Code   RO         9467    i.qc_data_realtime_data_clear  15e-data-protocol.o
    0x080067f4   0x000000e8   Code   RO          443    i.qc_data_sysdata_init  data.o
    0x080068dc   0x00000064   Code   RO          444    i.qc_data_sysdata_set_default  data.o
    0x08006940   0x00000008   Code   RO          446    i.qc_data_write_to_media  data.o
    0x08006948   0x00000040   Code   RO          450    i.rf_send_fifo_init  data.o
    0x08006988   0x000000b4   Code   RO          451    i.rf_send_fifo_push  data.o
    0x08006a3c   0x00000030   Code   RO         8976    i.system_dt_to_time_stamp  time-stamp.o
    0x08006a6c   0x00000018   Code   RO          452    i.szrq_item_get_num  data.o
    0x08006a84   0x000000a0   Code   RO          455    i.szrq_item_save    data.o
    0x08006b24   0x00000028   Code   RO          457    i.szrq_part_format  data.o
    0x08006b4c   0x00000024   Code   RO         1100    i.ui_disp_device_ver  ui.o
    0x08006b70   0x00000104   Code   RO         1101    i.ui_disp_menu      ui.o
    0x08006c74   0x00000024   Code   RO         2477    i.uxListRemove      list.o
    0x08006c98   0x00000016   Code   RO         3079    i.vAssertCalled     port.o
    0x08006cae   0x00000016   Code   RO         2478    i.vListInitialise   list.o
    0x08006cc4   0x00000006   Code   RO         2479    i.vListInitialiseItem  list.o
    0x08006cca   0x00000030   Code   RO         2480    i.vListInsert       list.o
    0x08006cfa   0x00000018   Code   RO         2481    i.vListInsertEnd    list.o
    0x08006d12   0x00000002   PAD
    0x08006d14   0x00000018   Code   RO         3081    i.vPortEnterCritical  port.o
    0x08006d2c   0x0000003c   Code   RO         3082    i.vPortExitCritical  port.o
    0x08006d68   0x00000080   Code   RO         3285    i.vPortFree         heap_4.o
    0x08006de8   0x00000198   Code   RO         7847    i.vPortSuppressTicksAndSleep  m_pwr_mng.o
    0x08006f80   0x00000018   Code   RO         3084    i.vPortYield        port.o
    0x08006f98   0x00000060   Code   RO         2741    i.vTaskDelay        tasks.o
    0x08006ff8   0x0000000c   Code   RO         2744    i.vTaskMissedYield  tasks.o
    0x08007004   0x00000068   Code   RO         2746    i.vTaskPlaceOnEventList  tasks.o
    0x0800706c   0x00000064   Code   RO         2748    i.vTaskPriorityInherit  tasks.o
    0x080070d0   0x0000003c   Code   RO         2752    i.vTaskSetTimeOutState  tasks.o
    0x0800710c   0x0000006c   Code   RO         2753    i.vTaskStartScheduler  tasks.o
    0x08007178   0x00000044   Code   RO         2754    i.vTaskStepTick     tasks.o
    0x080071bc   0x00000010   Code   RO         2756    i.vTaskSuspendAll   tasks.o
    0x080071cc   0x00000094   Code   RO         2757    i.vTaskSwitchContext  tasks.o
    0x08007260   0x00000038   Code   RO         1375    i.vavle_off_for_start  valve_api.o
    0x08007298   0x00000048   Code   RO          704    i.vavle_off_from_app  m_event.o
    0x080072e0   0x00000020   Code   RO          705    i.vavle_on_from_app  m_event.o
    0x08007300   0x00000030   Code   RO         3085    i.xPortStartScheduler  port.o
    0x08007330   0x00000074   Code   RO         2547    i.xQueueCreateMutex  queue.o
    0x080073a4   0x0000007c   Code   RO         2548    i.xQueueGenericCreate  queue.o
    0x08007420   0x00000174   Code   RO         2549    i.xQueueGenericReceive  queue.o
    0x08007594   0x0000008c   Code   RO         2550    i.xQueueGenericReset  queue.o
    0x08007620   0x00000150   Code   RO         2551    i.xQueueGenericSend  queue.o
    0x08007770   0x000000b0   Code   RO         2552    i.xQueueGenericSendFromISR  queue.o
    0x08007820   0x000000a4   Code   RO         2553    i.xQueueGiveFromISR  queue.o
    0x080078c4   0x00000098   Code   RO         2558    i.xQueueReceiveFromISR  queue.o
    0x0800795c   0x00000080   Code   RO         2758    i.xTaskCheckForTimeOut  tasks.o
    0x080079dc   0x000001bc   Code   RO         2759    i.xTaskGenericCreate  tasks.o
    0x08007b98   0x000000d0   Code   RO         2760    i.xTaskGenericNotify  tasks.o
    0x08007c68   0x0000000c   Code   RO         2761    i.xTaskGetCurrentTaskHandle  tasks.o
    0x08007c74   0x00000020   Code   RO         2762    i.xTaskGetSchedulerState  tasks.o
    0x08007c94   0x0000000c   Code   RO         2763    i.xTaskGetTickCount  tasks.o
    0x08007ca0   0x0000000c   Code   RO         2764    i.xTaskGetTickCountFromISR  tasks.o
    0x08007cac   0x000000e4   Code   RO         2765    i.xTaskIncrementTick  tasks.o
    0x08007d90   0x000000dc   Code   RO         2766    i.xTaskNotifyFromISR  tasks.o
    0x08007e6c   0x00000098   Code   RO         2767    i.xTaskNotifyWait   tasks.o
    0x08007f04   0x00000094   Code   RO         2768    i.xTaskPriorityDisinherit  tasks.o
    0x08007f98   0x0000008c   Code   RO         2769    i.xTaskRemoveFromEventList  tasks.o
    0x08008024   0x000000c8   Code   RO         2771    i.xTaskResumeAll    tasks.o
    0x080080ec   0x000000b0   Code   RO        10349    x$fpl$fmul          fz_ps.l(fmul.o)
    0x0800819c   0x00000000   Code   RO        10358    x$fpl$usenofp       fz_ps.l(usenofp.o)
    0x0800819c   0x00000014   Data   RO           27    .constdata          main.o
    0x080081b0   0x00000030   Data   RO          761    .constdata          m_event.o
    0x080081e0   0x00000011   Data   RO         1145    .constdata          ui.o
    0x080081f1   0x0000000d   Data   RO         1146    .constdata          ui.o
    0x080081fe   0x0000000b   Data   RO         1148    .constdata          ui.o
    0x08008209   0x0000000e   Data   RO         1149    .constdata          ui.o
    0x08008217   0x00000001   PAD
    0x08008218   0x00000014   Data   RO         1675    .constdata          m-nb-module.o
    0x0800822c   0x00000019   Data   RO         3581    .constdata          system_stm32l0xx.o
    0x08008245   0x00000010   Data   RO         5419    .constdata          stm32l0xx_hal_rcc.o
    0x08008255   0x00000063   Data   RO         8437    .constdata          m_lcd.o
    0x080082b8   0x00000020   Data   RO         8990    .constdata          time-stamp.o
    0x080082d8   0x000000a0   Data   RO         9113    .constdata          m_string.o
    0x08008378   0x00000064   Data   RO         9114    .constdata          m_string.o
    0x080083dc   0x00000180   Data   RO         9480    .constdata          15e-data-protocol.o
    0x0800855c   0x00000024   Data   RO         9606    .constdata          data-protocol-ex.o
    0x08008580   0x00000040   Data   RO        10341    .constdata          fz_ps.l(fdiv.o)
    0x080085c0   0x0000000a   Data   RO           28    .conststring        main.o
    0x080085ca   0x00000002   PAD
    0x080085cc   0x0000001b   Data   RO          762    .conststring        m_event.o
    0x080085e7   0x00000001   PAD
    0x080085e8   0x0000000a   Data   RO         1676    .conststring        m-nb-module.o
    0x080085f2   0x00000002   PAD
    0x080085f4   0x0000000f   Data   RO         9607    .conststring        data-protocol-ex.o
    0x08008603   0x00000001   PAD
    0x08008604   0x00000020   Data   RO        10519    Region$$Table       anon$$obj.o


    Execution Region RW_IRAM1 (Base: 0x20000000, Size: 0x00004110, Max: 0x00005000, ABSOLUTE, COMPRESSED[0x00000040])

    Base Addr    Size         Type   Attr      Idx    E Section Name        Object

    0x20000000   0x00000004   Data   RW           29    .data               main.o
    0x20000004   0x00000004   Data   RW          487    .data               data.o
    0x20000008   0x00000004   Data   RW          488    .data               data.o
    0x2000000c   0x00000004   Data   RW          489    .data               data.o
    0x20000010   0x00000040   Data   RW          763    .data               m_event.o
    0x20000050   0x00000001   Data   RW          764    .data               m_event.o
    0x20000051   0x00000001   Data   RW          765    .data               m_event.o
    0x20000052   0x00000002   Data   RW         1150    .data               ui.o
    0x20000054   0x00000001   Data   RW         1417    .data               volt-dec.o
    0x20000055   0x00000004   Data   RW         1418    .data               volt-dec.o
    0x20000059   0x00000003   PAD
    0x2000005c   0x00000010   Data   RW         1419    .data               volt-dec.o
    0x2000006c   0x0000003c   Data   RW         1489    .data               flow-ex.o
    0x200000a8   0x00000028   Data   RW         1677    .data               m-nb-module.o
    0x200000d0   0x00000001   Data   RW         1678    .data               m-nb-module.o
    0x200000d1   0x00000003   PAD
    0x200000d4   0x00000038   Data   RW         2822    .data               tasks.o
    0x2000010c   0x00000010   Data   RW         3098    .data               port.o
    0x2000011c   0x00000018   Data   RW         3297    .data               heap_4.o
    0x20000134   0x00000004   Data   RW         3582    .data               system_stm32l0xx.o
    0x20000138   0x00000004   Data   RW         3669    .data               stm32l0xx_hal.o
    0x2000013c   0x0000000a   Data   RW         7956    .data               m_rtc.o
    0x20000146   0x00000002   PAD
    0x20000148   0x00000010   Data   RW         8127    .data               m_uart.o
    0x20000158   0x00000002   Data   RW         8438    .data               m_lcd.o
    0x2000015a   0x00000002   PAD
    0x2000015c   0x00000004   Data   RW         9482    .data               15e-data-protocol.o
    0x20000160   0x00000004   Data   RW         9484    .data               15e-data-protocol.o
    0x20000164   0x00000004   Data   RW         9485    .data               15e-data-protocol.o
    0x20000168   0x00000010   Data   RW         9486    .data               15e-data-protocol.o
    0x20000178   0x00000001   Data   RW         9487    .data               15e-data-protocol.o
    0x20000179   0x00000003   PAD
    0x2000017c   0x00000004   Data   RW         9488    .data               15e-data-protocol.o
    0x20000180   0x00000004   Data   RW         9489    .data               15e-data-protocol.o
    0x20000184   0x00000001   Data   RW         9490    .data               15e-data-protocol.o
    0x20000185   0x00000001   Data   RW         9491    .data               15e-data-protocol.o
    0x20000186   0x00000001   Data   RW         9492    .data               15e-data-protocol.o
    0x20000187   0x00000001   Data   RW         9494    .data               15e-data-protocol.o
    0x20000188   0x00000004   Data   RW         9495    .data               15e-data-protocol.o
    0x2000018c   0x0000000c   Data   RW         9608    .data               data-protocol-ex.o
    0x20000198   0x00000010   Zero   RW         1144    .bss                ui.o
    0x200001a8   0x00000138   Zero   RW         1487    .bss                flow-ex.o
    0x200002e0   0x00000135   Zero   RW         1673    .bss                m-nb-module.o
    0x20000415   0x00000003   PAD
    0x20000418   0x000000f0   Zero   RW         2821    .bss                tasks.o
    0x20000508   0x00003000   Zero   RW         3296    .bss                heap_4.o
    0x20003508   0x00000024   Zero   RW         3392    .bss                stm32l0xx_it.o
    0x2000352c   0x00000018   Zero   RW         4615    .bss                stm32l0xx_hal_flash.o
    0x20003544   0x00000024   Zero   RW         7954    .bss                m_rtc.o
    0x20003568   0x000002e0   Zero   RW         8125    .bss                m_uart.o
    0x20003848   0x0000000c   Zero   RW         8361    .bss                m_rng.o
    0x20003854   0x0000003c   Zero   RW         8436    .bss                m_lcd.o
    0x20003890   0x00000060   Zero   RW         8738    .bss                m_adc.o
    0x200038f0   0x00000180   Zero   RW         9477    .bss                15e-data-protocol.o
    0x20003a70   0x00000240   Zero   RW         9478    .bss                15e-data-protocol.o
    0x20003cb0   0x00000060   Zero   RW        10392    .bss                c_p.l(libspace.o)
    0x20003d10   0x00000200   Zero   RW         3348    HEAP                startup_stm32l073xx.o
    0x20003f10   0x00000200   Zero   RW         3347    STACK               startup_stm32l073xx.o


==============================================================================

Image component sizes


      Code (inc. data)   RO Data    RW Data    ZI Data      Debug   Object Name

       132         18        384         45        960       9882   15e-data-protocol.o
       750         28          0          0          0      24510   cmsis_os.o
       152          8          0          0          0       5681   crc16_sf.o
         0          0          0          0          0      10632   croutine.o
      1496        240         51         12          0      23226   data-protocol-ex.o
      1060        120          0         12          0       9928   data.o
      1060        136          0         60        312       8751   flow-ex.o
       516         92          0         24      12288       3775   heap_4.o
       136          0          0          0          0       9970   list.o
        42         10         30         41        309       5447   m-nb-module.o
       248         44          0          0         96       3527   m_adc.o
       108         20          0          0          0     161215   m_buzzer.o
       434         26          0          0          0     203016   m_clock_config.o
      3438        510         75         66          0      23304   m_event.o
       100          8          0          0          0       1287   m_flash.o
      1020        178          0          0          0      13498   m_gpio_config.o
       288         42         99          2         60       5326   m_lcd.o
       240         42          0          0          0       2057   m_lcd_hal.o
       700         76          0          0          0      12300   m_pwr_mng.o
       292         26          0          0         12       3277   m_rng.o
       524         72          0         10         36       5959   m_rtc.o
       106          0        260          0          0       3310   m_string.o
       604        116          0         16        736       8631   m_uart.o
       532         70         30          4          0     197935   main.o
       294         82          0         16          0       7689   port.o
       108          6          0          0          0        540   port_1.o
      1842        250          0          0          0      14384   queue.o
        64         28        192          0       1024        680   startup_stm32l073xx.o
         0          0          0          4          0        921   stm32l0xx_hal.o
      1334         30          0          0          0       9451   stm32l0xx_hal_adc.o
       142          0          0          0          0       1322   stm32l0xx_hal_adc_ex.o
        74          8          0          0          0       1633   stm32l0xx_hal_comp.o
       116         20          0          0          0      10326   stm32l0xx_hal_cortex.o
       328         46          0          0         24       5049   stm32l0xx_hal_flash.o
       588         62          0          0          0       2494   stm32l0xx_hal_gpio.o
       376          6          0          0          0       2571   stm32l0xx_hal_lcd.o
       116         22          0          0          0       1616   stm32l0xx_hal_pwr.o
        32          8          0          0          0        937   stm32l0xx_hal_pwr_ex.o
      1554         82         16          0          0       5302   stm32l0xx_hal_rcc.o
       408         12          0          0          0       1504   stm32l0xx_hal_rcc_ex.o
       208          0          0          0          0       2423   stm32l0xx_hal_rng.o
       758         16          0          0          0       5324   stm32l0xx_hal_rtc.o
       398         12          0          0          0       2706   stm32l0xx_hal_rtc_ex.o
       424          0          0          0          0       3113   stm32l0xx_hal_uart.o
         2          0          0          0          0        988   stm32l0xx_hal_uart_ex.o
       240         44          0          0         36     282662   stm32l0xx_it.o
        84         18         25          4          0       1121   system_stm32l0xx.o
      3044        704          0         56        240      22857   tasks.o
       272         14         32          0          0       7187   time-stamp.o
      3850       1010         55          2         16      23188   ui.o
       308         34          0          0          0       1621   valve_api.o
       252         42          0         21          0       2639   volt-dec.o

    ----------------------------------------------------------------------
     31256       4438       1288        408      16152    1178692   Object Totals
         0          0         32          0          0          0   (incl. Generated)
        62          0          7         13          3          0   (incl. Padding)

    ----------------------------------------------------------------------

      Code (inc. data)   RO Data    RW Data    ZI Data      Debug   Library Member Name

        58          0          0          0          0          0   __dczerorl.o
         8          0          0          0          0         68   __main.o
         0          0          0          0          0          0   __rtentry.o
        12          0          0          0          0          0   __rtentry2.o
         6          0          0          0          0          0   __rtentry4.o
        60          8          0          0          0          0   __scatter.o
        28          0          0          0          0          0   __scatter_zi.o
        18          0          0          0          0         68   aeabi_memset.o
       346          0          0          0          0         92   aeabi_sdiv.o
        16          0          0          0          0         68   exit.o
         6          0          0          0          0        136   heapauxi.o
         0          0          0          0          0          0   indicate_semi.o
         2          0          0          0          0          0   libinit.o
         2          0          0          0          0          0   libinit2.o
         2          0          0          0          0          0   libshutdown.o
         2          0          0          0          0          0   libshutdown2.o
         8          4          0          0         96         68   libspace.o
        64          0          0          0          0        108   rt_memclr.o
       186          0          0          0          0        144   rt_memcpy.o
         2          0          0          0          0          0   rtexit.o
        10          0          0          0          0          0   rtexit2.o
        12          4          0          0          0         60   sys_exit.o
        62          0          0          0          0         80   sys_stackheap_outer.o
         2          0          0          0          0         68   use_no_semi.o
       352         10         64          0          0         92   fdiv.o
        76          0          0          0          0         68   ffixi.o
        48          0          0          0          0         60   ffixui.o
        94          0          0          0          0         92   fflti.o
       176          4          0          0          0         80   fmul.o
        68          4          0          0          0         68   fscalbn.o
         0          0          0          0          0          0   usenofp.o

    ----------------------------------------------------------------------
      1732         34         64          0         96       1420   Library Totals
         6          0          0          0          0          0   (incl. Padding)

    ----------------------------------------------------------------------

      Code (inc. data)   RO Data    RW Data    ZI Data      Debug   Library Name

       912         16          0          0         96        960   c_p.l
       814         18         64          0          0        460   fz_ps.l

    ----------------------------------------------------------------------
      1732         34         64          0         96       1420   Library Totals

    ----------------------------------------------------------------------

==============================================================================


      Code (inc. data)   RO Data    RW Data    ZI Data      Debug   

     32988       4472       1352        408      16248    1162568   Grand Totals
     32988       4472       1352         64      16248    1162568   ELF Image Totals (compressed)
     32988       4472       1352         64          0          0   ROM Totals

==============================================================================

    Total RO  Size (Code + RO Data)                34340 (  33.54kB)
    Total RW  Size (RW Data + ZI Data)             16656 (  16.27kB)
    Total ROM Size (Code + RO Data + RW Data)      34404 (  33.60kB)

==============================================================================

