<html>
<body>
<pre>
<h1>µVision Build Log</h1>
<h2>Tool Versions:</h2>
IDE-Version: ¦ÌVision V5.23.0.0
Copyright (C) 2017 ARM Ltd and ARM Germany GmbH. All rights reserved.
License Information: ll 44, 4, LIC=4ZLZ9-4PMKB-KUL4L-0TLX5-7UGXI-JF45A
 
Tool Versions:
Toolchain:       MDK-ARM Professional  Version: 5.23
Toolchain Path:  C:\Keil_v5\ARM\ARMCC\Bin
C Compiler:      Armcc.exe V5.06 update 4 (build 422)
Assembler:       Armasm.exe V5.06 update 4 (build 422)
Linker/Locator:  ArmLink.exe V5.06 update 4 (build 422)
Library Manager: ArmAr.exe V5.06 update 4 (build 422)
Hex Converter:   FromElf.exe V5.06 update 4 (build 422)
CPU DLL:         SARMCM3.DLL V5.23
Dialog DLL:      DARMCM1.DLL V1.17.0.0
Target DLL:      Segger\JL2CM3.dll V2.99.23.0
Dialog DLL:      TARMCM1.DLL V1.12.0.0
 
<h2>Project:</h2>
D:\2019\hzrq\hzrqRedo\hzrq_bc95_prj\hzrqRedo.uvprojx
Project File Date:  03/07/2019

<h2>Output:</h2>
*** Using Compiler 'V5.06 update 4 (build 422)', folder: 'C:\Keil_v5\ARM\ARMCC\Bin'
Build target '18A'
compiling hzrq-comm-protocol.c...
.\src\./configs/user_configs.h(227): warning:  #1215-D: #warning directive: "nb iot used coap ctcc test plat!!!"
  			#warning "nb iot used coap ctcc test plat!!!"
..\hzrq-protocol\hzrq-comm-protocol.c(396): warning:  #177-D: variable "t16"  was declared but never referenced
  	uint16_t len,t16;
..\hzrq-protocol\hzrq-comm-protocol.c(397): warning:  #177-D: variable "p"  was declared but never referenced
  	uint8_t* p;	
..\hzrq-protocol\hzrq-comm-protocol.c(471): warning:  #177-D: variable "t16"  was declared but never referenced
  	uint16_t len,t16;
..\hzrq-protocol\hzrq-comm-protocol.c(473): warning:  #177-D: variable "p"  was declared but never referenced
  	uint8_t* p;
..\hzrq-protocol\hzrq-comm-protocol.c(521): warning:  #177-D: variable "t16"  was declared but never referenced
  	uint16_t len,t16;
..\hzrq-protocol\hzrq-comm-protocol.c(522): warning:  #177-D: variable "p"  was declared but never referenced
  	uint8_t* p;	
..\hzrq-protocol\hzrq-comm-protocol.c(551): warning:  #177-D: variable "t16"  was declared but never referenced
  	uint16_t len,t16;
..\hzrq-protocol\hzrq-comm-protocol.c(552): warning:  #177-D: variable "p"  was declared but never referenced
  	uint8_t* p;	
..\hzrq-protocol\hzrq-comm-protocol.c: 9 warnings, 0 errors
linking...
Program Size: Code=62960 RO-data=2612 RW-data=572 ZI-data=17332  
FromELF: creating hex file...
".\Objects\18A-freeRTos_stm32l0xx_lpw_demo.axf" - 0 Error(s), 9 Warning(s).

<h2>Software Packages used:</h2>

Package Vendor: ARM
                http://www.keil.com/pack/ARM.CMSIS.5.0.1.pack
                ARM::CMSIS:CORE:5.0.1
                CMSIS (Cortex Microcontroller Software Interface Standard)
   * Component: CORE Version: 5.0.1

<h2>Collection of Component include folders:</h2>
  .\RTE\_18A
  C:\Keil_v5\ARM\PACK\ARM\CMSIS\5.0.1\CMSIS\Include
  C:\Keil_v5\ARM\PACK\Keil\STM32L0xx_DFP\2.0.0\Drivers\CMSIS\Device\ST\STM32L0xx\Include

<h2>Collection of Component Files used:</h2>

   * Component: ARM::CMSIS:CORE:5.0.1
Build Time Elapsed:  00:00:02
</pre>
</body>
</html>
