Component: ARM Compiler 5.06 update 4 (build 422) Tool: armlink [4d35d2]

==============================================================================

Section Cross References

    main.o(i._Z10vTheadMainPv) refers to main.o(i._Z23pre_star_thread_main_00v) for pre_star_thread_main_00()
    main.o(i._Z10vTheadMainPv) refers to valve_api.o(i.vavle_off_for_start) for vavle_off_for_start
    main.o(i._Z10vTheadMainPv) refers to main.o(i._Z23pre_star_thread_main_01v) for pre_star_thread_main_01()
    main.o(i._Z10vTheadMainPv) refers to ui.o(i.ui_disp_device_ver) for ui_disp_device_ver
    main.o(i._Z10vTheadMainPv) refers to m_lcd.o(i.m_lcd_refresh) for m_lcd_refresh
    main.o(i._Z10vTheadMainPv) refers to m_rtc.o(i.m_rtc_disable_wakeup) for m_rtc_disable_wakeup
    main.o(i._Z10vTheadMainPv) refers to m_rtc.o(i.m_rtc_enable_wakeup) for m_rtc_enable_wakeup
    main.o(i._Z10vTheadMainPv) refers to nb_routines.o(i.m_thread_create_nb_udp) for m_thread_create_nb_udp
    main.o(i._Z10vTheadMainPv) refers to m_event.o(i.m_thread_create_event) for m_thread_create_event
    main.o(i._Z10vTheadMainPv) refers to m_event.o(i.m_thread_create_flow_puls) for m_thread_create_flow_puls
    main.o(i._Z10vTheadMainPv) refers to cmsis_os.o(i.osSignalWait) for osSignalWait
    main.o(i._Z10vTheadMainPv) refers to valve_api.o(i.app_valve_on) for app_valve_on
    main.o(i._Z10vTheadMainPv) refers to ui.o(i.ui_disp_menu) for ui_disp_menu
    main.o(i._Z10vTheadMainPv) refers to valve_api.o(i.app_valve_off) for app_valve_off
    main.o(i._Z10vTheadMainPv) refers to cmsis_os.o(i.osDelay) for osDelay
    main.o(i._Z10vTheadMainPv) refers to ui.o(.data) for menu
    main.o(i._Z10vTheadMainPv) refers to m_event.o(.data) for noEventTimeOut
    main.o(i._Z10vTheadMainPv) refers to 15e-data-protocol.o(.data) for flgValveErrSend
    main.o(i._Z12init_rtc_x_xv) refers to m_rtc.o(.data) for sysRtcDataTime
    main.o(i._Z12init_rtc_x_xv) refers to m_event.o(.data) for aYearAgo
    main.o(i._Z15m_gpio_led_initv) refers to stm32l0xx_hal_gpio.o(i.HAL_GPIO_Init) for HAL_GPIO_Init
    main.o(i._Z20m_thread_create_mainv) refers to main.o(i._Z25qc_ex_eeprom_mutex_createv) for qc_ex_eeprom_mutex_create()
    main.o(i._Z20m_thread_create_mainv) refers to rt_memcpy.o(.emb_text) for __aeabi_memcpy4
    main.o(i._Z20m_thread_create_mainv) refers to cmsis_os.o(i.osThreadCreate) for osThreadCreate
    main.o(i._Z20m_thread_create_mainv) refers to main.o(.constdata) for .constdata
    main.o(i._Z20m_thread_create_mainv) refers to main.o(.data) for vTheadMainID
    main.o(i._Z23pre_star_thread_main_00v) refers to m_gpio_config.o(i.m_gpio_into_lpw) for m_gpio_into_lpw
    main.o(i._Z23pre_star_thread_main_00v) refers to m_rtc.o(i.m_rtc_init) for m_rtc_init
    main.o(i._Z23pre_star_thread_main_00v) refers to main.o(i._Z12init_rtc_x_xv) for init_rtc_x_x()
    main.o(i._Z23pre_star_thread_main_00v) refers to m_buzzer.o(i.m_buzzer_init) for m_buzzer_init
    main.o(i._Z23pre_star_thread_main_00v) refers to m_lcd.o(i.m_lcd_init) for m_lcd_init
    main.o(i._Z23pre_star_thread_main_00v) refers to m_lcd.o(i.m_lcd_all_on) for m_lcd_all_on
    main.o(i._Z23pre_star_thread_main_00v) refers to cmsis_os.o(i.osDelay) for osDelay
    main.o(i._Z23pre_star_thread_main_00v) refers to m_clock_config.o(i.m_clock_set_system_clock_msi) for m_clock_set_system_clock_msi
    main.o(i._Z23pre_star_thread_main_00v) refers to m_pwr_mng.o(i.prvSetupTimerInterrupt) for prvSetupTimerInterrupt
    main.o(i._Z23pre_star_thread_main_00v) refers to m_buzzer.o(i.m_buzzer_on) for m_buzzer_on
    main.o(i._Z23pre_star_thread_main_00v) refers to m_buzzer.o(i.m_buzzer_off) for m_buzzer_off
    main.o(i._Z23pre_star_thread_main_00v) refers to m_lcd.o(i.m_lcd_all_off) for m_lcd_all_off
    main.o(i._Z23pre_star_thread_main_00v) refers to data.o(i.qc_data_mutex_create) for qc_data_mutex_create
    main.o(i._Z23pre_star_thread_main_00v) refers to data-protocol-ex.o(i.m_thread_create_sysdata) for m_thread_create_sysdata
    main.o(i._Z23pre_star_thread_main_00v) refers to data.o(i.qc_data_sysdata_init) for qc_data_sysdata_init
    main.o(i._Z23pre_star_thread_main_00v) refers to hzrq-data-record.o(i.ex_eeprom_verify) for ex_eeprom_verify
    main.o(i._Z23pre_star_thread_main_00v) refers to data-protocol-ex.o(i.api_calc_all) for api_calc_all
    main.o(i._Z23pre_star_thread_main_00v) refers to 15e-data-protocol.o(.data) for rtVolumeRefreshFlag
    main.o(i._Z23pre_star_thread_main_01v) refers to m_gpio_config.o(i.m_gpio_config_flow_pin) for m_gpio_config_flow_pin
    main.o(i._Z23pre_star_thread_main_01v) refers to m_gpio_config.o(i.m_gpio_config_key0_irq) for m_gpio_config_key0_irq
    main.o(i._Z23pre_star_thread_main_01v) refers to m_gpio_config.o(i.m_gpio_config_alarm_dect) for m_gpio_config_alarm_dect
    main.o(i._Z23pre_star_thread_main_01v) refers to m_gpio_config.o(i.m_gpio_config_alarm) for m_gpio_config_alarm
[...]
    maxFlow                                  0x2000008c   Data           4  flow-ex.o(.data)
    lastDayMaxFlow                           0x20000090   Data           2  flow-ex.o(.data)
    flowAgoDt                                0x20000092   Data           8  flow-ex.o(.data)
    flowNowDt                                0x2000009a   Data           8  flow-ex.o(.data)
    rtFlow                                   0x200000a4   Data           4  flow-ex.o(.data)
    noPuleFunCalltimer                       0x200000a8   Data           4  flow-ex.o(.data)
    flowMinueProcessCallTime                 0x200000ac   Data           2  flow-ex.o(.data)
    flowMinuteTimer                          0x200000b0   Data           4  flow-ex.o(.data)
    flowHoureTimer                           0x200000b4   Data           4  flow-ex.o(.data)
    flowDayTimer                             0x200000b8   Data           4  flow-ex.o(.data)
    SPVER                                    0x200000bc   Data           8  m-nb-module.o(.data)
    EARFCN                                   0x200000c4   Data           8  m-nb-module.o(.data)
    SNR                                      0x200000cc   Data           8  m-nb-module.o(.data)
    nbFirstCattch                            0x200000d4   Data           1  m-nb-module.o(.data)
    bc95SubVer                               0x200000d5   Data           1  m-nb-module.o(.data)
    bc95MainVer                              0x200000d6   Data           1  m-nb-module.o(.data)
    nbReset                                  0x200000d7   Data           1  m-nb-module.o(.data)
    buadOfsetNum                             0x200000d8   Data           2  m-nb-module.o(.data)
    baudRateOffset                           0x200000da   Data           2  m-nb-module.o(.data)
    pxCurrentTCB                             0x200000dc   Data           4  tasks.o(.data)
    ulTimerCountsForOneTick                  0x20000118   Data           4  port.o(.data)
    xMaximumPossibleSuppressedTicks          0x2000011c   Data           4  port.o(.data)
    ulStoppedTimerCompensation               0x20000120   Data           4  port.o(.data)
    SystemCoreClock                          0x2000013c   Data           4  system_stm32l0xx.o(.data)
    uwTick                                   0x20000140   Data           4  stm32l0xx_hal.o(.data)
    mRTCReadEn                               0x20000144   Data           2  m_rtc.o(.data)
    mSoftWdgTimes                            0x20000146   Data           2  m_rtc.o(.data)
    sysRtcDataTime                           0x20000148   Data           8  m_rtc.o(.data)
    uartReceivedIdleTime                     0x20000150   Data           4  m_uart.o(.data)
    uartSendBufCount                         0x20000154   Data           2  m_uart.o(.data)
    uartRceivedBufCount                      0x20000156   Data           2  m_uart.o(.data)
    WakeUpSelection                          0x20000158   Data           8  m_uart.o(.data)
    uartInited                               0x20000160   Data           1  m_uart.o(.data)
    __usartSeRxTimeOut                       0x20000164   Data           4  m_uart.o(.data)
    __uartSeRceivedBufCount                  0x20000168   Data           2  m_uart.o(.data)
    LCDHandleStat                            0x2000016a   Data           2  m_lcd.o(.data)
    state                                    0x2000019c   Data           4  m_aes_sf.o(.data)
    Key                                      0x200001a0   Data           4  m_aes_sf.o(.data)
    Iv                                       0x200001a4   Data           4  m_aes_sf.o(.data)
    ebcKey                                   0x200001a8   Data          16  m_aes_sf.o(.data)
    ebcPlain                                 0x200001b8   Data          16  m_aes_sf.o(.data)
    ebcCipher                                0x200001c8   Data          16  m_aes_sf.o(.data)
    vavleState                               0x200001d8   Data           1  15e-data-protocol.o(.data)
    rssi                                     0x200001d9   Data           1  15e-data-protocol.o(.data)
    opStatus                                 0x200001da   Data           1  15e-data-protocol.o(.data)
    hardDefault                              0x200001dc   Data           4  15e-data-protocol.o(.data)
    totalVolume                              0x200001e0   Data           4  15e-data-protocol.o(.data)
    curMonthVolume                           0x200001e4   Data           4  15e-data-protocol.o(.data)
    curPeriodVolume                          0x200001e8   Data           4  15e-data-protocol.o(.data)
    rtPrice                                  0x200001ec   Data           4  15e-data-protocol.o(.data)
    overageMoney                             0x200001f0   Data           4  15e-data-protocol.o(.data)
    overrageVolume                           0x200001f4   Data           4  15e-data-protocol.o(.data)
    rtVolume                                 0x200001f8   Data           4  15e-data-protocol.o(.data)
    __rtVolume                               0x200001fc   Data           4  15e-data-protocol.o(.data)
    rtVolumeRefreshFlag                      0x20000200   Data           1  15e-data-protocol.o(.data)
    popTimesEveryday                         0x20000204   Data           4  15e-data-protocol.o(.data)
    ovmStatus                                0x20000208   Data           1  15e-data-protocol.o(.data)
    OVerageVMRemainder                       0x2000020c   Data           4  15e-data-protocol.o(.data)
    realPayValue                             0x20000210   Data           4  15e-data-protocol.o(.data)
    flgValveErrSend                          0x20000214   Data           1  15e-data-protocol.o(.data)
    reqMsgQ                                  0x20000218   Data           4  data-protocol-ex.o(.data)
    respMsgQ                                 0x2000021c   Data           4  data-protocol-ex.o(.data)
    idThreadDataSave                         0x20000220   Data           4  data-protocol-ex.o(.data)
    recordReadStartTs                        0x20000224   Data           4  hzrq-data-record.o(.data)
    batCapacity                              0x20000228   Data           1  hzrq-data-record.o(.data)
    tempDt                                   0x20000229   Data           8  hzrq-data-record.o(.data)
    __hzrqMsgSendSn                          0x20000232   Data           1  hzrq-comm-protocol.o(.data)
    __hzrqMid                                0x20000233   Data           1  hzrq-comm-protocol.o(.data)
    hzrqRsrp                                 0x20000234   Data           2  hzrq-comm-protocol.o(.data)
    hzrqSnr                                  0x20000236   Data           2  hzrq-comm-protocol.o(.data)
    hzrqEclLevel                             0x20000238   Data           1  hzrq-comm-protocol.o(.data)
    hzrqCellId                               0x20000239   Data           6  hzrq-comm-protocol.o(.data)
    hzrqRealNearFcn                          0x20000240   Data           2  hzrq-comm-protocol.o(.data)
    __hzrqEventCode                          0x20000242   Data           2  hzrq-comm-protocol.o(.data)
    __hzrqErrorCode                          0x20000244   Data           2  hzrq-comm-protocol.o(.data)
    __hzrqUnSendNum                          0x20000246   Data           2  hzrq-comm-protocol.o(.data)
    nbAplReceivedBuffer                      0x20000248   Data         256  nb_routines.o(.bss)
    lcdBuf                                   0x20000348   Data          16  ui.o(.bss)
    flowPulseTimerTable                      0x20000358   Data         128  flow-ex.o(.bss)
    _1per6_flow                              0x200003d8   Data          28  flow-ex.o(.bss)
    _6per60_flow                             0x200003f4   Data          44  flow-ex.o(.bss)
    dayAvgFlow                               0x20000420   Data          64  flow-ex.o(.bss)
    hourAvgFlow                              0x20000460   Data          48  flow-ex.o(.bss)
    CIMI                                     0x20000490   Data          16  m-nb-module.o(.bss)
    CGSN                                     0x200004a0   Data          16  m-nb-module.o(.bss)
    ICCID                                    0x200004b0   Data          21  m-nb-module.o(.bss)
    baudOffsetBuf                            0x200004c6   Data          32  m-nb-module.o(.bss)
    Comp2Handle                              0x200035d8   Data          36  stm32l0xx_it.o(.bss)
    ProcFlash                                0x200035fc   Data          24  stm32l0xx_hal_flash.o(.bss)
    RtcHandle                                0x20003614   Data          36  m_rtc.o(.bss)
    uartSendBuf                              0x20003638   Data         512  m_uart.o(.bss)
    uartReceivedBuf                          0x20003838   Data         256  m_uart.o(.bss)
    UartHandle                               0x20003938   Data         112  m_uart.o(.bss)
    UartHandleSe                             0x200039a8   Data         112  m_uart.o(.bss)
    __uartSeReceivedBuf                      0x20003a18   Data         256  m_uart.o(.bss)
    RngHandle                                0x20003b18   Data          12  m_rng.o(.bss)
    LCDHandle                                0x20003b24   Data          60  m_lcd.o(.bss)
    AdcHandle                                0x20003b60   Data          96  m_adc.o(.bss)
    RoundKey                                 0x20003bc0   Data         176  m_aes_sf.o(.bss)
    ebcBuffer                                0x20003c70   Data          16  m_aes_sf.o(.bss)
    commonBuf                                0x20003c80   Data         576  15e-data-protocol.o(.bss)
    sysData                                  0x20003ec0   Data         440  15e-data-protocol.o(.bss)
    eventlogReadedTab                        0x20004078   Data         100  hzrq-data-record.o(.bss)
    hzrqNbModuleType                         0x200040dc   Data          10  hzrq-comm-protocol.o(.bss)
    hzrqNbModuleSoftVer                      0x200040e6   Data          20  hzrq-comm-protocol.o(.bss)
    hzrqComBuf                               0x200040fa   Data         256  hzrq-comm-protocol.o(.bss)
    __libspace_start                         0x200041fc   Data          96  libspace.o(.bss)
    __temporary_stack_top$libspace           0x2000425c   Data           0  libspace.o(.bss)



==============================================================================

Memory Map of the image

  Image Entry point : 0x080000c1

  Load Region LR_IROM1 (Base: 0x08000000, Size: 0x000146a8, Max: 0x00030000, ABSOLUTE, COMPRESSED[0x000144f0])

    Execution Region ER_IROM1 (Base: 0x08000000, Size: 0x00014460, Max: 0x00030000, ABSOLUTE)

    Base Addr    Size         Type   Attr      Idx    E Section Name        Object

    0x08000000   0x000000c0   Data   RO         3321    RESET               startup_stm32l073xx.o
    0x080000c0   0x00000008   Code   RO        10686  * !!!main             c_p.l(__main.o)
    0x080000c8   0x0000003c   Code   RO        10878    !!!scatter          c_p.l(__scatter.o)
    0x08000104   0x0000001c   Code   RO        10880    !!handler_zi        c_p.l(__scatter_zi.o)
    0x08000120   0x00000002   Code   RO        10745    .ARM.Collect$$libinit$$00000000  c_p.l(libinit.o)
    0x08000122   0x00000000   Code   RO        10759    .ARM.Collect$$libinit$$00000002  c_p.l(libinit2.o)
    0x08000122   0x00000000   Code   RO        10761    .ARM.Collect$$libinit$$00000004  c_p.l(libinit2.o)
    0x08000122   0x00000000   Code   RO        10764    .ARM.Collect$$libinit$$0000000A  c_p.l(libinit2.o)
    0x08000122   0x00000000   Code   RO        10766    .ARM.Collect$$libinit$$0000000C  c_p.l(libinit2.o)
    0x08000122   0x00000000   Code   RO        10768    .ARM.Collect$$libinit$$0000000E  c_p.l(libinit2.o)
    0x08000122   0x00000000   Code   RO        10771    .ARM.Collect$$libinit$$00000011  c_p.l(libinit2.o)
    0x08000122   0x00000000   Code   RO        10773    .ARM.Collect$$libinit$$00000013  c_p.l(libinit2.o)
    0x08000122   0x00000000   Code   RO        10775    .ARM.Collect$$libinit$$00000015  c_p.l(libinit2.o)
    0x08000122   0x00000000   Code   RO        10777    .ARM.Collect$$libinit$$00000017  c_p.l(libinit2.o)
    0x08000122   0x00000000   Code   RO        10779    .ARM.Collect$$libinit$$00000019  c_p.l(libinit2.o)
    0x08000122   0x00000000   Code   RO        10781    .ARM.Collect$$libinit$$0000001B  c_p.l(libinit2.o)
    0x08000122   0x00000000   Code   RO        10783    .ARM.Collect$$libinit$$0000001D  c_p.l(libinit2.o)
    0x08000122   0x00000000   Code   RO        10785    .ARM.Collect$$libinit$$0000001F  c_p.l(libinit2.o)
    0x08000122   0x00000000   Code   RO        10787    .ARM.Collect$$libinit$$00000021  c_p.l(libinit2.o)
    0x08000122   0x00000000   Code   RO        10789    .ARM.Collect$$libinit$$00000023  c_p.l(libinit2.o)
    0x08000122   0x00000000   Code   RO        10791    .ARM.Collect$$libinit$$00000025  c_p.l(libinit2.o)
    0x08000122   0x00000000   Code   RO        10795    .ARM.Collect$$libinit$$0000002C  c_p.l(libinit2.o)
    0x08000122   0x00000000   Code   RO        10797    .ARM.Collect$$libinit$$0000002E  c_p.l(libinit2.o)
    0x08000122   0x00000000   Code   RO        10799    .ARM.Collect$$libinit$$00000030  c_p.l(libinit2.o)
    0x08000122   0x00000000   Code   RO        10801    .ARM.Collect$$libinit$$00000032  c_p.l(libinit2.o)
    0x08000122   0x00000002   Code   RO        10802    .ARM.Collect$$libinit$$00000033  c_p.l(libinit2.o)
    0x08000124   0x00000002   Code   RO        10833    .ARM.Collect$$libshutdown$$00000000  c_p.l(libshutdown.o)
    0x08000126   0x00000000   Code   RO        10859    .ARM.Collect$$libshutdown$$00000002  c_p.l(libshutdown2.o)
    0x08000126   0x00000000   Code   RO        10861    .ARM.Collect$$libshutdown$$00000004  c_p.l(libshutdown2.o)
    0x08000126   0x00000000   Code   RO        10864    .ARM.Collect$$libshutdown$$00000007  c_p.l(libshutdown2.o)
    0x08000126   0x00000000   Code   RO        10867    .ARM.Collect$$libshutdown$$0000000A  c_p.l(libshutdown2.o)
    0x08000126   0x00000000   Code   RO        10869    .ARM.Collect$$libshutdown$$0000000C  c_p.l(libshutdown2.o)
    0x08000126   0x00000000   Code   RO        10872    .ARM.Collect$$libshutdown$$0000000F  c_p.l(libshutdown2.o)
    0x08000126   0x00000002   Code   RO        10873    .ARM.Collect$$libshutdown$$00000010  c_p.l(libshutdown2.o)
    0x08000128   0x00000000   Code   RO        10708    .ARM.Collect$$rtentry$$00000000  c_p.l(__rtentry.o)
    0x08000128   0x00000000   Code   RO        10715    .ARM.Collect$$rtentry$$00000002  c_p.l(__rtentry2.o)
    0x08000128   0x00000006   Code   RO        10727    .ARM.Collect$$rtentry$$00000004  c_p.l(__rtentry4.o)
    0x0800012e   0x00000000   Code   RO        10717    .ARM.Collect$$rtentry$$00000009  c_p.l(__rtentry2.o)
    0x0800012e   0x00000004   Code   RO        10718    .ARM.Collect$$rtentry$$0000000A  c_p.l(__rtentry2.o)
    0x08000132   0x00000000   Code   RO        10720    .ARM.Collect$$rtentry$$0000000C  c_p.l(__rtentry2.o)
    0x08000132   0x00000008   Code   RO        10721    .ARM.Collect$$rtentry$$0000000D  c_p.l(__rtentry2.o)
    0x0800013a   0x00000002   Code   RO        10750    .ARM.Collect$$rtexit$$00000000  c_p.l(rtexit.o)
    0x0800013c   0x00000000   Code   RO        10806    .ARM.Collect$$rtexit$$00000002  c_p.l(rtexit2.o)
    0x0800013c   0x00000004   Code   RO        10807    .ARM.Collect$$rtexit$$00000003  c_p.l(rtexit2.o)
    0x08000140   0x00000006   Code   RO        10808    .ARM.Collect$$rtexit$$00000004  c_p.l(rtexit2.o)
    0x08000146   0x00000002   PAD
    0x08000148   0x00000038   Code   RO        10670    .emb_text           c_p.l(rt_memcpy.o)
    0x08000180   0x0000006c   Code   RO         3250    .text               port_1.o
    0x080001ec   0x00000040   Code   RO         3322    .text               startup_stm32l073xx.o
    0x0800022c   0x00000082   Code   RO        10671    .text               c_p.l(rt_memcpy.o)
    0x080002ae   0x00000012   Code   RO        10674    .text               c_p.l(aeabi_memset.o)
    0x080002c0   0x00000040   Code   RO        10676    .text               c_p.l(rt_memclr.o)
    0x08000300   0x00000022   Code   RO        10678    .text               c_p.l(uread4.o)
    0x08000322   0x0000015a   Code   RO        10680    .text               c_p.l(aeabi_sdiv.o)
    0x0800047c   0x00000006   Code   RO        10684    .text               c_p.l(heapauxi.o)
    0x08000482   0x00000002   PAD
    0x08000484   0x00000448   Code   RO        10688    .text               fz_ps.l(ddiv.o)
    0x080008cc   0x00000048   Code   RO        10691    .text               fz_ps.l(dfixui.o)
    0x08000914   0x00000084   Code   RO        10693    .text               fz_ps.l(dfltl.o)
    0x08000998   0x00000248   Code   RO        10695    .text               fz_ps.l(dmul.o)
    0x08000be0   0x00000160   Code   RO        10697    .text               fz_ps.l(fdiv.o)
    0x08000d40   0x0000004c   Code   RO        10700    .text               fz_ps.l(ffixi.o)
    0x08000d8c   0x00000030   Code   RO        10702    .text               fz_ps.l(ffixui.o)
    0x08000dbc   0x0000005e   Code   RO        10704    .text               fz_ps.l(fflti.o)
    0x08000e1a   0x0000003e   Code   RO        10731    .text               c_p.l(sys_stackheap_outer.o)
    0x08000e58   0x00000010   Code   RO        10734    .text               c_p.l(exit.o)
    0x08000e68   0x00000008   Code   RO        10746    .text               c_p.l(libspace.o)
    0x08000e70   0x0000000c   Code   RO        10803    .text               c_p.l(sys_exit.o)
    0x08000e7c   0x00000002   Code   RO        10822    .text               c_p.l(use_no_semi.o)
    0x08000e7e   0x00000000   Code   RO        10824    .text               c_p.l(indicate_semi.o)
    0x08000e7e   0x0000003a   Code   RO        10876    .text               c_p.l(__dczerorl.o)
    0x08000eb8   0x00000020   Code   RO         3328    i.ADC1_COMP_IRQHandler  stm32l0xx_it.o
    0x08000ed8   0x0000002c   Code   RO         9394    i.AES128_ECB_decrypt  m_aes_sf.o
    0x08000f04   0x0000002c   Code   RO         9395    i.AES128_ECB_encrypt  m_aes_sf.o
    0x08000f30   0x00000010   Code   RO         3331    i.EXTI0_1_IRQHandler  stm32l0xx_it.o
    0x08000f40   0x00000010   Code   RO         3332    i.EXTI2_3_IRQHandler  stm32l0xx_it.o
    0x08000f50   0x00000010   Code   RO         3333    i.EXTI4_15_IRQHandler  stm32l0xx_it.o
    0x08000f60   0x000000bc   Code   RO         4561    i.FLASH_WaitForLastOperation  stm32l0xx_hal_flash.o
    0x0800101c   0x000000b8   Code   RO         4009    i.HAL_ADCEx_Calibration_Start  stm32l0xx_hal_adc_ex.o
    0x080010d4   0x00000002   Code   RO         3799    i.HAL_ADC_ConvCpltCallback  stm32l0xx_hal_adc.o
    0x080010d6   0x00000002   Code   RO         3802    i.HAL_ADC_ErrorCallback  stm32l0xx_hal_adc.o
    0x080010d8   0x00000006   Code   RO         3804    i.HAL_ADC_GetState  stm32l0xx_hal_adc.o
    0x080010de   0x00000008   Code   RO         3805    i.HAL_ADC_GetValue  stm32l0xx_hal_adc.o
    0x080010e6   0x00000116   Code   RO         3806    i.HAL_ADC_IRQHandler  stm32l0xx_hal_adc.o
    0x080011fc   0x00000234   Code   RO         3807    i.HAL_ADC_Init      stm32l0xx_hal_adc.o
    0x08001430   0x00000002   Code   RO         3808    i.HAL_ADC_LevelOutOfWindowCallback  stm32l0xx_hal_adc.o
    0x08001432   0x00000002   PAD
    0x08001434   0x0000001c   Code   RO         8800    i.HAL_ADC_MspInit   m_adc.o
    0x08001450   0x000000e4   Code   RO         3811    i.HAL_ADC_PollForConversion  stm32l0xx_hal_adc.o
    0x08001534   0x00000078   Code   RO         3813    i.HAL_ADC_Start     stm32l0xx_hal_adc.o
    0x080015ac   0x00000050   Code   RO         3816    i.HAL_ADC_Stop      stm32l0xx_hal_adc.o
    0x080015fc   0x00000064   Code   RO         4073    i.HAL_COMP_IRQHandler  stm32l0xx_hal_comp.o
    0x08001660   0x00000002   Code   RO         4082    i.HAL_COMP_TriggerCallback  stm32l0xx_hal_comp.o
    0x08001662   0x0000001a   Code   RO         3597    i.HAL_Delay         stm32l0xx_hal.o
    0x0800167c   0x00000014   Code   RO         4565    i.HAL_FLASH_Lock    stm32l0xx_hal_flash.o
    0x08001690   0x0000004c   Code   RO         4572    i.HAL_FLASH_Unlock  stm32l0xx_hal_flash.o
    0x080016dc   0x00000128   Code   RO         4941    i.HAL_GPIO_DeInit   stm32l0xx_hal_gpio.o
    0x08001804   0x000001f8   Code   RO         4944    i.HAL_GPIO_Init     stm32l0xx_hal_gpio.o
    0x080019fc   0x0000000c   Code   RO         3334    i.HAL_GetTick       stm32l0xx_it.o
    0x08001a08   0x00000010   Code   RO         3335    i.HAL_IncTick       stm32l0xx_it.o
    0x08001a18   0x00000030   Code   RO         7426    i.HAL_InitTick      m_clock_config.o
    0x08001a48   0x00000124   Code   RO         5085    i.HAL_LCD_Init      stm32l0xx_hal_lcd.o
    0x08001b6c   0x00000028   Code   RO         8610    i.HAL_LCD_MspInit   m_lcd_hal.o
    0x08001b94   0x00000062   Code   RO         5088    i.HAL_LCD_UpdateDisplayRequest  stm32l0xx_hal_lcd.o
    0x08001bf6   0x00000002   PAD
    0x08001bf8   0x00000018   Code   RO         4205    i.HAL_NVIC_DisableIRQ  stm32l0xx_hal_cortex.o
    0x08001c10   0x00000018   Code   RO         4206    i.HAL_NVIC_EnableIRQ  stm32l0xx_hal_cortex.o
    0x08001c28   0x00000012   Code   RO         4210    i.HAL_NVIC_SetPriority  stm32l0xx_hal_cortex.o
    0x08001c3a   0x00000002   PAD
    0x08001c3c   0x00000014   Code   RO         5385    i.HAL_PWREx_EnableFastWakeUp  stm32l0xx_hal_pwr_ex.o
    0x08001c50   0x00000014   Code   RO         5387    i.HAL_PWREx_EnableUltraLowPower  stm32l0xx_hal_pwr_ex.o
    0x08001c64   0x00000014   Code   RO         5256    i.HAL_PWR_EnableBkUpAccess  stm32l0xx_hal_pwr.o
    0x08001c78   0x0000003c   Code   RO         5261    i.HAL_PWR_EnterSLEEPMode  stm32l0xx_hal_pwr.o
    0x08001cb4   0x00000048   Code   RO         5263    i.HAL_PWR_EnterSTOPMode  stm32l0xx_hal_pwr.o
    0x08001cfc   0x00000270   Code   RO         5558    i.HAL_RCCEx_PeriphCLKConfig  stm32l0xx_hal_rcc_ex.o
    0x08001f6c   0x000001d8   Code   RO         5439    i.HAL_RCC_ClockConfig  stm32l0xx_hal_rcc.o
    0x08002144   0x0000002c   Code   RO         5443    i.HAL_RCC_GetHCLKFreq  stm32l0xx_hal_rcc.o
    0x08002170   0x00000024   Code   RO         5445    i.HAL_RCC_GetPCLK1Freq  stm32l0xx_hal_rcc.o
    0x08002194   0x00000024   Code   RO         5446    i.HAL_RCC_GetPCLK2Freq  stm32l0xx_hal_rcc.o
    0x080021b8   0x000000ec   Code   RO         5447    i.HAL_RCC_GetSysClockFreq  stm32l0xx_hal_rcc.o
    0x080022a4   0x00000680   Code   RO         5450    i.HAL_RCC_OscConfig  stm32l0xx_hal_rcc.o
    0x08002924   0x00000038   Code   RO         5664    i.HAL_RNG_DeInit    stm32l0xx_hal_rng.o
    0x0800295c   0x0000007c   Code   RO         5666    i.HAL_RNG_GenerateRandomNumber  stm32l0xx_hal_rng.o
    0x080029d8   0x0000004c   Code   RO         5672    i.HAL_RNG_Init      stm32l0xx_hal_rng.o
    0x08002a24   0x00000084   Code   RO         8421    i.HAL_RNG_MspDeInit  m_rng.o
    0x08002aa8   0x0000005c   Code   RO         8422    i.HAL_RNG_MspInit   m_rng.o
    0x08002b04   0x000000ae   Code   RO         5930    i.HAL_RTCEx_DeactivateWakeUpTimer  stm32l0xx_hal_rtc_ex.o
    0x08002bb2   0x00000002   PAD
    0x08002bb4   0x0000014c   Code   RO         5950    i.HAL_RTCEx_SetWakeUpTimer_IT  stm32l0xx_hal_rtc_ex.o
    0x08002d00   0x00000064   Code   RO         7993    i.HAL_RTCEx_WakeUpTimerEventCallback  m_rtc.o
    0x08002d64   0x00000044   Code   RO         5957    i.HAL_RTCEx_WakeUpTimerIRQHandler  stm32l0xx_hal_rtc_ex.o
    0x08002da8   0x000000c8   Code   RO         5777    i.HAL_RTC_Init      stm32l0xx_hal_rtc.o
    0x08002e70   0x00000078   Code   RO         7995    i.HAL_RTC_MspInit   m_rtc.o
    0x08002ee8   0x00000130   Code   RO         5783    i.HAL_RTC_SetDate   stm32l0xx_hal_rtc.o
    0x08003018   0x00000154   Code   RO         5784    i.HAL_RTC_SetTime   stm32l0xx_hal_rtc.o
    0x0800316c   0x0000003c   Code   RO         5785    i.HAL_RTC_WaitForSynchro  stm32l0xx_hal_rtc.o
    0x080031a8   0x00000002   Code   RO         7329    i.HAL_UARTEx_WakeupCallback  stm32l0xx_hal_uart_ex.o
    0x080031aa   0x00000048   Code   RO         7031    i.HAL_UART_DeInit   stm32l0xx_hal_uart.o
    0x080031f2   0x00000002   PAD
    0x080031f4   0x00000028   Code   RO         8106    i.HAL_UART_ErrorCallback  m_uart.o
    0x0800321c   0x00000142   Code   RO         7035    i.HAL_UART_IRQHandler  stm32l0xx_hal_uart.o
    0x0800335e   0x0000007c   Code   RO         7036    i.HAL_UART_Init     stm32l0xx_hal_uart.o
    0x080033da   0x00000002   PAD
    0x080033dc   0x000000c8   Code   RO         8107    i.HAL_UART_MspDeInit  m_uart.o
    0x080034a4   0x000000a4   Code   RO         8108    i.HAL_UART_MspInit  m_uart.o
    0x08003548   0x000000e8   Code   RO         8109    i.HAL_UART_Receive_IT  m_uart.o
    0x08003630   0x00000004   Code   RO         8111    i.HAL_UART_TxCpltCallback  m_uart.o
    0x08003634   0x00000008   Code   RO         3337    i.HardFault_Handler  stm32l0xx_it.o
    0x0800363c   0x00000036   Code   RO         5090    i.LCD_WaitForSynchro  stm32l0xx_hal_lcd.o
    0x08003672   0x00000002   PAD
    0x08003674   0x00000018   Code   RO         3338    i.LPUSART1_IRQHandler  stm32l0xx_it.o
    0x0800368c   0x0000000c   Code   RO         3340    i.NMI_Handler       stm32l0xx_it.o
    0x08003698   0x00000078   Code   RO         7904    i.PostSleepProcessing  m_pwr_mng.o
    0x08003710   0x0000001a   Code   RO         5786    i.RTC_Bcd2ToByte    stm32l0xx_hal_rtc.o
    0x0800372a   0x0000001a   Code   RO         5787    i.RTC_ByteToBcd2    stm32l0xx_hal_rtc.o
    0x08003744   0x00000042   Code   RO         5788    i.RTC_EnterInitMode  stm32l0xx_hal_rtc.o
    0x08003786   0x00000002   PAD
    0x08003788   0x00000018   Code   RO         3341    i.RTC_IRQHandler    stm32l0xx_it.o
    0x080037a0   0x000000d8   Code   RO         9327    i.SHA256_Bytes      sha256.o
    0x08003878   0x000000cc   Code   RO         9328    i.SHA256_Final      sha256.o
    0x08003944   0x00000014   Code   RO         9329    i.SHA256_Init       sha256.o
    0x08003958   0x00000014   Code   RO         3342    i.SysTick_Handler   stm32l0xx_it.o
    0x0800396c   0x00000068   Code   RO         3551    i.SystemInit        system_stm32l0xx.o
    0x080039d4   0x000000f0   Code   RO         7049    i.UART_AdvFeatureConfig  stm32l0xx_hal_uart.o
    0x08003ac4   0x00000060   Code   RO         7050    i.UART_CheckIdleState  stm32l0xx_hal_uart.o
    0x08003b24   0x000003d4   Code   RO         7051    i.UART_SetConfig    stm32l0xx_hal_uart.o
    0x08003ef8   0x00000100   Code   RO         7052    i.UART_WaitOnFlagUntilTimeout  stm32l0xx_hal_uart.o
    0x08003ff8   0x00000018   Code   RO         3343    i.USART1_IRQHandler  stm32l0xx_it.o
    0x08004010   0x00000018   Code   RO         3344    i.USART4_5_IRQHandler  stm32l0xx_it.o
    0x08004028   0x000000a4   Code   RO         3819    i._Z10ADC_EnableP17ADC_HandleTypeDef  stm32l0xx_hal_adc.o
    0x080040cc   0x00000124   Code   RO         9396    i._Z10MixColumnsv   m_aes_sf.o
    0x080041f0   0x00000036   Code   RO         8994    i._Z10calc_crc_wtht  crc16_sf.o
    0x08004226   0x00000002   PAD
    0x08004228   0x000000b4   Code   RO         1495    i._Z10nb_get_csqv   m-nb-module.o
    0x080042dc   0x00000088   Code   RO         1496    i._Z10nb_get_snrv   m-nb-module.o
    0x08004364   0x000000ec   Code   RO            3    i._Z10vTheadMainPv  main.o
    0x08004450   0x0000009c   Code   RO         3820    i._Z11ADC_DisableP17ADC_HandleTypeDef  stm32l0xx_hal_adc.o
    0x080044ec   0x00000048   Code   RO         9397    i._Z11AddRoundKeyh  m_aes_sf.o
    0x08004534   0x0000003c   Code   RO         9398    i._Z11InvSubBytesv  m_aes_sf.o
    0x08004570   0x000000d8   Code   RO         1497    i._Z11nb_get_mverv  m-nb-module.o
    0x08004648   0x0000007c   Code   RO         3254    i._Z11prvHeapInitv  heap_4.o
    0x080046c4   0x00000080   Code   RO         2665    i._Z11prvIdleTaskPv  tasks.o
    0x08004744   0x00000134   Code   RO          978    i._Z11ui_disp_offv  ui.o
    0x08004878   0x00000098   Code   RO          979    i._Z11ui_mf_2_strPhP11uiFloat32_thh  ui.o
    0x08004910   0x00000140   Code   RO          566    i._Z11vTheadEventPv  m_event.o
    0x08004a50   0x00000098   Code   RO         9399    i._Z12InvShiftRowsv  m_aes_sf.o
    0x08004ae8   0x00000128   Code   RO         9400    i._Z12KeyExpansionv  m_aes_sf.o
    0x08004c10   0x00000588   Code   RO         9331    i._Z12SHA256_BlockP12SHA256_StatePj  sha256.o
    0x08005198   0x000000f0   Code   RO         9655    i._Z12__hal_fi_off18__OVERAGE_VM_STATE  data-protocol-ex.o
    0x08005288   0x00000084   Code   RO          567    i._Z12flow_processv  m_event.o
    0x0800530c   0x0000004c   Code   RO          568    i._Z12flow_warningv  m_event.o
    0x08005358   0x00000098   Code   RO         8898    i._Z12iic_send_acka  m_iic.o
    0x080053f0   0x00000050   Code   RO            4    i._Z12init_rtc_x_xv  main.o
    0x08005440   0x00000012   Code   RO         2666    i._Z12prvDeleteTCBP19tskTaskControlBlock  tasks.o
    0x08005452   0x00000002   PAD
    0x08005454   0x000004bc   Code   RO         9401    i._Z13InvMixColumnsv  m_aes_sf.o
    0x08005910   0x00000012   Code   RO         1867    i._Z13inHandlerModev  cmsis_os.o
    0x08005922   0x00000002   PAD
    0x08005924   0x00000218   Code   RO          933    i._Z13vTheadCoapPsmPv  nb_routines.o
    0x08005b3c   0x00000044   Code   RO        10004    i._Z14__hzrq_crc_sumPht  hzrq-comm-protocol.o
    0x08005b80   0x00000018   Code   RO          569    i._Z14buzzer_beap_mst  m_event.o
    0x08005b98   0x0000010c   Code   RO          570    i._Z14hzrq_fi_reportv  m_event.o
    0x08005ca4   0x000000ac   Code   RO         1382    i._Z14m_flow_calc_mmv  flow-ex.o
    0x08005d50   0x00000076   Code   RO         1499    i._Z14m_uint32_2_bcdPhtj  m-nb-module.o
    0x08005dc6   0x00000094   Code   RO         1500    i._Z14nb_scanf_int32PhhPt  m-nb-module.o
    0x08005e5a   0x00000024   Code   RO         1501    i._Z14nb_time_ms_2_sj  m-nb-module.o
    0x08005e7e   0x0000001e   Code   RO         2462    i._Z14prvIsQueueFullPK15QueueDefinition  queue.o
    0x08005e9c   0x0000008a   Code   RO         2463    i._Z14prvUnlockQueueP15QueueDefinition  queue.o
    0x08005f26   0x00000002   PAD
    0x08005f28   0x00000044   Code   RO          571    i._Z14vTheadFlowPulsPv  m_event.o
    0x08005f6c   0x00000030   Code   RO          572    i._Z14valve_ulock_fiv  m_event.o
    0x08005f9c   0x00000028   Code   RO         8112    i._Z15UART_Receive_ITP18UART_HandleTypeDef  m_uart.o
    0x08005fc4   0x00000074   Code   RO         9656    i._Z15__hal_cal_pricePbPiPh  data-protocol-ex.o
    0x08006038   0x00000036   Code   RO        10005    i._Z15__hzrq_load_rtcPh  hzrq-comm-protocol.o
    0x0800606e   0x00000002   PAD
    0x08006070   0x00000130   Code   RO        10006    i._Z15hzrq_ins_rw_apnPhtS_t  hzrq-comm-protocol.o
    0x080061a0   0x00000148   Code   RO        10007    i._Z15hzrq_ins_rw_keyPhtS_t  hzrq-comm-protocol.o
    0x080062e8   0x000000b8   Code   RO        10008    i._Z15hzrq_ins_rw_rtcPhtS_t  hzrq-comm-protocol.o
    0x080063a0   0x0000004c   Code   RO         8899    i._Z15iic_sda_mode_inv  m_iic.o
    0x080063ec   0x00000068   Code   RO         1383    i._Z15m_flow_calc_dayv  flow-ex.o
    0x08006454   0x00000026   Code   RO         1502    i._Z15nb_extract_cgsnPhtS_  m-nb-module.o
    0x0800647a   0x00000024   Code   RO         1503    i._Z15nb_extract_cimiPhtS_  m-nb-module.o
    0x0800649e   0x0000001c   Code   RO         2464    i._Z15prvIsQueueEmptyPK15QueueDefinition  queue.o
    0x080064ba   0x00000002   PAD
    0x080064bc   0x0000003c   Code   RO          980    i._Z15ui_disp_menu_idv  ui.o
    0x080064f8   0x0000002c   Code   RO          981    i._Z15ui_disp_menu_irv  ui.o
    0x08006524   0x0000012c   Code   RO          982    i._Z15ui_disp_menu_qnv  ui.o
    0x08006650   0x00000040   Code   RO         9657    i._Z15vThreadDataSavePv  data-protocol-ex.o
    0x08006690   0x00000078   Code   RO         4216    i._Z16NVIC_SetPriority9IRQn_Typej  stm32l0xx_hal_cortex.o
    0x08006708   0x00000044   Code   RO         9332    i._Z16SHA256_Core_InitP12SHA256_State  sha256.o
    0x0800674c   0x0000007a   Code   RO         7055    i._Z16UART_Transmit_ITP18UART_HandleTypeDef  stm32l0xx_hal_uart.o
    0x080067c6   0x00000008   Code   RO        10009    i._Z16hzrq_ins_defaultPhtS_t  hzrq-comm-protocol.o
    0x080067ce   0x00000002   PAD
    0x080067d0   0x00000094   Code   RO        10010    i._Z16hzrq_ins_exe_endPht  hzrq-comm-protocol.o
    0x08006864   0x00000044   Code   RO        10011    i._Z16hzrq_ins_exe_popPhtS_t  hzrq-comm-protocol.o
    0x080068a8   0x000000d4   Code   RO        10012    i._Z16hzrq_ins_rw_imeiPhtS_t  hzrq-comm-protocol.o
    0x0800697c   0x000000e4   Code   RO        10013    i._Z16hzrq_ins_rw_rssiPhtS_t  hzrq-comm-protocol.o
    0x08006a60   0x00000084   Code   RO        10014    i._Z16hzrq_load_rw_rtcPhth  hzrq-comm-protocol.o
    0x08006ae4   0x000000a8   Code   RO        10015    i._Z16hzrq_load_rw_t32Phthtibb  hzrq-comm-protocol.o
    0x08006b8c   0x00000048   Code   RO         8900    i._Z16iic_sda_mode_outv  m_iic.o
    0x08006bd4   0x0000004c   Code   RO         1384    i._Z16m_flow_calc_hourv  flow-ex.o
    0x08006c20   0x000000e8   Code   RO         1385    i._Z16m_flow_data_initv  flow-ex.o
    0x08006d08   0x0000004c   Code   RO         8611    i._Z16m_lcd_class_initv  m_lcd_hal.o
    0x08006d54   0x00000026   Code   RO         1505    i._Z16nb_extract_nccidPhtS_  m-nb-module.o
    0x08006d7a   0x00000002   PAD
    0x08006d7c   0x000000e8   Code   RO         1506    i._Z16nb_get_nuestatusv  m-nb-module.o
    0x08006e64   0x00000040   Code   RO         3046    i._Z16prvTaskExitErrorv  port.o
    0x08006ea4   0x000000b8   Code   RO          983    i._Z16ui_disp_menu_YMDv  ui.o
    0x08006f5c   0x000000d0   Code   RO          984    i._Z16ui_disp_menu_hmsv  ui.o
    0x0800702c   0x000000ec   Code   RO          985    i._Z16ui_disp_menu_verv  ui.o
    0x08007118   0x000000c4   Code   RO         9658    i._Z17__hal_fi_off_redo18__OVERAGE_VM_STATE  data-protocol-ex.o
    0x080071dc   0x0000001a   Code   RO        10016    i._Z17__hzrq_crc_appendPht  hzrq-comm-protocol.o
    0x080071f6   0x0000002a   Code   RO        10017    i._Z17__hzrq_crc_verifyPht  hzrq-comm-protocol.o
    0x08007220   0x0000007a   Code   RO          986    i._Z17__int32_2_mflot32iP11uiFloat32_ttt  ui.o
    0x0800729a   0x00000002   PAD
    0x0800729c   0x0000012c   Code   RO          573    i._Z17event_ste_processv  m_event.o
    0x080073c8   0x000000d8   Code   RO        10018    i._Z17hzrq_ins_rw_iccidPhtS_t  hzrq-comm-protocol.o
    0x080074a0   0x000000e4   Code   RO        10019    i._Z17hzrq_ins_rw_pricePhtS_t  hzrq-comm-protocol.o
    0x08007584   0x00000002   Code   RO          574    i._Z17ir_received_readyv  m_event.o
    0x08007586   0x00000002   PAD
    0x08007588   0x000000a4   Code   RO          988    i._Z17ui_disp_menu_ccidv  ui.o
    0x0800762c   0x0000007c   Code   RO          989    i._Z17ui_disp_menu_dlcsv  ui.o
    0x080076a8   0x0000006c   Code   RO          990    i._Z17ui_disp_menu_homev  ui.o
    0x08007714   0x0000007c   Code   RO          991    i._Z17ui_disp_menu_imeiv  ui.o
    0x08007790   0x0000010c   Code   RO          992    i._Z17ui_disp_menu_rssiv  ui.o
    0x0800789c   0x00000058   Code   RO          993    i._Z17ui_disp_overage_mv  ui.o
    0x080078f4   0x00000038   Code   RO          994    i._Z17ui_disp_overage_vv  ui.o
    0x0800792c   0x00000054   Code   RO          995    i._Z17ui_disp_pay_valuev  ui.o
    0x08007980   0x0000006c   Code   RO         3823    i._Z18ADC_ConversionStopP17ADC_HandleTypeDef  stm32l0xx_hal_adc.o
    0x080079ec   0x000000cc   Code   RO         4574    i._Z18FLASH_SetErrorCodev  stm32l0xx_hal_flash.o
    0x08007ab8   0x00000108   Code   RO         9659    i._Z18__hal_sysdata_savev  data-protocol-ex.o
    0x08007bc0   0x00000040   Code   RO        10020    i._Z18__hzrq_get_mac_keyPhS_t  hzrq-comm-protocol.o
    0x08007c00   0x00000094   Code   RO        10021    i._Z18hzrq_load_rw_valvePhth  hzrq-comm-protocol.o
    0x08007c94   0x00000062   Code   RO         7427    i._Z18m_clock_enable_hsiv  m_clock_config.o
    0x08007cf6   0x0000000a   Code   RO         7997    i._Z18m_rtc_error_handlev  m_rtc.o
    0x08007d00   0x000000c8   Code   RO         1508    i._Z18nb_coap_psm_enablev  m-nb-module.o
    0x08007dc8   0x000000c4   Code   RO         1509    i._Z18nb_get_module_typev  m-nb-module.o
    0x08007e8c   0x00000084   Code   RO         2465    i._Z18prvCopyDataToQueueP15QueueDefinitionPKvl  queue.o
    0x08007f10   0x00000048   Code   RO          996    i._Z18ui_disp_menu_pricev  ui.o
    0x08007f58   0x00000188   Code   RO          997    i._Z18ui_disp_off_reasonv  ui.o
    0x080080e0   0x00000030   Code   RO         7059    i._Z19UART_EndTransmit_ITP18UART_HandleTypeDef  stm32l0xx_hal_uart.o
    0x08008110   0x00000058   Code   RO         9660    i._Z19__hal_cal_overage_mv  data-protocol-ex.o
    0x08008168   0x00000030   Code   RO         9661    i._Z19__hal_cal_overage_vv  data-protocol-ex.o
    0x08008198   0x00000040   Code   RO        10022    i._Z19__hzrq_download_rtcPh  hzrq-comm-protocol.o
    0x080081d8   0x00000034   Code   RO        10023    i._Z19__hzrq_pkcs7paddingPhtt  hzrq-comm-protocol.o
    0x0800820c   0x00000010   Code   RO        10024    i._Z19__hzrq_swap_get_t16Ph  hzrq-comm-protocol.o
    0x0800821c   0x0000001e   Code   RO        10025    i._Z19__hzrq_swap_get_t32Ph  hzrq-comm-protocol.o
    0x0800823a   0x00000014   Code   RO        10026    i._Z19_hzrq_get_func_codePh  hzrq-comm-protocol.o
    0x0800824e   0x00000002   PAD
    0x08008250   0x00000154   Code   RO          575    i._Z19event_alarm_processv  m_event.o
    0x080083a4   0x000000d4   Code   RO        10027    i._Z19hzrq_ins_rw_cell_idPhtS_t  hzrq-comm-protocol.o
    0x08008478   0x0000000a   Code   RO         8801    i._Z19m_adc_error_handlerv  m_adc.o
    0x08008482   0x00000036   Code   RO         7428    i._Z19m_clock_disable_hsiv  m_clock_config.o
    0x080084b8   0x00000014   Code   RO         7429    i._Z19m_clock_disable_msiv  m_clock_config.o
    0x080084cc   0x0000003c   Code   RO         9801    i._Z19record_save_gas_logh  hzrq-data-record.o
    0x08008508   0x0000000a   Code   RO         8113    i._Z19usart_error_handlerv  m_uart.o
    0x08008512   0x00000002   PAD
    0x08008514   0x00000024   Code   RO         3047    i._Z19xPortSysTickHandlerv  port.o
    0x08008538   0x0000002c   Code   RO         3825    i._Z20ADC_DelayMicroSecondj  stm32l0xx_hal_adc.o
    0x08008564   0x000000a8   Code   RO         9044    i._Z20__YYMMDD_to_int32daythh  time-stamp.o
    0x0800860c   0x00000004   Code   RO         9662    i._Z20__hal_cal_fi_holidayv  data-protocol-ex.o
    0x08008610   0x00000028   Code   RO         9045    i._Z20__hhmmss_to_int32sechhh  time-stamp.o
    0x08008638   0x00000008   Code   RO        10028    i._Z20__hzrq_swap_load_t16Pht  hzrq-comm-protocol.o
    0x08008640   0x0000001a   Code   RO        10029    i._Z20__hzrq_swap_load_t32Phj  hzrq-comm-protocol.o
    0x0800865a   0x00000002   PAD
    0x0800865c   0x00000048   Code   RO         9046    i._Z20__int32sec_to_hhmmssjPhS_S_  time-stamp.o
    0x080086a4   0x00000088   Code   RO        10030    i._Z20_hzrq_load_frame_macPht  hzrq-comm-protocol.o
    0x0800872c   0x0000002c   Code   RO         9047    i._Z20dt_format_bcd_to_hexP13sysDataTime_t  time-stamp.o
    0x08008758   0x0000002c   Code   RO         9048    i._Z20dt_format_hex_to_bcdP13sysDataTime_t  time-stamp.o
    0x08008784   0x00000018   Code   RO          576    i._Z20event_process_unlockv  m_event.o
    0x0800879c   0x00000014   Code   RO          577    i._Z20event_rtc_change_dayv  m_event.o
    0x080087b0   0x000000cc   Code   RO        10031    i._Z20hzrq_ins_rw_comm_wayPhtS_t  hzrq-comm-protocol.o
    0x0800887c   0x000000d4   Code   RO        10032    i._Z20hzrq_ins_rw_nb_swverPhtS_t  hzrq-comm-protocol.o
    0x08008950   0x000000d4   Code   RO        10033    i._Z20hzrq_ins_rw_near_fcnPhtS_t  hzrq-comm-protocol.o
    0x08008a24   0x0000002c   Code   RO            6    i._Z20m_thread_create_mainv  main.o
    0x08008a50   0x0000000e   Code   RO         1869    i._Z20makeFreeRtosPriority10osPriority  cmsis_os.o
    0x08008a5e   0x0000002c   Code   RO         2466    i._Z20prvCopyDataFromQueueP15QueueDefinitionPv  queue.o
    0x08008a8a   0x00000002   PAD
    0x08008a8c   0x00000088   Code   RO          998    i._Z20ui_disp_menu_balancev  ui.o
    0x08008b14   0x000000e8   Code   RO         9663    i._Z21__hal_cal_warning_offv  data-protocol-ex.o
    0x08008bfc   0x00000016   Code   RO        10034    i._Z21_hzrq_crc_append_sendPht  hzrq-comm-protocol.o
    0x08008c12   0x00000002   PAD
    0x08008c14   0x0000010c   Code   RO        10035    i._Z21_hzrq_load_device_staPh  hzrq-comm-protocol.o
    0x08008d20   0x00000020   Code   RO          578    i._Z21app_valve_on_msg_sendv  m_event.o
    0x08008d40   0x00000014   Code   RO          579    i._Z21event_rtc_change_hourv  m_event.o
    0x08008d54   0x00000094   Code   RO          580    i._Z21event_rtc_date_time_xv  m_event.o
    0x08008de8   0x000000d8   Code   RO          581    i._Z21event_rtc_process_secv  m_event.o
    0x08008ec0   0x00000094   Code   RO        10036    i._Z21hzrq_ins_exe_registerPhtS_th  hzrq-comm-protocol.o
    0x08008f54   0x00000120   Code   RO        10037    i._Z21hzrq_ins_rd_event_logPhtS_t  hzrq-comm-protocol.o
    0x08009074   0x000000d8   Code   RO        10038    i._Z21hzrq_ins_rw_app_swverPhtS_t  hzrq-comm-protocol.o
    0x0800914c   0x000000e0   Code   RO        10039    i._Z21hzrq_ins_rw_device_idPhtS_t  hzrq-comm-protocol.o
    0x0800922c   0x000000d8   Code   RO        10040    i._Z21hzrq_ins_rw_ecl_levelPhtS_t  hzrq-comm-protocol.o
    0x08009304   0x000000e0   Code   RO        10041    i._Z21hzrq_ins_rw_total_volPhtS_t  hzrq-comm-protocol.o
    0x080093e4   0x000000cc   Code   RO        10042    i._Z21hzrq_ins_rw_valve_hasPhtS_t  hzrq-comm-protocol.o
    0x080094b0   0x00000120   Code   RO        10043    i._Z21hzrq_ins_rw_valve_staPhtS_t  hzrq-comm-protocol.o
    0x080095d0   0x000000d8   Code   RO        10044    i._Z21hzrq_ins_rw_vendor_idPhtS_t  hzrq-comm-protocol.o
    0x080096a8   0x00000110   Code   RO         1514    i._Z21nb_get_nuestatus_cellv  m-nb-module.o
    0x080097b8   0x0000003c   Code   RO        10045    i._Z22__hzrq_get_encrypt_keyPhS_t  hzrq-comm-protocol.o
    0x080097f4   0x00000090   Code   RO        10046    i._Z22_hzrq_ins_exe_sync_rtcPh  hzrq-comm-protocol.o
    0x08009884   0x00000048   Code   RO        10047    i._Z22_hzrq_received_decryptPht  hzrq-comm-protocol.o
    0x080098cc   0x00000020   Code   RO          582    i._Z22app_valve_off_msg_sendv  m_event.o
    0x080098ec   0x00000108   Code   RO          583    i._Z22event_key_down_processv  m_event.o
    0x080099f4   0x00000018   Code   RO          584    i._Z22event_rtc_change_monthv  m_event.o
    0x08009a0c   0x000000cc   Code   RO        10048    i._Z22hzrq_ins_rw_device_staPhtS_t  hzrq-comm-protocol.o
    0x08009ad8   0x000000cc   Code   RO        10049    i._Z22hzrq_ins_rw_power_typePhtS_t  hzrq-comm-protocol.o
    0x08009ba4   0x00000130   Code   RO        10050    i._Z22hzrq_ins_rw_refusepeekPhtS_t  hzrq-comm-protocol.o
    0x08009cd4   0x0000014c   Code   RO        10051    i._Z22hzrq_ins_rw_sever_addrPhtS_t  hzrq-comm-protocol.o
    0x08009e20   0x0000009c   Code   RO        10052    i._Z22hzrq_load_rw_total_volPhth  hzrq-comm-protocol.o
    0x08009ebc   0x000000f4   Code   RO         1387    i._Z22m_flow_no_flow_protectv  flow-ex.o
    0x08009fb0   0x0000004c   Code   RO         8115    i._Z22m_gpio_config_lpusart1v  m_uart.o
    0x08009ffc   0x00000084   Code   RO         1515    i._Z22nb_coap_psm_close_erdav  m-nb-module.o
    0x0800a080   0x00000046   Code   RO         2667    i._Z22prvAllocateTCBAndStacktPj  tasks.o
    0x0800a0c6   0x00000002   PAD
    0x0800a0c8   0x00000038   Code   RO         2668    i._Z22prvGetExpectedIdleTimev  tasks.o
    0x0800a100   0x00000064   Code   RO         2669    i._Z22prvInitialiseTaskListsv  tasks.o
    0x0800a164   0x00000038   Code   RO         1000    i._Z22ui_disp_buy_gas_promptv  ui.o
    0x0800a19c   0x00000020   Code   RO         1001    i._Z22ui_disp_seg_shell_openv  ui.o
    0x0800a1bc   0x0000000e   Code   RO          585    i._Z22vavle_on_from_app_hookv  m_event.o
    0x0800a1ca   0x00000002   PAD
    0x0800a1cc   0x00000030   Code   RO         9664    i._Z23__hal_calc_total_volumev  data-protocol-ex.o
    0x0800a1fc   0x00000022   Code   RO        10053    i._Z23_hzrq_load_frame_headerPhtthh  hzrq-comm-protocol.o
    0x0800a21e   0x00000002   PAD
    0x0800a220   0x000000b4   Code   RO          586    i._Z23even_key_down_super_payv  m_event.o
    0x0800a2d4   0x00000024   Code   RO          587    i._Z23even_send_msg_to_rf_offv  m_event.o
    0x0800a2f8   0x0000000c   Code   RO          588    i._Z23event_rtc_change_minutev  m_event.o
    0x0800a304   0x00000002   Code   RO          589    i._Z23event_rtc_change_secondv  m_event.o
    0x0800a306   0x00000002   PAD
    0x0800a308   0x00000150   Code   RO        10054    i._Z23hzrq_ins_rd_vol_log_dayPhtS_t  hzrq-comm-protocol.o
    0x0800a458   0x00000120   Code   RO        10055    i._Z23hzrq_ins_rw_account_staPhtS_t  hzrq-comm-protocol.o
    0x0800a578   0x00000120   Code   RO        10056    i._Z23hzrq_ins_rw_balance_staPhtS_t  hzrq-comm-protocol.o
    0x0800a698   0x000000f4   Code   RO        10057    i._Z23hzrq_ins_rw_balence_volPhtS_t  hzrq-comm-protocol.o
    0x0800a78c   0x000000d4   Code   RO        10058    i._Z23hzrq_ins_rw_bat_percentPhtS_tt  hzrq-comm-protocol.o
    0x0800a860   0x000000e0   Code   RO        10059    i._Z23hzrq_ins_rw_bat_voltagePhtS_tt  hzrq-comm-protocol.o
    0x0800a940   0x000000d8   Code   RO        10060    i._Z23hzrq_ins_rw_device_typePhtS_t  hzrq-comm-protocol.o
    0x0800aa18   0x000000d4   Code   RO        10061    i._Z23hzrq_ins_rw_random_codePhtS_t  hzrq-comm-protocol.o
    0x0800aaec   0x000000f4   Code   RO        10062    i._Z23hzrq_ins_rw_reverse_volPhtS_t  hzrq-comm-protocol.o
    0x0800abe0   0x000000cc   Code   RO        10063    i._Z23hzrq_ins_rw_settle_modePhtS_t  hzrq-comm-protocol.o
    0x0800acac   0x00000050   Code   RO         8116    i._Z23m_gpio_config_usart1_sev  m_uart.o
    0x0800acfc   0x00000078   Code   RO            7    i._Z23pre_star_thread_main_00v  main.o
    0x0800ad74   0x00000024   Code   RO            8    i._Z23pre_star_thread_main_01v  main.o
    0x0800ad98   0x00000038   Code   RO         1002    i._Z23ui_disp_menu_totale_volv  ui.o
    0x0800add0   0x0000000e   Code   RO          590    i._Z23vavle_off_from_app_hookv  m_event.o
    0x0800adde   0x00000002   PAD
    0x0800ade0   0x00000018   Code   RO         9666    i._Z24__hal_cal_get_flow_pulsev  data-protocol-ex.o
    0x0800adf8   0x00000044   Code   RO         1003    i._Z24__ui_disp_int32_to_floatih  ui.o
    0x0800ae3c   0x00000084   Code   RO         1004    i._Z24__ui_disp_menu_home_mainv  ui.o
    0x0800aec0   0x00000078   Code   RO        10064    i._Z24_hzrq_load_frame_encryptPht  hzrq-comm-protocol.o
    0x0800af38   0x00000080   Code   RO          591    i._Z24even_key_down_connect_irv  m_event.o
    0x0800afb8   0x0000008c   Code   RO          592    i._Z24even_key_down_valve_ctrlv  m_event.o
    0x0800b044   0x00000064   Code   RO          593    i._Z24event_no_network_processv  m_event.o
    0x0800b0a8   0x00000048   Code   RO         9802    i._Z24ex_eeprom_init_chip_descv  hzrq-data-record.o
    0x0800b0f0   0x00000150   Code   RO        10065    i._Z24hzrq_ins_rd_vol_log_hourPhtS_t  hzrq-comm-protocol.o
    0x0800b240   0x000000d8   Code   RO        10066    i._Z24hzrq_ins_rw_cust_dev_staPhtS_t  hzrq-comm-protocol.o
    0x0800b318   0x000000cc   Code   RO        10067    i._Z24hzrq_ins_rw_mb_sever_infPhtS_t  hzrq-comm-protocol.o
    0x0800b3e4   0x0000013c   Code   RO        10068    i._Z24hzrq_ins_rw_onconn_tmoutPhtS_t  hzrq-comm-protocol.o
    0x0800b520   0x00000134   Code   RO        10069    i._Z24hzrq_ins_rw_onflow_tmoutPhtS_t  hzrq-comm-protocol.o
    0x0800b654   0x00000144   Code   RO        10070    i._Z24hzrq_ins_rw_report_paramPhtS_t  hzrq-comm-protocol.o
    0x0800b798   0x00000078   Code   RO         1521    i._Z24nb_coap_clear_freq_pointv  m-nb-module.o
    0x0800b810   0x0000016c   Code   RO         9803    i._Z24record_read_start_to_endhPhtjj  hzrq-data-record.o
    0x0800b97c   0x00000034   Code   RO         1005    i._Z24ui_disp_menu_current_volv  ui.o
    0x0800b9b0   0x00000038   Code   RO         1006    i._Z24ui_disp_menu_szrq_ov_volv  ui.o
    0x0800b9e8   0x0000008c   Code   RO         1007    i._Z24ui_disp_seg_valve_statusv  ui.o
    0x0800ba74   0x0000004c   Code   RO         9667    i._Z25__hal_cal_overage_v_for_mv  data-protocol-ex.o
    0x0800bac0   0x00000014   Code   RO        10072    i._Z25__hzrq_load_frame_mod_lenPht  hzrq-comm-protocol.o
    0x0800bad4   0x00000028   Code   RO        10074    i._Z25_hzrq_received_crc_verifyPht  hzrq-comm-protocol.o
    0x0800bafc   0x00000080   Code   RO        10075    i._Z25_hzrq_received_mac_verifyPht  hzrq-comm-protocol.o
    0x0800bb7c   0x00000070   Code   RO          595    i._Z25even_key_down_connect_udpv  m_event.o
    0x0800bbec   0x00000024   Code   RO          596    i._Z25even_send_msg_to_start_rfP16__m_udpSendmsg_t  m_event.o
    0x0800bc10   0x000000ec   Code   RO        10076    i._Z25hzrq_ins_rd_event_log_newPhtS_t  hzrq-comm-protocol.o
    0x0800bcfc   0x0000011c   Code   RO        10077    i._Z25hzrq_ins_rd_vol_log_monthPhtS_t  hzrq-comm-protocol.o
    0x0800be18   0x000000e4   Code   RO        10078    i._Z25hzrq_ins_rw_balance_moneyPhtS_t  hzrq-comm-protocol.o
    0x0800befc   0x0000010c   Code   RO        10079    i._Z25hzrq_ins_rw_overdraft_staPhtS_t  hzrq-comm-protocol.o
    0x0800c008   0x00000074   Code   RO        10080    i._Z25hzrq_load_rw_common_ReplyPhthttbb  hzrq-comm-protocol.o
    0x0800c07c   0x000000f8   Code   RO         1388    i._Z25m_flow_hight_flow_protectj  flow-ex.o
    0x0800c174   0x00000002   Code   RO         7667    i._Z25m_gpio_exti0_1_irqhandlerv  m_gpio_config.o
    0x0800c176   0x00000002   PAD
    0x0800c178   0x000000b0   Code   RO         7668    i._Z25m_gpio_exti2_3_irqhandlerv  m_gpio_config.o
    0x0800c228   0x0000005c   Code   RO         2671    i._Z25prvInitialiseTCBVariablesP19tskTaskControlBlockPKcmPK14xMEMORY_REGIONt  tasks.o
    0x0800c284   0x00000018   Code   RO            9    i._Z25qc_ex_eeprom_mutex_createv  main.o
    0x0800c29c   0x0000009c   Code   RO         9804    i._Z25record_read_eventlog_initv  hzrq-data-record.o
    0x0800c338   0x0000005a   Code   RO         1008    i._Z25ui_disp_comm_rssi_segmenth  ui.o
    0x0800c392   0x00000002   PAD
    0x0800c394   0x00000038   Code   RO         1009    i._Z25ui_disp_menu_szrq_balancev  ui.o
    0x0800c3cc   0x00000050   Code   RO         1010    i._Z26__ui_disp_menu_home_rf_endv  ui.o
    0x0800c41c   0x00000050   Code   RO         1011    i._Z26__ui_disp_menu_home_rf_recv  ui.o
    0x0800c46c   0x00000120   Code   RO          597    i._Z26check_vavle_open_conditionv  m_event.o
    0x0800c58c   0x0000000c   Code   RO          598    i._Z26event_disable_sleep_in_lwpv  m_event.o
    0x0800c598   0x00000124   Code   RO        10081    i._Z26hzrq_ins_rw_hiflow_protectPhtS_t  hzrq-comm-protocol.o
    0x0800c6bc   0x000000d4   Code   RO        10082    i._Z26hzrq_ins_rw_nb_module_typePhtS_t  hzrq-comm-protocol.o
    0x0800c790   0x00000084   Code   RO          599    i._Z26hzrq_report_next_tm_recalcv  m_event.o
    0x0800c814   0x00000014   Code   RO         1389    i._Z26m_flow_no_pulse_timer_initv  flow-ex.o
    0x0800c828   0x000000b0   Code   RO         7669    i._Z26m_gpio_exti4_15_irqhandlerv  m_gpio_config.o
    0x0800c8d8   0x00000034   Code   RO         7907    i._Z26m_pre_pre_sleep_processingv  m_pwr_mng.o
    0x0800c90c   0x0000010c   Code   RO         1524    i._Z26nb_send_process_release_raPht  m-nb-module.o
    0x0800ca18   0x0000005c   Code   RO         1525    i._Z26nb_udp_received_coap_nnmi1v  m-nb-module.o
    0x0800ca74   0x00000068   Code   RO         3255    i._Z26prvInsertBlockIntoFreeListP12A_BLOCK_LINK  heap_4.o
    0x0800cadc   0x0000012c   Code   RO        10083    i._Z27__hzrq_load_pop_get_day_logPhtj  hzrq-comm-protocol.o
    0x0800cc08   0x00000050   Code   RO         1012    i._Z27__ui_disp_menu_home_rf_connv  ui.o
    0x0800cc58   0x00000050   Code   RO         1013    i._Z27__ui_disp_menu_home_rf_sendv  ui.o
    0x0800cca8   0x0000002e   Code   RO        10084    i._Z27_hzrq_load_frame_crc_appendPht  hzrq-comm-protocol.o
    0x0800ccd6   0x00000002   PAD
    0x0800ccd8   0x00000068   Code   RO         1526    i._Z27nb_coap_psm_reselect_enablev  m-nb-module.o
    0x0800cd40   0x00000038   Code   RO         2674    i._Z27prvResetNextTaskUnblockTimev  tasks.o
    0x0800cd78   0x00000128   Code   RO        10085    i._Z28__hzrq_load_pop_get_hour_logPhtj  hzrq-comm-protocol.o
    0x0800cea0   0x00000050   Code   RO         1014    i._Z28__ui_disp_menu_home_vavle_onv  ui.o
    0x0800cef0   0x00000090   Code   RO          601    i._Z28even_send_msg_to_rf_send_pophth  m_event.o
    0x0800cf80   0x00000130   Code   RO          602    i._Z28event_process_check_batterayv  m_event.o
    0x0800d0b0   0x000000d8   Code   RO        10087    i._Z28hzrq_ins_rw_app_protoclo_verPhtS_t  hzrq-comm-protocol.o
    0x0800d188   0x000000d4   Code   RO        10088    i._Z28hzrq_ins_rw_comm_fails_timesPhtS_t  hzrq-comm-protocol.o
    0x0800d25c   0x0000000a   Code   RO         7434    i._Z28m_clock_config_error_handlerv  m_clock_config.o
    0x0800d266   0x00000002   PAD
    0x0800d268   0x00000054   Code   RO         8122    i._Z28m_lpusart1_received_msg_postv  m_uart.o
    0x0800d2bc   0x0000004c   Code   RO         1528    i._Z28np_udp_received_extract_coapPhS_t  m-nb-module.o
    0x0800d308   0x0000007c   Code   RO         1015    i._Z28ui_disp_comm_battery_segmentv  ui.o
    0x0800d384   0x00000008   Code   RO           10    i._Z28vApplicationMallocFailedHookv  main.o
    0x0800d38c   0x00000050   Code   RO         1016    i._Z29__ui_disp_menu_home_vavle_offv  ui.o
    0x0800d3dc   0x0000000c   Code   RO          603    i._Z29event_set_globle_time_out_maxv  m_event.o
    0x0800d3e8   0x0000001c   Code   RO         1390    i._Z29m_flow_pulse_timer_table_initv  flow-ex.o
    0x0800d404   0x0000001c   Code   RO         8124    i._Z29m_usart1_se_received_msg_postv  m_uart.o
    0x0800d420   0x00000008   Code   RO           11    i._Z29vApplicationStackOverflowHookPvPc  main.o
    0x0800d428   0x00000054   Code   RO         2675    i._Z30prvAddCurrentTaskToDelayedListj  tasks.o
    0x0800d47c   0x00000014   Code   RO         1530    i._Z31nb_process_disable_sleep_in_lwpv  m-nb-module.o
    0x0800d490   0x00000068   Code   RO         2676    i._Z31prvCheckTasksWaitingTerminationv  tasks.o
    0x0800d4f8   0x00000040   Code   RO         8125    i._Z32m_lpusart1_received_err_callbackv  m_uart.o
    0x0800d538   0x0000004c   Code   RO         8126    i._Z32m_lpusart1_received_irq_callbackv  m_uart.o
    0x0800d584   0x0000004c   Code   RO         8127    i._Z32m_usart_se_received_irq_callbackv  m_uart.o
    0x0800d5d0   0x00000034   Code   RO        10089    i._Z33__hzrq_load_frame_mod_hasmore_midPhthh  hzrq-comm-protocol.o
    0x0800d604   0x00000058   Code   RO        10090    i._Z33__hzrq_load_rw_fb_insert_retvaluePhtt  hzrq-comm-protocol.o
    0x0800d65c   0x00000064   Code   RO         9805    i._Z33ex_eeprom_init_part_desc_clog_dayv  hzrq-data-record.o
    0x0800d6c0   0x00000064   Code   RO         9806    i._Z33ex_eeprom_init_part_desc_eventlogv  hzrq-data-record.o
    0x0800d724   0x00000028   Code   RO         8128    i._Z33m_usart1_se_received_err_callbackv  m_uart.o
    0x0800d74c   0x000000a4   Code   RO          604    i._Z34event_key_down_process_menu_changev  m_event.o
    0x0800d7f0   0x00000060   Code   RO         9807    i._Z34ex_eeprom_init_part_desc_clog_hourv  hzrq-data-record.o
    0x0800d850   0x00000060   Code   RO         9808    i._Z35ex_eeprom_init_part_desc_clog_monthv  hzrq-data-record.o
    0x0800d8b0   0x00000012   Code   RO         9402    i._Z5xtimeh         m_aes_sf.o
    0x0800d8c2   0x00000038   Code   RO         9403    i._Z6Cipherv        m_aes_sf.o
    0x0800d8fa   0x00000002   PAD
    0x0800d8fc   0x0000003c   Code   RO         9404    i._Z8SubBytesv      m_aes_sf.o
    0x0800d938   0x00000012   Code   RO         8901    i._Z8delay_ust      m_iic.o
    0x0800d94a   0x00000014   Code   RO         9405    i._Z9BlockCopyPhS_  m_aes_sf.o
    0x0800d95e   0x00000038   Code   RO         9406    i._Z9InvCipherv     m_aes_sf.o
    0x0800d996   0x00000002   PAD
    0x0800d998   0x00000098   Code   RO         9407    i._Z9ShiftRowsv     m_aes_sf.o
    0x0800da30   0x0000006c   Code   RO         7998    i._Z9m_rtc_setP13sysDataTime_t  m_rtc.o
    0x0800da9c   0x0000011c   Code   RO         1531    i._Z9nb_at_cmdPhS_S_tj  m-nb-module.o
    0x0800dbb8   0x0000001c   Code   RO         1286    i.__ARM_common_switch8  ui.o
    0x0800dbd4   0x00000054   Code   RO         9668    i.__hal_calc_all_redo  data-protocol-ex.o
    0x0800dc28   0x00000052   Code   RO        10091    i.__hzrq_event_log_format  hzrq-comm-protocol.o
    0x0800dc7a   0x0000001e   Code   RO        10092    i.__hzrq_gas_log_format  hzrq-comm-protocol.o
    0x0800dc98   0x000000ac   Code   RO         9049    i.__int32day_to_YYMMDD  time-stamp.o
    0x0800dd44   0x000000d8   Code   RO         9669    i.api_calc_all      data-protocol-ex.o
    0x0800de1c   0x0000001c   Code   RO         7999    i.api_rtc_set       m_rtc.o
    0x0800de38   0x00000064   Code   RO         9671    i.api_sysdata_save  data-protocol-ex.o
    0x0800de9c   0x0000005c   Code   RO         1297    i.app_valve_off     valve_api.o
    0x0800def8   0x000000c4   Code   RO         1298    i.app_valve_on      valve_api.o
    0x0800dfbc   0x0000001a   Code   RO         8995    i.crc_append        crc16_sf.o
    0x0800dfd6   0x00000002   PAD
    0x0800dfd8   0x00000034   Code   RO         8996    i.crc_sum           crc16_sf.o
    0x0800e00c   0x0000002e   Code   RO         8998    i.crc_verify        crc16_sf.o
    0x0800e03a   0x00000002   PAD
    0x0800e03c   0x00000058   Code   RO         9050    i.day_of_week       time-stamp.o
    0x0800e094   0x00000040   Code   RO         2677    i.eTaskConfirmSleepModeStatus  tasks.o
    0x0800e0d4   0x00000008   Code   RO          606    i.event_process_day_change  m_event.o
    0x0800e0dc   0x00000030   Code   RO          607    i.event_start_waite_power_up  m_event.o
    0x0800e10c   0x0000002a   Code   RO         9809    i.ex_data_get_part_inf  hzrq-data-record.o
    0x0800e136   0x000000e4   Code   RO         9812    i.ex_data_write_record  hzrq-data-record.o
    0x0800e21a   0x00000002   PAD
    0x0800e21c   0x000000a4   Code   RO         9814    i.ex_eeprom_read    hzrq-data-record.o
    0x0800e2c0   0x000000ba   Code   RO         9815    i.ex_eeprom_verify  hzrq-data-record.o
    0x0800e37a   0x00000002   PAD
    0x0800e37c   0x000000e0   Code   RO         9816    i.ex_eeprom_write   hzrq-data-record.o
    0x0800e45c   0x00000014   Code   RO         1017    i.fi_id_writed_in_dlcs_a  ui.o
    0x0800e470   0x00000050   Code   RO         1333    i.get_battary_rtadc  volt-dec.o
    0x0800e4c0   0x00000068   Code   RO         1334    i.get_internal_vref_rtadc  volt-dec.o
    0x0800e528   0x0000007c   Code   RO         1335    i.get_power_status  volt-dec.o
    0x0800e5a4   0x00000098   Code   RO         9333    i.hmac_sha256       sha256.o
    0x0800e63c   0x0000049a   Code   RO        10093    i.hzrq_comm_received_process  hzrq-comm-protocol.o
    0x0800ead6   0x00000002   PAD
    0x0800ead8   0x00000100   Code   RO        10094    i.hzrq_load_pop_frame  hzrq-comm-protocol.o
    0x0800ebd8   0x0000016c   Code   RO        10095    i.hzrq_load_register_frame  hzrq-comm-protocol.o
    0x0800ed44   0x00000058   Code   RO         8902    i.iic_pins_deinit   m_iic.o
    0x0800ed9c   0x00000064   Code   RO         8903    i.iic_pins_init     m_iic.o
    0x0800ee00   0x0000008c   Code   RO         8904    i.iic_received_byte  m_iic.o
    0x0800ee8c   0x00000016   Code   RO         8905    i.iic_received_byte_if_ack  m_iic.o
    0x0800eea2   0x00000002   PAD
    0x0800eea4   0x000000b0   Code   RO         8906    i.iic_send_byte     m_iic.o
    0x0800ef54   0x00000050   Code   RO         8907    i.iic_start         m_iic.o
    0x0800efa4   0x00000044   Code   RO         8908    i.iic_stop          m_iic.o
    0x0800efe8   0x00000094   Code   RO         8909    i.iic_waite_ack     m_iic.o
    0x0800f07c   0x0000003a   Code   RO         9051    i.is_leap_year      time-stamp.o
    0x0800f0b6   0x00000002   PAD
    0x0800f0b8   0x00000078   Code   RO         8802    i.m_adc_init        m_adc.o
    0x0800f130   0x0000002c   Code   RO         8803    i.m_adc_polling_read  m_adc.o
    0x0800f15c   0x00000030   Code   RO         8804    i.m_adc_start_conversion_first  m_adc.o
    0x0800f18c   0x00000028   Code   RO         8805    i.m_adc_stop_conversion_first  m_adc.o
    0x0800f1b4   0x00000050   Code   RO         8666    i.m_buzzer_init     m_buzzer.o
    0x0800f204   0x00000014   Code   RO         8667    i.m_buzzer_off      m_buzzer.o
    0x0800f218   0x00000014   Code   RO         8668    i.m_buzzer_on       m_buzzer.o
    0x0800f22c   0x00000032   Code   RO         7436    i.m_clock_config_enable_msi  m_clock_config.o
    0x0800f25e   0x0000002e   Code   RO         7437    i.m_clock_select_msi  m_clock_config.o
    0x0800f28c   0x0000006c   Code   RO         7439    i.m_clock_set_system_clock_hsi  m_clock_config.o
    0x0800f2f8   0x00000054   Code   RO         7440    i.m_clock_set_system_clock_msi  m_clock_config.o
    0x0800f34c   0x00000054   Code   RO         9409    i.m_ebc_decrypt     m_aes_sf.o
    0x0800f3a0   0x00000060   Code   RO         9410    i.m_ebc_encrypt     m_aes_sf.o
    0x0800f400   0x00000078   Code   RO         7639    i.m_flash_write_eeprom  m_flash.o
    0x0800f478   0x00000030   Code   RO         1391    i.m_flow_all_data_init  flow-ex.o
    0x0800f4a8   0x0000006c   Code   RO         1392    i.m_flow_calc_second  flow-ex.o
    0x0800f514   0x00000074   Code   RO         1393    i.m_flow_process_ex  flow-ex.o
    0x0800f588   0x00000054   Code   RO         1394    i.m_flow_pulse_timer_table_push  flow-ex.o
    0x0800f5dc   0x00000014   Code   RO         7670    i.m_gpio_config_adcin11  m_gpio_config.o
    0x0800f5f0   0x00000020   Code   RO         7671    i.m_gpio_config_ain_leak_disable  m_gpio_config.o
    0x0800f610   0x00000020   Code   RO         7672    i.m_gpio_config_ain_leak_enable  m_gpio_config.o
    0x0800f630   0x00000018   Code   RO         7673    i.m_gpio_config_alarm  m_gpio_config.o
    0x0800f648   0x00000014   Code   RO         7674    i.m_gpio_config_alarm_dect  m_gpio_config.o
    0x0800f65c   0x00000018   Code   RO         7675    i.m_gpio_config_alarm_irq_disable  m_gpio_config.o
    0x0800f674   0x00000014   Code   RO         7676    i.m_gpio_config_alarm_irq_re_enable  m_gpio_config.o
    0x0800f688   0x00000018   Code   RO         7678    i.m_gpio_config_flow_irq_disable  m_gpio_config.o
    0x0800f6a0   0x00000014   Code   RO         7679    i.m_gpio_config_flow_irq_re_enable  m_gpio_config.o
    0x0800f6b4   0x00000018   Code   RO         7680    i.m_gpio_config_flow_pin  m_gpio_config.o
    0x0800f6cc   0x00000018   Code   RO         7681    i.m_gpio_config_key0_irq  m_gpio_config.o
    0x0800f6e4   0x00000018   Code   RO         7682    i.m_gpio_config_key0_irq_disable  m_gpio_config.o
    0x0800f6fc   0x00000014   Code   RO         7683    i.m_gpio_config_key0_irq_re_enable  m_gpio_config.o
    0x0800f710   0x000000d0   Code   RO         8613    i.m_gpio_config_lcd  m_lcd_hal.o
    0x0800f7e0   0x00000014   Code   RO         7684    i.m_gpio_config_shell_open  m_gpio_config.o
    0x0800f7f4   0x00000018   Code   RO         7685    i.m_gpio_config_ste  m_gpio_config.o
    0x0800f80c   0x00000018   Code   RO         7686    i.m_gpio_config_ste_irq_disable  m_gpio_config.o
    0x0800f824   0x00000014   Code   RO         7687    i.m_gpio_config_ste_irq_re_enable  m_gpio_config.o
    0x0800f838   0x00000020   Code   RO         7688    i.m_gpio_config_vavle  m_gpio_config.o
    0x0800f858   0x00000014   Code   RO         7690    i.m_gpio_exti2_3_enable  m_gpio_config.o
    0x0800f86c   0x00000014   Code   RO         7692    i.m_gpio_exti4_15_enable  m_gpio_config.o
    0x0800f880   0x000000c4   Code   RO         7693    i.m_gpio_into_lpw   m_gpio_config.o
    0x0800f944   0x00000118   Code   RO         7696    i.m_gpio_set_mode   m_gpio_config.o
    0x0800fa5c   0x00000018   Code   RO         7697    i.m_gpio_write      m_gpio_config.o
    0x0800fa74   0x0000005e   Code   RO         9151    i.m_int_2_str_ex    m_string.o
    0x0800fad2   0x00000002   PAD
    0x0800fad4   0x00000014   Code   RO         8476    i.m_lcd_all_off     m_lcd.o
    0x0800fae8   0x00000014   Code   RO         8477    i.m_lcd_all_on      m_lcd.o
    0x0800fafc   0x00000040   Code   RO         8481    i.m_lcd_disp_dig    m_lcd.o
    0x0800fb3c   0x00000044   Code   RO         8482    i.m_lcd_disp_dp     m_lcd.o
    0x0800fb80   0x00000030   Code   RO         8483    i.m_lcd_disp_seg    m_lcd.o
    0x0800fbb0   0x00000050   Code   RO         8484    i.m_lcd_disp_str    m_lcd.o
    0x0800fc00   0x00000008   Code   RO         8486    i.m_lcd_init        m_lcd.o
    0x0800fc08   0x00000020   Code   RO         8488    i.m_lcd_ram_set     m_lcd.o
    0x0800fc28   0x00000010   Code   RO         8489    i.m_lcd_refresh     m_lcd.o
    0x0800fc38   0x0000003c   Code   RO         8129    i.m_lpusart1_deinit  m_uart.o
    0x0800fc74   0x0000002c   Code   RO         8133    i.m_lpusart1_idle_time_hook  m_uart.o
    0x0800fca0   0x0000000c   Code   RO         8134    i.m_lpusart1_idle_time_reset  m_uart.o
    0x0800fcac   0x0000006c   Code   RO         8135    i.m_lpusart1_init   m_uart.o
    0x0800fd18   0x00000002   Code   RO         8136    i.m_lpusart1_received_echo  m_uart.o
    0x0800fd1a   0x00000002   PAD
    0x0800fd1c   0x00000024   Code   RO         8137    i.m_lpusart1_received_start  m_uart.o
    0x0800fd40   0x00000024   Code   RO         8139    i.m_lpusart1_send_byte_poll  m_uart.o
    0x0800fd64   0x00000030   Code   RO         8141    i.m_lpusart1_send_str  m_uart.o
    0x0800fd94   0x00000022   Code   RO         9152    i.m_math_pow        m_string.o
    0x0800fdb6   0x00000014   Code   RO         9153    i.m_mem_cpy         m_string.o
    0x0800fdca   0x00000014   Code   RO         9154    i.m_mem_cpy_len     m_string.o
    0x0800fdde   0x0000001e   Code   RO         9155    i.m_mem_cpy_len_ex  m_string.o
    0x0800fdfc   0x00000014   Code   RO         9156    i.m_mem_set         m_string.o
    0x0800fe10   0x00000034   Code   RO         7908    i.m_pre_pre_stop_processing  m_pwr_mng.o
    0x0800fe44   0x00000040   Code   RO         8423    i.m_rng_generation  m_rng.o
    0x0800fe84   0x00000030   Code   RO         8424    i.m_rng_init        m_rng.o
    0x0800feb4   0x00000010   Code   RO         8425    i.m_rng_reinit      m_rng.o
    0x0800fec4   0x00000010   Code   RO         8001    i.m_rtc_disable_wakeup  m_rtc.o
    0x0800fed4   0x00000014   Code   RO         8002    i.m_rtc_enable_wakeup  m_rtc.o
    0x0800fee8   0x00000084   Code   RO         8003    i.m_rtc_get         m_rtc.o
    0x0800ff6c   0x0000004c   Code   RO         8004    i.m_rtc_init        m_rtc.o
    0x0800ffb8   0x0000000c   Code   RO         8005    i.m_soft_wdg_clr    m_rtc.o
    0x0800ffc4   0x00000026   Code   RO         9160    i.m_str_cmp_len     m_string.o
    0x0800ffea   0x00000020   Code   RO         9161    i.m_str_cpy         m_string.o
    0x0801000a   0x000000a2   Code   RO         9163    i.m_str_h2b         m_string.o
    0x080100ac   0x00000052   Code   RO         9166    i.m_str_match       m_string.o
    0x080100fe   0x00000052   Code   RO         9167    i.m_str_match_ex    m_string.o
    0x08010150   0x00000028   Code   RO          608    i.m_thread_create_event  m_event.o
    0x08010178   0x00000028   Code   RO          609    i.m_thread_create_flow_puls  m_event.o
    0x080101a0   0x0000003c   Code   RO          934    i.m_thread_create_nb_udp  nb_routines.o
    0x080101dc   0x00000050   Code   RO         9672    i.m_thread_create_sysdata  data-protocol-ex.o
    0x0801022c   0x0000002c   Code   RO         8144    i.m_usart1_se_idle_time_hook  m_uart.o
    0x08010258   0x0000000c   Code   RO         8145    i.m_usart1_se_idle_time_reset  m_uart.o
    0x08010264   0x00000070   Code   RO           15    i.main              main.o
    0x080102d4   0x00000038   Code   RO         7909    i.mcu_error_reset   m_pwr_mng.o
    0x0801030c   0x00000076   Code   RO         9168    i.my_scanf_int16    m_string.o
    0x08010382   0x00000002   PAD
    0x08010384   0x000000b0   Code   RO         1532    i.nb_coap_enter_psm  m-nb-module.o
    0x08010434   0x00000074   Code   RO         1533    i.nb_coap_psm_release_ra  m-nb-module.o
    0x080104a8   0x00000784   Code   RO         1534    i.nb_coap_psm_send_ready  m-nb-module.o
    0x08010c2c   0x0000009c   Code   RO         1535    i.nb_fota_process   m-nb-module.o
    0x08010cc8   0x00000058   Code   RO         1536    i.nb_module_cfun_off  m-nb-module.o
    0x08010d20   0x000000d0   Code   RO         1540    i.nb_module_receive_buffer_clear  m-nb-module.o
    0x08010df0   0x00000024   Code   RO         1541    i.nb_received_process  m-nb-module.o
    0x08010e14   0x00000114   Code   RO         1542    i.nb_send_process   m-nb-module.o
    0x08010f28   0x00000068   Code   RO         1543    i.nb_udp_cereg_coap  m-nb-module.o
    0x08010f90   0x00000018   Code   RO         1544    i.np_received_extract_process  m-nb-module.o
    0x08010fa8   0x0000001a   Code   RO         1870    i.osDelay           cmsis_os.o
    0x08010fc2   0x00000016   Code   RO         1874    i.osKernelSysTick   cmsis_os.o
    0x08010fd8   0x00000012   Code   RO         1881    i.osMessageCreate   cmsis_os.o
    0x08010fea   0x00000002   PAD
    0x08010fec   0x000000a4   Code   RO         1882    i.osMessageGet      cmsis_os.o
    0x08011090   0x00000060   Code   RO         1884    i.osMessagePut      cmsis_os.o
    0x080110f0   0x0000000c   Code   RO         1885    i.osMutexCreate     cmsis_os.o
    0x080110fc   0x0000004c   Code   RO         1887    i.osMutexRelease    cmsis_os.o
    0x08011148   0x00000070   Code   RO         1888    i.osMutexWait       cmsis_os.o
    0x080111b8   0x00000054   Code   RO         1900    i.osSignalSet       cmsis_os.o
    0x0801120c   0x00000070   Code   RO         1901    i.osSignalWait      cmsis_os.o
    0x0801127c   0x00000010   Code   RO         1902    i.osSystickHandler  cmsis_os.o
    0x0801128c   0x0000003a   Code   RO         1903    i.osThreadCreate    cmsis_os.o
    0x080112c6   0x00000008   Code   RO         1904    i.osThreadGetId     cmsis_os.o
    0x080112ce   0x00000002   PAD
    0x080112d0   0x00000070   Code   RO         7911    i.prvSetupTimerInterrupt  m_pwr_mng.o
    0x08011340   0x00000154   Code   RO         3256    i.pvPortMalloc      heap_4.o
    0x08011494   0x00000020   Code   RO         2678    i.pvTaskIncrementMutexHeldCount  tasks.o
    0x080114b4   0x00000020   Code   RO         3049    i.pxPortInitialiseStack  port.o
    0x080114d4   0x00000070   Code   RO         9571    i.qc_data_clear_sysdata_to_dcls_b  15e-data-protocol.o
    0x08011544   0x00000024   Code   RO         9572    i.qc_data_device_even_lock_clear  15e-data-protocol.o
    0x08011568   0x00000018   Code   RO          444    i.qc_data_mutex_create  data.o
    0x08011580   0x00000014   Code   RO          445    i.qc_data_read_from_media  data.o
    0x08011594   0x0000002c   Code   RO         9573    i.qc_data_realtime_data_clear  15e-data-protocol.o
    0x080115c0   0x00000118   Code   RO          447    i.qc_data_sysdata_init  data.o
    0x080116d8   0x00000014   Code   RO          450    i.qc_data_write_to_media  data.o
    0x080116ec   0x0000000a   Code   RO         9817    i.record_api_save_day_log  hzrq-data-record.o
    0x080116f6   0x0000000a   Code   RO         9818    i.record_api_save_hour_log  hzrq-data-record.o
    0x08011700   0x0000000a   Code   RO         9819    i.record_api_save_month_log  hzrq-data-record.o
    0x0801170a   0x00000002   PAD
    0x0801170c   0x00000108   Code   RO         9820    i.record_read_eventlog_new  hzrq-data-record.o
    0x08011814   0x0000012c   Code   RO         9821    i.record_read_eventlog_start_to_end  hzrq-data-record.o
    0x08011940   0x0000001e   Code   RO         9822    i.record_read_vol_log_day_start_end  hzrq-data-record.o
    0x0801195e   0x00000040   Code   RO         9823    i.record_read_vol_log_hour_start_end  hzrq-data-record.o
    0x0801199e   0x00000002   PAD
    0x080119a0   0x00000074   Code   RO         9824    i.record_read_vol_log_month_start_end  hzrq-data-record.o
    0x08011a14   0x0000013c   Code   RO         9825    i.record_save_event_log  hzrq-data-record.o
    0x08011b50   0x0000022c   Code   RO         9826    i.record_search_at_ts  hzrq-data-record.o
    0x08011d7c   0x00000048   Code   RO          451    i.rf_send_fifo_delete_tail  data.o
    0x08011dc4   0x00000028   Code   RO          452    i.rf_send_fifo_format  data.o
    0x08011dec   0x00000088   Code   RO          453    i.rf_send_fifo_get_tail  data.o
    0x08011e74   0x00000040   Code   RO          454    i.rf_send_fifo_init  data.o
    0x08011eb4   0x00000024   Code   RO          455    i.rf_send_fifo_item_get_unread_num  data.o
    0x08011ed8   0x000000d0   Code   RO          456    i.rf_send_fifo_push  data.o
    0x08011fa8   0x0000001c   Code   RO         9170    i.swap_uint32       m_string.o
    0x08011fc4   0x00000034   Code   RO         9052    i.system_dt_to_time_stamp  time-stamp.o
    0x08011ff8   0x00000070   Code   RO         9054    i.time_stamp_to_system_dt  time-stamp.o
    0x08012068   0x0000002c   Code   RO         1018    i.ui_disp_device_ver  ui.o
    0x08012094   0x00000128   Code   RO         1019    i.ui_disp_menu      ui.o
    0x080121bc   0x00000028   Code   RO         2405    i.uxListRemove      list.o
    0x080121e4   0x0000001c   Code   RO         3050    i.vAssertCalled     port.o
    0x08012200   0x0000001a   Code   RO         2406    i.vListInitialise   list.o
    0x0801221a   0x00000006   Code   RO         2407    i.vListInitialiseItem  list.o
    0x08012220   0x00000036   Code   RO         2408    i.vListInsert       list.o
    0x08012256   0x00000018   Code   RO         2409    i.vListInsertEnd    list.o
    0x0801226e   0x00000002   PAD
    0x08012270   0x0000001c   Code   RO         3052    i.vPortEnterCritical  port.o
    0x0801228c   0x00000048   Code   RO         3053    i.vPortExitCritical  port.o
    0x080122d4   0x000000ac   Code   RO         3257    i.vPortFree         heap_4.o
    0x08012380   0x00000200   Code   RO         7912    i.vPortSuppressTicksAndSleep  m_pwr_mng.o
    0x08012580   0x00000018   Code   RO         3055    i.vPortYield        port.o
    0x08012598   0x0000007c   Code   RO         2686    i.vTaskDelay        tasks.o
    0x08012614   0x0000000c   Code   RO         2689    i.vTaskMissedYield  tasks.o
    0x08012620   0x00000078   Code   RO         2691    i.vTaskPlaceOnEventList  tasks.o
    0x08012698   0x0000008c   Code   RO         2693    i.vTaskPriorityInherit  tasks.o
    0x08012724   0x00000044   Code   RO         2697    i.vTaskSetTimeOutState  tasks.o
    0x08012768   0x00000078   Code   RO         2698    i.vTaskStartScheduler  tasks.o
    0x080127e0   0x00000058   Code   RO         2699    i.vTaskStepTick     tasks.o
    0x08012838   0x00000010   Code   RO         2701    i.vTaskSuspendAll   tasks.o
    0x08012848   0x000000cc   Code   RO         2702    i.vTaskSwitchContext  tasks.o
    0x08012914   0x0000004c   Code   RO         1299    i.vavle_off_for_start  valve_api.o
    0x08012960   0x00000068   Code   RO          610    i.vavle_off_from_app  m_event.o
    0x080129c8   0x00000038   Code   RO          611    i.vavle_on_from_app  m_event.o
    0x08012a00   0x00000038   Code   RO         3056    i.xPortStartScheduler  port.o
    0x08012a38   0x00000078   Code   RO         2477    i.xQueueCreateMutex  queue.o
    0x08012ab0   0x0000009c   Code   RO         2478    i.xQueueGenericCreate  queue.o
    0x08012b4c   0x0000019c   Code   RO         2479    i.xQueueGenericReceive  queue.o
    0x08012ce8   0x000000a0   Code   RO         2480    i.xQueueGenericReset  queue.o
    0x08012d88   0x0000017c   Code   RO         2481    i.xQueueGenericSend  queue.o
    0x08012f04   0x000000dc   Code   RO         2482    i.xQueueGenericSendFromISR  queue.o
    0x08012fe0   0x000000c8   Code   RO         2483    i.xQueueGiveFromISR  queue.o
    0x080130a8   0x000000b8   Code   RO         2488    i.xQueueReceiveFromISR  queue.o
    0x08013160   0x00000098   Code   RO         2703    i.xTaskCheckForTimeOut  tasks.o
    0x080131f8   0x00000164   Code   RO         2704    i.xTaskGenericCreate  tasks.o
    0x0801335c   0x000000fc   Code   RO         2705    i.xTaskGenericNotify  tasks.o
    0x08013458   0x0000000c   Code   RO         2706    i.xTaskGetCurrentTaskHandle  tasks.o
    0x08013464   0x00000024   Code   RO         2707    i.xTaskGetSchedulerState  tasks.o
    0x08013488   0x0000000c   Code   RO         2708    i.xTaskGetTickCount  tasks.o
    0x08013494   0x0000000c   Code   RO         2709    i.xTaskGetTickCountFromISR  tasks.o
    0x080134a0   0x00000160   Code   RO         2710    i.xTaskIncrementTick  tasks.o
    0x08013600   0x00000118   Code   RO         2711    i.xTaskNotifyFromISR  tasks.o
    0x08013718   0x000000bc   Code   RO         2712    i.xTaskNotifyWait   tasks.o
    0x080137d4   0x000000b0   Code   RO         2713    i.xTaskPriorityDisinherit  tasks.o
    0x08013884   0x000000ac   Code   RO         2714    i.xTaskRemoveFromEventList  tasks.o
    0x08013930   0x0000010c   Code   RO         2716    i.xTaskResumeAll    tasks.o
    0x08013a3c   0x000000b0   Code   RO        10706    x$fpl$fmul          fz_ps.l(fmul.o)
    0x08013aec   0x00000000   Code   RO        10713    x$fpl$usenofp       fz_ps.l(usenofp.o)
    0x08013aec   0x00000014   Data   RO           29    .constdata          main.o
    0x08013b00   0x00000028   Data   RO          658    .constdata          m_event.o
    0x08013b28   0x0000001c   Data   RO          938    .constdata          nb_routines.o
    0x08013b44   0x00000044   Data   RO         1063    .constdata          ui.o
    0x08013b88   0x00000019   Data   RO         3554    .constdata          system_stm32l0xx.o
    0x08013ba1   0x00000010   Data   RO         5464    .constdata          stm32l0xx_hal_rcc.o
    0x08013bb1   0x00000063   Data   RO         8507    .constdata          m_lcd.o
    0x08013c14   0x00000020   Data   RO         9066    .constdata          time-stamp.o
    0x08013c34   0x00000115   Data   RO         9195    .constdata          m_string.o
    0x08013d49   0x00000003   PAD
    0x08013d4c   0x00000100   Data   RO         9343    .constdata          sha256.o
    0x08013e4c   0x000002ff   Data   RO         9435    .constdata          m_aes_sf.o
    0x0801414b   0x00000001   PAD
    0x0801414c   0x000001cc   Data   RO         9584    .constdata          15e-data-protocol.o
    0x08014318   0x00000024   Data   RO         9691    .constdata          data-protocol-ex.o
    0x0801433c   0x00000080   Data   RO        10689    .constdata          fz_ps.l(ddiv.o)
    0x080143bc   0x00000040   Data   RO        10698    .constdata          fz_ps.l(fdiv.o)
    0x080143fc   0x0000000a   Data   RO           30    .conststring        main.o
    0x08014406   0x00000002   PAD
    0x08014408   0x0000001b   Data   RO          659    .conststring        m_event.o
    0x08014423   0x00000001   PAD
    0x08014424   0x0000000a   Data   RO          939    .conststring        nb_routines.o
    0x0801442e   0x00000002   PAD
    0x08014430   0x0000000f   Data   RO         9692    .conststring        data-protocol-ex.o
    0x0801443f   0x00000001   PAD
    0x08014440   0x00000020   Data   RO        10874    Region$$Table       anon$$obj.o


    Execution Region RW_IRAM1 (Base: 0x20000000, Size: 0x00004660, Max: 0x00005000, ABSOLUTE, COMPRESSED[0x00000090])

    Base Addr    Size         Type   Attr      Idx    E Section Name        Object

    0x20000000   0x00000004   Data   RW           31    .data               main.o
    0x20000004   0x00000014   Data   RW          471    .data               data.o
    0x20000018   0x00000034   Data   RW          660    .data               m_event.o
    0x2000004c   0x00000016   Data   RW          940    .data               nb_routines.o
    0x20000062   0x00000002   Data   RW         1064    .data               ui.o
    0x20000064   0x00000018   Data   RW         1341    .data               volt-dec.o
    0x2000007c   0x00000040   Data   RW         1410    .data               flow-ex.o
    0x200000bc   0x00000020   Data   RW         1596    .data               m-nb-module.o
    0x200000dc   0x00000038   Data   RW         2772    .data               tasks.o
    0x20000114   0x00000010   Data   RW         3069    .data               port.o
    0x20000124   0x00000018   Data   RW         3269    .data               heap_4.o
    0x2000013c   0x00000004   Data   RW         3555    .data               system_stm32l0xx.o
    0x20000140   0x00000004   Data   RW         3642    .data               stm32l0xx_hal.o
    0x20000144   0x0000000c   Data   RW         8020    .data               m_rtc.o
    0x20000150   0x0000001a   Data   RW         8191    .data               m_uart.o
    0x2000016a   0x00000002   Data   RW         8508    .data               m_lcd.o
    0x2000016c   0x00000030   Data   RW         9067    .data               time-stamp.o
    0x2000019c   0x0000003c   Data   RW         9436    .data               m_aes_sf.o
    0x200001d8   0x0000003d   Data   RW         9585    .data               15e-data-protocol.o
    0x20000215   0x00000003   PAD
    0x20000218   0x0000000c   Data   RW         9693    .data               data-protocol-ex.o
    0x20000224   0x0000000d   Data   RW         9854    .data               hzrq-data-record.o
    0x20000231   0x00000001   PAD
    0x20000232   0x00000016   Data   RW        10189    .data               hzrq-comm-protocol.o
    0x20000248   0x00000100   Zero   RW          937    .bss                nb_routines.o
    0x20000348   0x00000010   Zero   RW         1062    .bss                ui.o
    0x20000358   0x00000138   Zero   RW         1408    .bss                flow-ex.o
    0x20000490   0x00000056   Zero   RW         1595    .bss                m-nb-module.o
    0x200004e6   0x00000002   PAD
    0x200004e8   0x000000f0   Zero   RW         2771    .bss                tasks.o
    0x200005d8   0x00003000   Zero   RW         3268    .bss                heap_4.o
    0x200035d8   0x00000024   Zero   RW         3364    .bss                stm32l0xx_it.o
    0x200035fc   0x00000018   Zero   RW         4590    .bss                stm32l0xx_hal_flash.o
    0x20003614   0x00000024   Zero   RW         8019    .bss                m_rtc.o
    0x20003638   0x000004e0   Zero   RW         8190    .bss                m_uart.o
    0x20003b18   0x0000000c   Zero   RW         8431    .bss                m_rng.o
    0x20003b24   0x0000003c   Zero   RW         8506    .bss                m_lcd.o
    0x20003b60   0x00000060   Zero   RW         8812    .bss                m_adc.o
    0x20003bc0   0x000000c0   Zero   RW         9434    .bss                m_aes_sf.o
    0x20003c80   0x000003f8   Zero   RW         9583    .bss                15e-data-protocol.o
    0x20004078   0x00000064   Zero   RW         9853    .bss                hzrq-data-record.o
    0x200040dc   0x0000011e   Zero   RW        10188    .bss                hzrq-comm-protocol.o
    0x200041fa   0x00000002   PAD
    0x200041fc   0x00000060   Zero   RW        10747    .bss                c_p.l(libspace.o)
    0x2000425c   0x00000004   PAD
    0x20004260   0x00000200   Zero   RW         3320    HEAP                startup_stm32l073xx.o
    0x20004460   0x00000200   Zero   RW         3319    STACK               startup_stm32l073xx.o


==============================================================================

Image component sizes


      Code (inc. data)   RO Data    RW Data    ZI Data      Debug   Object Name

       192         38        460         61       1016       9992   15e-data-protocol.o
       836         26          0          0          0      24056   cmsis_os.o
       178         10          0          0          0       5537   crc16_sf.o
         0          0          0          0          0      10616   croutine.o
      1880        246         51         12          0       9965   data-protocol-ex.o
       900         74          0         20          0       7765   data.o
      1480        192          0         64        312       8429   flow-ex.o
       740        134          0         24      12288       3631   heap_4.o
     16878        768          0         22        286      95518   hzrq-comm-protocol.o
      3564        120          0         13        100      22509   hzrq-data-record.o
       150          0          0          0          0       9966   list.o
      6050       1426          0         32         86      23523   m-nb-module.o
       290         38          0          0         96       3543   m_adc.o
      2714         88        767         60        192      10209   m_aes_sf.o
       120         22          0          0          0     161165   m_buzzer.o
       518         30          0          0          0     202610   m_clock_config.o
      4484        542         67         52          0      24098   m_event.o
       120         12          0          0          0       1287   m_flash.o
      1322        200          0          0          0      13382   m_gpio_config.o
      1140         62          0          0          0       6703   m_iic.o
       356         44         99          2         60       5170   m_lcd.o
       324         44          0          0          0       2073   m_lcd_hal.o
       904         68          0          0          0      12336   m_pwr_mng.o
       352         24          0          0         12       3341   m_rng.o
       622         68          0         12         36       5949   m_rtc.o
       760          0        277          0          0       8616   m_string.o
      1616        208          0         26       1248      14143   m_uart.o
       668         78         30          4          0     206788   main.o
       596         60         38         22        256      15456   nb_routines.o
       340         90          0         16          0       7671   port.o
       108          6          0          0          0        536   port_1.o
      2204        252          0          0          0      14356   queue.o
      2076         38        256          0          0       5548   sha256.o
        64         28        192          0       1024        676   startup_stm32l073xx.o
        26          0          0          4          0       1401   stm32l0xx_hal.o
      1762         32          0          0          0       9071   stm32l0xx_hal_adc.o
       184          0          0          0          0       1318   stm32l0xx_hal_adc_ex.o
       102         10          0          0          0       1605   stm32l0xx_hal_comp.o
       186         22          0          0          0      10414   stm32l0xx_hal_cortex.o
       488         46          0          0         24       4957   stm32l0xx_hal_flash.o
       800         62          0          0          0       2306   stm32l0xx_hal_gpio.o
       444          4          0          0          0       2475   stm32l0xx_hal_lcd.o
       152         20          0          0          0       1712   stm32l0xx_hal_pwr.o
        40          8          0          0          0        929   stm32l0xx_hal_pwr_ex.o
      2488         96         16          0          0       6028   stm32l0xx_hal_rcc.o
       624         14          0          0          0       1424   stm32l0xx_hal_rcc_ex.o
       256          0          0          0          0       2359   stm32l0xx_hal_rng.o
      1022         14          0          0          0       5094   stm32l0xx_hal_rtc.o
       574         16          0          0          0       2578   stm32l0xx_hal_rtc_ex.o
      2260         84          0          0          0       6806   stm32l0xx_hal_uart.o
         2          0          0          0          0        884   stm32l0xx_hal_uart_ex.o
       244         42          0          0         36     278314   stm32l0xx_it.o
       104         16         25          4          0       1109   system_stm32l0xx.o
      3964        942          0         56        240      23403   tasks.o
       850         52         32         48          0      11067   time-stamp.o
      4960       1034         68          2         16      22568   ui.o
       364         40          0          0          0       1589   valve_api.o
       308         48          0         24          0       2415   volt-dec.o

    ----------------------------------------------------------------------
     76848       7638       2420        584      17332    1358989   Object Totals
         0          0         32          0          0          0   (incl. Generated)
        98          0         10          4          4          0   (incl. Padding)

    ----------------------------------------------------------------------

      Code (inc. data)   RO Data    RW Data    ZI Data      Debug   Library Member Name

        58          0          0          0          0          0   __dczerorl.o
         8          0          0          0          0         68   __main.o
         0          0          0          0          0          0   __rtentry.o
        12          0          0          0          0          0   __rtentry2.o
         6          0          0          0          0          0   __rtentry4.o
        60          8          0          0          0          0   __scatter.o
        28          0          0          0          0          0   __scatter_zi.o
        18          0          0          0          0         68   aeabi_memset.o
       346          0          0          0          0         92   aeabi_sdiv.o
        16          0          0          0          0         68   exit.o
         6          0          0          0          0        136   heapauxi.o
         0          0          0          0          0          0   indicate_semi.o
         2          0          0          0          0          0   libinit.o
         2          0          0          0          0          0   libinit2.o
         2          0          0          0          0          0   libshutdown.o
         2          0          0          0          0          0   libshutdown2.o
         8          4          0          0         96         68   libspace.o
        64          0          0          0          0        108   rt_memclr.o
       186          0          0          0          0        144   rt_memcpy.o
         2          0          0          0          0          0   rtexit.o
        10          0          0          0          0          0   rtexit2.o
        12          4          0          0          0         60   sys_exit.o
        62          0          0          0          0         80   sys_stackheap_outer.o
        34          0          0          0          0         60   uread4.o
         2          0          0          0          0         68   use_no_semi.o
      1096         26        128          0          0        112   ddiv.o
        72          4          0          0          0         68   dfixui.o
       132          4          0          0          0        100   dfltl.o
       584         26          0          0          0         84   dmul.o
       352         10         64          0          0         92   fdiv.o
        76          0          0          0          0         68   ffixi.o
        48          0          0          0          0         60   ffixui.o
        94          0          0          0          0         92   fflti.o
       176          4          0          0          0         80   fmul.o
         0          0          0          0          0          0   usenofp.o

    ----------------------------------------------------------------------
      3580         90        192          0        100       1776   Library Totals
         4          0          0          0          4          0   (incl. Padding)

    ----------------------------------------------------------------------

      Code (inc. data)   RO Data    RW Data    ZI Data      Debug   Library Name

       946         16          0          0         96       1020   c_p.l
      2630         74        192          0          0        756   fz_ps.l

    ----------------------------------------------------------------------
      3580         90        192          0        100       1776   Library Totals

    ----------------------------------------------------------------------

==============================================================================


      Code (inc. data)   RO Data    RW Data    ZI Data      Debug   

     80428       7728       2612        584      17432    1333409   Grand Totals
     80428       7728       2612        144      17432    1333409   ELF Image Totals (compressed)
     80428       7728       2612        144          0          0   ROM Totals

==============================================================================

    Total RO  Size (Code + RO Data)                83040 (  81.09kB)
    Total RW  Size (RW Data + ZI Data)             18016 (  17.59kB)
    Total ROM Size (Code + RO Data + RW Data)      83184 (  81.23kB)

==============================================================================

