Component: ARM Compiler 5.06 update 4 (build 422) Tool: armlink [4d35d2]

==============================================================================

Section Cross References

    main.o(i._Z10vTheadMainPv) refers to main.o(i._Z23pre_star_thread_main_00v) for pre_star_thread_main_00()
    main.o(i._Z10vTheadMainPv) refers to valve_api.o(i.vavle_off_for_start) for vavle_off_for_start
    main.o(i._Z10vTheadMainPv) refers to main.o(i._Z23pre_star_thread_main_01v) for pre_star_thread_main_01()
    main.o(i._Z10vTheadMainPv) refers to ui.o(i.ui_disp_device_ver) for ui_disp_device_ver
    main.o(i._Z10vTheadMainPv) refers to m_lcd.o(i.m_lcd_refresh) for m_lcd_refresh
    main.o(i._Z10vTheadMainPv) refers to m_rtc.o(i.m_rtc_disable_wakeup) for m_rtc_disable_wakeup
    main.o(i._Z10vTheadMainPv) refers to m_rtc.o(i.m_rtc_enable_wakeup) for m_rtc_enable_wakeup
    main.o(i._Z10vTheadMainPv) refers to m_event.o(i.m_thread_create_event) for m_thread_create_event
    main.o(i._Z10vTheadMainPv) refers to m-nb-module.o(i.m_thread_create_nb_udp) for m_thread_create_nb_udp
    main.o(i._Z10vTheadMainPv) refers to cmsis_os.o(i.osSignalWait) for osSignalWait
    main.o(i._Z15m_gpio_led_initv) refers to stm32l0xx_hal_gpio.o(i.HAL_GPIO_Init) for HAL_GPIO_Init
    main.o(i._Z20m_thread_create_mainv) refers to rt_memcpy.o(.emb_text) for __aeabi_memcpy4
    main.o(i._Z20m_thread_create_mainv) refers to cmsis_os.o(i.osThreadCreate) for osThreadCreate
    main.o(i._Z20m_thread_create_mainv) refers to main.o(.constdata) for .constdata
    main.o(i._Z20m_thread_create_mainv) refers to main.o(.data) for vTheadMainID
    main.o(i._Z23pre_star_thread_main_00v) refers to m_gpio_config.o(i.m_gpio_into_lpw) for m_gpio_into_lpw
    main.o(i._Z23pre_star_thread_main_00v) refers to m_rtc.o(i.m_rtc_init) for m_rtc_init
    main.o(i._Z23pre_star_thread_main_00v) refers to m_buzzer.o(i.m_buzzer_init) for m_buzzer_init
    main.o(i._Z23pre_star_thread_main_00v) refers to m_lcd.o(i.m_lcd_init) for m_lcd_init
    main.o(i._Z23pre_star_thread_main_00v) refers to m_lcd.o(i.m_lcd_all_on) for m_lcd_all_on
    main.o(i._Z23pre_star_thread_main_00v) refers to cmsis_os.o(i.osDelay) for osDelay
    main.o(i._Z23pre_star_thread_main_00v) refers to m_buzzer.o(i.m_buzzer_on) for m_buzzer_on
    main.o(i._Z23pre_star_thread_main_00v) refers to m_buzzer.o(i.m_buzzer_off) for m_buzzer_off
    main.o(i._Z23pre_star_thread_main_00v) refers to m_lcd.o(i.m_lcd_all_off) for m_lcd_all_off
    main.o(i._Z23pre_star_thread_main_00v) refers to data.o(i.qc_data_sysdata_init) for qc_data_sysdata_init
    main.o(i._Z23pre_star_thread_main_00v) refers to 15e-data-protocol.o(i.data_api_calc_all) for data_api_calc_all
    main.o(i._Z23pre_star_thread_main_00v) refers to 15e-data-protocol.o(.data) for rtVolumeRefreshFlag
    main.o(i._Z23pre_star_thread_main_01v) refers to m_gpio_config.o(i.m_gpio_config_flow_pin) for m_gpio_config_flow_pin
    main.o(i._Z23pre_star_thread_main_01v) refers to m_gpio_config.o(i.m_gpio_config_key0_irq) for m_gpio_config_key0_irq
    main.o(i._Z23pre_star_thread_main_01v) refers to m_gpio_config.o(i.m_gpio_config_ste) for m_gpio_config_ste
    main.o(i._Z23pre_star_thread_main_01v) refers to m_gpio_config.o(i.m_gpio_exti4_15_enable) for m_gpio_exti4_15_enable
    main.o(i.__sleep_in_osdelay_disable) refers to m_event.o(.data) for noEventTimeOut
    main.o(i.__sleep_in_osdelay_enable) refers to m_event.o(.data) for noEventTimeOut
    main.o(i.main) refers to m_clock_config.o(i.m_clock_set_system_clock_msi) for m_clock_set_system_clock_msi
    main.o(i.main) refers to main.o(i._Z20m_thread_create_mainv) for m_thread_create_main()
    main.o(i.main) refers to tasks.o(i.vTaskStartScheduler) for vTaskStartScheduler
    main.o(.ARM.exidx) refers to main.o(i.__sleep_in_osdelay_disable) for i.__sleep_in_osdelay_disable
    main.o(.ARM.exidx) refers to main.o(i.__sleep_in_osdelay_enable) for i.__sleep_in_osdelay_enable
    main.o(.ARM.exidx) refers to main.o(i._Z13m_gpio_changeP12GPIO_TypeDeft) for i._Z13m_gpio_changeP12GPIO_TypeDeft
    main.o(.ARM.exidx) refers to main.o(i._Z15m_gpio_led_initv) for i._Z15m_gpio_led_initv
    main.o(.ARM.exidx) refers to main.o(i._Z23pre_star_thread_main_00v) for i._Z23pre_star_thread_main_00v
    main.o(.ARM.exidx) refers to main.o(i._Z23pre_star_thread_main_01v) for i._Z23pre_star_thread_main_01v
    main.o(.ARM.exidx) refers to main.o(i._Z10vTheadMainPv) for i._Z10vTheadMainPv
    main.o(.ARM.exidx) refers to main.o(i._Z20m_thread_create_mainv) for i._Z20m_thread_create_mainv
    main.o(.ARM.exidx) refers to main.o(i.main) for i.main
    main.o(.ARM.exidx) refers to main.o(i._Z29vApplicationStackOverflowHookPvPc) for i._Z29vApplicationStackOverflowHookPvPc
    main.o(.ARM.exidx) refers to main.o(i._Z28vApplicationMallocFailedHookv) for i._Z28vApplicationMallocFailedHookv
    main.o(.constdata) refers to main.o(.conststring) for .conststring
[...]
    m_gpio_exti2_3_irqhandler()              0x0800743d   Thumb Code    78  m_gpio_config.o(i._Z25m_gpio_exti2_3_irqhandlerv)
    __battery_status_cross_map()             0x080074f9   Thumb Code    86  15s-comm-protocol.o(i._Z26__battery_status_cross_mapv)
    check_vavle_open_condition()             0x08007559   Thumb Code   230  m_event.o(i._Z26check_vavle_open_conditionv)
    m_gpio_exti4_15_irqhandler()             0x0800765d   Thumb Code    80  m_gpio_config.o(i._Z26m_gpio_exti4_15_irqhandlerv)
    m_pre_pre_sleep_processing()             0x080076bd   Thumb Code    58  m_pwr_mng.o(i._Z26m_pre_pre_sleep_processingv)
    data_api_calc_clear_nf_flag()            0x08007765   Thumb Code    48  15e-data-protocol.o(i._Z27data_api_calc_clear_nf_flagv)
    __qc_comm_load_pay_query_pkg(unsigned char*) 0x080077d9   Thumb Code   170  15s-comm-protocol.o(i._Z28__qc_comm_load_pay_query_pkgPh)
    data_api_calc_consume_vloume()           0x0800788d   Thumb Code    76  15e-data-protocol.o(i._Z28data_api_calc_consume_vloumev)
    event_process_check_batteray()           0x080078ed   Thumb Code   262  m_event.o(i._Z28event_process_check_batterayv)
    m_clock_config_error_handler()           0x08007a11   Thumb Code     6  m_clock_config.o(i._Z28m_clock_config_error_handlerv)
    nb_power_on_process_waite_ok()           0x08007a19   Thumb Code   106  m-nb-module.o(i._Z28nb_power_on_process_waite_okv)
    qc_comm_down_package_is_mine(unsigned char*, unsigned short) 0x08007a9d   Thumb Code   108  15s-comm-protocol.o(i._Z28qc_comm_down_package_is_minePht)
    vApplicationMallocFailedHook()           0x08007b0d   Thumb Code     6  main.o(i._Z28vApplicationMallocFailedHookv)
    m_flow_no_continuous_judgment()          0x08007b15   Thumb Code   220  flow.o(i._Z29m_flow_no_continuous_judgmentv)
    qc_comm_down_package_analysis(unsigned char*, unsigned short) 0x08007c01   Thumb Code   304  15s-comm-protocol.o(i._Z29qc_comm_down_package_analysisPht)
    ui_disp_main_nb_socket_create(unsigned)  0x08007d35   Thumb Code    54  ui.o(i._Z29ui_disp_main_nb_socket_createj)
    vApplicationStackOverflowHook(void*, char*) 0x08007d7d   Thumb Code     6  main.o(i._Z29vApplicationStackOverflowHookPvPc)
    data_api_price_adjust_real_time()        0x08007dd9   Thumb Code    26  15e-data-protocol.o(i._Z31data_api_price_adjust_real_timev)
    data_api_clear_calc_period_volmue()      0x08007e61   Thumb Code   218  15e-data-protocol.o(i._Z33data_api_clear_calc_period_volmuev)
    __qc_comm_load_pop_query_body_pkg0(unsigned char*) 0x08007f51   Thumb Code   146  15s-comm-protocol.o(i._Z34__qc_comm_load_pop_query_body_pkg0Ph)
    __qc_comm_load_pop_query_body_pkg1(unsigned char*) 0x08007ff1   Thumb Code   170  15s-comm-protocol.o(i._Z34__qc_comm_load_pop_query_body_pkg1Ph)
    __qc_comm_load_step_price_query_pkg(unsigned char*) 0x080080a9   Thumb Code   298  15s-comm-protocol.o(i._Z35__qc_comm_load_step_price_query_pkgPh)
    qc_comm_down_package_analysis_short(unsigned char*, unsigned short) 0x080081e1   Thumb Code    34  15s-comm-protocol.o(i._Z35qc_comm_down_package_analysis_shortPht)
    Bit2Bit(unsigned char*, unsigned char, unsigned char*, unsigned char) 0x08008203   Thumb Code    60  qc-des.o(i._Z7Bit2BitPhhS_h)
    ZoneMAC(unsigned char, unsigned char, unsigned char*) 0x08008241   Thumb Code   116  qc-des.o(i._Z7ZoneMAChhPh)
    BlockMAC(unsigned char*)                 0x080082bd   Thumb Code    56  qc-des.o(i._Z8BlockMACPh)
    CryptMAC(unsigned char, unsigned char, unsigned char*, unsigned char*, unsigned short) 0x080082f9   Thumb Code   108  qc-des.o(i._Z8CryptMAChhPhS_t)
    DESCrypt(unsigned char, unsigned char*, unsigned char*, unsigned char*) 0x08008369   Thumb Code   288  qc-des.o(i._Z8DESCrypthPhS_S_)
    ZoneCrypt(unsigned char, unsigned char, unsigned char*) 0x0800848d   Thumb Code    32  qc-des.o(i._Z9ZoneCrypthhPh)
    vTheadUdp(void*)                         0x080084ad   Thumb Code   376  m-nb-module.o(i._Z9vTheadUdpPv)
    __ARM_common_switch8                     0x08008645   Thumb Code    28  ui.o(i.__ARM_common_switch8)
    app_valve_off                            0x08008661   Thumb Code   102  valve_api.o(i.app_valve_off)
    app_valve_on                             0x080086dd   Thumb Code   254  valve_api.o(i.app_valve_on)
    cal_second_in_day                        0x08008801   Thumb Code    80  15e-data-protocol.o(i.cal_second_in_day)
    crc_append                               0x08008859   Thumb Code    26  crc16_sf.o(i.crc_append)
    crc_sum                                  0x08008875   Thumb Code    46  crc16_sf.o(i.crc_sum)
    crc_verify                               0x080088ad   Thumb Code    50  crc16_sf.o(i.crc_verify)
    data_api_calc_all                        0x080088e1   Thumb Code   112  15e-data-protocol.o(i.data_api_calc_all)
    data_api_calc_all_ex                     0x08008961   Thumb Code    90  15e-data-protocol.o(i.data_api_calc_all_ex)
    data_api_day_change                      0x080089cd   Thumb Code   180  15e-data-protocol.o(i.data_api_day_change)
    day_of_week                              0x08008a8d   Thumb Code    84  m_rtc.o(i.day_of_week)
    eTaskConfirmSleepModeStatus              0x08008ae5   Thumb Code    48  tasks.o(i.eTaskConfirmSleepModeStatus)
    encrypt_decrypt_verification             0x08008b25   Thumb Code    54  qc-des.o(i.encrypt_decrypt_verification)
    even_send_msg_to_start_rf                0x08008b5d   Thumb Code    26  m_event.o(i.even_send_msg_to_start_rf)
    fi_id_writed_in_dlcs_a                   0x08008b81   Thumb Code    16  ui.o(i.fi_id_writed_in_dlcs_a)
    get_battary_rtadc                        0x08008b95   Thumb Code    62  volt-dec.o(i.get_battary_rtadc)
    get_internal_vref_rtadc                  0x08008bd9   Thumb Code    88  volt-dec.o(i.get_internal_vref_rtadc)
    get_power_status                         0x08008c39   Thumb Code    92  volt-dec.o(i.get_power_status)
    int32_2_d                                0x08008cb9   Thumb Code    74  m_string.o(i.int32_2_d)
    int32_array_shift_right                  0x08008d03   Thumb Code    22  m_string.o(i.int32_array_shift_right)
    m_adc_init                               0x08008d19   Thumb Code   106  m_adc.o(i.m_adc_init)
    m_adc_polling_read                       0x08008d91   Thumb Code    40  m_adc.o(i.m_adc_polling_read)
    m_adc_start_conversion_first             0x08008dbd   Thumb Code    40  m_adc.o(i.m_adc_start_conversion_first)
    m_adc_stop_conversion_first              0x08008ded   Thumb Code    32  m_adc.o(i.m_adc_stop_conversion_first)
    m_buzzer_init                            0x08008e15   Thumb Code    70  m_buzzer.o(i.m_buzzer_init)
    m_buzzer_off                             0x08008e65   Thumb Code    14  m_buzzer.o(i.m_buzzer_off)
    m_buzzer_on                              0x08008e79   Thumb Code    14  m_buzzer.o(i.m_buzzer_on)
    m_clock_config_enable_msi                0x08008e8d   Thumb Code    50  m_clock_config.o(i.m_clock_config_enable_msi)
    m_clock_select_msi                       0x08008ebf   Thumb Code    46  m_clock_config.o(i.m_clock_select_msi)
    m_clock_set_system_clock_msi             0x08008eed   Thumb Code    74  m_clock_config.o(i.m_clock_set_system_clock_msi)
    m_flash_write_eeprom                     0x08008f41   Thumb Code   108  m_flash.o(i.m_flash_write_eeprom)
    m_flow_data_init                         0x08008fb9   Thumb Code    84  flow.o(i.m_flow_data_init)
    m_flow_test                              0x08009039   Thumb Code   166  flow.o(i.m_flow_test)
    m_gpio_config_ain_leak_disable           0x08009105   Thumb Code    68  m_gpio_config.o(i.m_gpio_config_ain_leak_disable)
    m_gpio_config_ain_leak_enable            0x0800914d   Thumb Code    80  m_gpio_config.o(i.m_gpio_config_ain_leak_enable)
    m_gpio_config_flow_irq_disable           0x080091a1   Thumb Code    18  m_gpio_config.o(i.m_gpio_config_flow_irq_disable)
    m_gpio_config_flow_irq_re_enable         0x080091b9   Thumb Code    14  m_gpio_config.o(i.m_gpio_config_flow_irq_re_enable)
    m_gpio_config_flow_pin                   0x080091cd   Thumb Code    86  m_gpio_config.o(i.m_gpio_config_flow_pin)
    m_gpio_config_key0_irq                   0x08009231   Thumb Code    66  m_gpio_config.o(i.m_gpio_config_key0_irq)
    m_gpio_config_key0_irq_disable           0x08009281   Thumb Code    18  m_gpio_config.o(i.m_gpio_config_key0_irq_disable)
    m_gpio_config_key0_irq_re_enable         0x08009299   Thumb Code    14  m_gpio_config.o(i.m_gpio_config_key0_irq_re_enable)
    m_gpio_config_ste                        0x080092ad   Thumb Code    78  m_gpio_config.o(i.m_gpio_config_ste)
    m_gpio_config_ste_irq_disable            0x08009305   Thumb Code    12  m_gpio_config.o(i.m_gpio_config_ste_irq_disable)
    m_gpio_config_ste_irq_re_enable          0x08009315   Thumb Code    14  m_gpio_config.o(i.m_gpio_config_ste_irq_re_enable)
    m_gpio_config_vavle                      0x08009329   Thumb Code    84  m_gpio_config.o(i.m_gpio_config_vavle)
    m_gpio_exti4_15_enable                   0x08009381   Thumb Code    20  m_gpio_config.o(i.m_gpio_exti4_15_enable)
    m_gpio_into_lpw                          0x08009395   Thumb Code   266  m_gpio_config.o(i.m_gpio_into_lpw)
    m_gpio_set_mode                          0x080094b5   Thumb Code   250  m_gpio_config.o(i.m_gpio_set_mode)
    m_gpio_write                             0x080095cd   Thumb Code    24  m_gpio_config.o(i.m_gpio_write)
    m_lcd_all_off                            0x080095e5   Thumb Code    14  m_lcd.o(i.m_lcd_all_off)
    m_lcd_all_on                             0x080095f9   Thumb Code    14  m_lcd.o(i.m_lcd_all_on)
    m_lcd_clear                              0x0800960d   Thumb Code     8  m_lcd.o(i.m_lcd_clear)
    m_lcd_disp_dig                           0x08009615   Thumb Code   154  m_lcd.o(i.m_lcd_disp_dig)
    m_lcd_disp_seg                           0x080096b5   Thumb Code    40  m_lcd.o(i.m_lcd_disp_seg)
    m_lcd_disp_str                           0x080096e1   Thumb Code    72  m_lcd.o(i.m_lcd_disp_str)
    m_lcd_disp_str_refresh                   0x08009731   Thumb Code    82  m_lcd.o(i.m_lcd_disp_str_refresh)
    m_lcd_init                               0x08009791   Thumb Code     8  m_lcd.o(i.m_lcd_init)
    m_lcd_ram_set                            0x08009799   Thumb Code    54  m_lcd.o(i.m_lcd_ram_set)
    m_lcd_refresh                            0x080097d9   Thumb Code    10  m_lcd.o(i.m_lcd_refresh)
    m_math_pow                               0x080097e9   Thumb Code    34  m_string.o(i.m_math_pow)
    m_mem_cpy                                0x0800980b   Thumb Code    20  m_string.o(i.m_mem_cpy)
    m_mem_cpy_len                            0x0800981f   Thumb Code    20  m_string.o(i.m_mem_cpy_len)
    m_mem_set                                0x08009833   Thumb Code    20  m_string.o(i.m_mem_set)
    m_pre_pre_stop_processing                0x08009849   Thumb Code    58  m_pwr_mng.o(i.m_pre_pre_stop_processing)
    m_rng_generation                         0x08009889   Thumb Code    60  m_rng.o(i.m_rng_generation)
    m_rng_init                               0x080098c9   Thumb Code    40  m_rng.o(i.m_rng_init)
    m_rng_reinit                             0x080098f9   Thumb Code    12  m_rng.o(i.m_rng_reinit)
    m_rtc_disable_wakeup                     0x08009909   Thumb Code    10  m_rtc.o(i.m_rtc_disable_wakeup)
    m_rtc_enable_wakeup                      0x08009919   Thumb Code    16  m_rtc.o(i.m_rtc_enable_wakeup)
    m_rtc_get                                0x0800992d   Thumb Code   124  m_rtc.o(i.m_rtc_get)
    m_rtc_init                               0x080099b1   Thumb Code    64  m_rtc.o(i.m_rtc_init)
    m_rtc_set                                0x080099fd   Thumb Code   104  m_rtc.o(i.m_rtc_set)
    m_str_b2h                                0x08009a69   Thumb Code    52  m_string.o(i.m_str_b2h)
    m_str_cmp                                0x08009aa1   Thumb Code    40  m_string.o(i.m_str_cmp)
    m_str_cmp_ex                             0x08009ac9   Thumb Code    52  m_string.o(i.m_str_cmp_ex)
    m_str_cmp_len                            0x08009afd   Thumb Code    38  m_string.o(i.m_str_cmp_len)
    m_str_cpy                                0x08009b23   Thumb Code    32  m_string.o(i.m_str_cpy)
    m_str_h2b                                0x08009b43   Thumb Code   162  m_string.o(i.m_str_h2b)
    m_str_match                              0x08009be5   Thumb Code    76  m_string.o(i.m_str_match)
    m_str_match_ex                           0x08009c31   Thumb Code    76  m_string.o(i.m_str_match_ex)
    m_thread_create_event                    0x08009c7d   Thumb Code    30  m_event.o(i.m_thread_create_event)
    m_thread_create_nb_udp                   0x08009ca5   Thumb Code    30  m-nb-module.o(i.m_thread_create_nb_udp)
    m_uart4_deinit                           0x08009ccd   Thumb Code    50  m_uart.o(i.m_uart4_deinit)
    m_uart4_init                             0x08009d0d   Thumb Code    82  m_uart.o(i.m_uart4_init)
    m_uart4_received_start                   0x08009d71   Thumb Code    22  m_uart.o(i.m_uart4_received_start)
    m_uart_received_echo                     0x08009d95   Thumb Code     2  m_uart.o(i.m_uart_received_echo)
    m_uart_send_str                          0x08009d99   Thumb Code    42  m_uart.o(i.m_uart_send_str)
    main                                     0x08009dc9   Thumb Code    98  main.o(i.main)
    nb_module_pwr_off                        0x08009e31   Thumb Code    22  m-nb-module.o(i.nb_module_pwr_off)
    osDelay                                  0x08009e51   Thumb Code    26  cmsis_os.o(i.osDelay)
    osKernelSysTick                          0x08009e6b   Thumb Code    22  cmsis_os.o(i.osKernelSysTick)
    osSignalSet                              0x08009e81   Thumb Code    78  cmsis_os.o(i.osSignalSet)
    osSignalWait                             0x08009ed5   Thumb Code   112  cmsis_os.o(i.osSignalWait)
    osSystickHandler                         0x08009f45   Thumb Code    16  cmsis_os.o(i.osSystickHandler)
    osThreadCreate                           0x08009f55   Thumb Code    58  cmsis_os.o(i.osThreadCreate)
    prvSetupTimerInterrupt                   0x08009f91   Thumb Code    92  m_pwr_mng.o(i.prvSetupTimerInterrupt)
    pvPortMalloc                             0x0800a001   Thumb Code   282  heap_4.o(i.pvPortMalloc)
    pxPortInitialiseStack                    0x0800a155   Thumb Code    26  port.o(i.pxPortInitialiseStack)
    qc_comm_ins_reply_ready                  0x0800a175   Thumb Code   118  15s-comm-protocol.o(i.qc_comm_ins_reply_ready)
    qc_comm_received_process                 0x0800a1f9   Thumb Code   126  15s-comm-protocol.o(i.qc_comm_received_process)
    qc_comm_send_pop_ready                   0x0800a285   Thumb Code    94  15s-comm-protocol.o(i.qc_comm_send_pop_ready)
    qc_data_device_even_lock_clear           0x0800a2ed   Thumb Code    18  15e-data-protocol.o(i.qc_data_device_even_lock_clear)
    qc_data_read_from_media                  0x0800a309   Thumb Code    20  data.o(i.qc_data_read_from_media)
    qc_data_realtime_data_clear              0x0800a31d   Thumb Code    22  15e-data-protocol.o(i.qc_data_realtime_data_clear)
    qc_data_save_sys_data                    0x0800a341   Thumb Code   250  15e-data-protocol.o(i.qc_data_save_sys_data)
    qc_data_set_rtc                          0x0800a471   Thumb Code    44  data.o(i.qc_data_set_rtc)
    qc_data_sysdata_init                     0x0800a4a1   Thumb Code   168  data.o(i.qc_data_sysdata_init)
    qc_data_write_to_media                   0x0800a56d   Thumb Code    20  data.o(i.qc_data_write_to_media)
    uart4_idle_time_hook                     0x0800a581   Thumb Code    38  m_uart.o(i.uart4_idle_time_hook)
    uart4_idle_time_reset                    0x0800a5ad   Thumb Code     8  m_uart.o(i.uart4_idle_time_reset)
    ui_disp_comm_rssi                        0x0800a5b9   Thumb Code   116  ui.o(i.ui_disp_comm_rssi)
    ui_disp_device_ver                       0x0800a641   Thumb Code    32  ui.o(i.ui_disp_device_ver)
    ui_disp_dlc                              0x0800a66d   Thumb Code   110  ui.o(i.ui_disp_dlc)
    ui_disp_key_index                        0x0800a711   Thumb Code   154  ui.o(i.ui_disp_key_index)
    ui_disp_menu                             0x0800a7c1   Thumb Code   100  ui.o(i.ui_disp_menu)
    ui_disp_menu_v                           0x0800a82d   Thumb Code   120  ui.o(i.ui_disp_menu_v)
    ui_disp_myID                             0x0800a8ad   Thumb Code   102  ui.o(i.ui_disp_myID)
    ui_disp_qn                               0x0800a925   Thumb Code   160  ui.o(i.ui_disp_qn)
    ui_disp_totale_volume                    0x0800aa21   Thumb Code    74  ui.o(i.ui_disp_totale_volume)
    ui_show_hms                              0x0800aa7d   Thumb Code   170  ui.o(i.ui_show_hms)
    uxListRemove                             0x0800ab39   Thumb Code    40  list.o(i.uxListRemove)
    vAssertCalled                            0x0800ab61   Thumb Code    28  port.o(i.vAssertCalled)
    vListInitialise                          0x0800ab7d   Thumb Code    26  list.o(i.vListInitialise)
    vListInitialiseItem                      0x0800ab97   Thumb Code     6  list.o(i.vListInitialiseItem)
    vListInsert                              0x0800ab9d   Thumb Code    54  list.o(i.vListInsert)
    vListInsertEnd                           0x0800abd3   Thumb Code    24  list.o(i.vListInsertEnd)
    vPortEnterCritical                       0x0800abed   Thumb Code    22  port.o(i.vPortEnterCritical)
    vPortExitCritical                        0x0800ac09   Thumb Code    42  port.o(i.vPortExitCritical)
    vPortFree                                0x0800ac51   Thumb Code   128  heap_4.o(i.vPortFree)
    vPortSuppressTicksAndSleep               0x0800acfd   Thumb Code   484  m_pwr_mng.o(i.vPortSuppressTicksAndSleep)
    vPortYield                               0x0800aefd   Thumb Code    18  port.o(i.vPortYield)
    vTaskDelay                               0x0800af15   Thumb Code    78  tasks.o(i.vTaskDelay)
    vTaskStartScheduler                      0x0800af91   Thumb Code    66  tasks.o(i.vTaskStartScheduler)
    vTaskStepTick                            0x0800b009   Thumb Code    48  tasks.o(i.vTaskStepTick)
    vTaskSuspendAll                          0x0800b061   Thumb Code    12  tasks.o(i.vTaskSuspendAll)
    vTaskSwitchContext                       0x0800b071   Thumb Code   152  tasks.o(i.vTaskSwitchContext)
    vavle_off_for_start                      0x0800b13d   Thumb Code    52  valve_api.o(i.vavle_off_for_start)
    vavle_off_from_app                       0x0800b175   Thumb Code   136  m_event.o(i.vavle_off_from_app)
    vavle_on_from_app                        0x0800b211   Thumb Code    26  m_event.o(i.vavle_on_from_app)
    xPortStartScheduler                      0x0800b235   Thumb Code    48  port.o(i.xPortStartScheduler)
    xTaskGenericCreate                       0x0800b26d   Thumb Code   298  tasks.o(i.xTaskGenericCreate)
    xTaskGenericNotify                       0x0800b3d1   Thumb Code   206  tasks.o(i.xTaskGenericNotify)
    xTaskGetSchedulerState                   0x0800b4cd   Thumb Code    28  tasks.o(i.xTaskGetSchedulerState)
    xTaskGetTickCount                        0x0800b4f1   Thumb Code     6  tasks.o(i.xTaskGetTickCount)
    xTaskGetTickCountFromISR                 0x0800b4fd   Thumb Code     8  tasks.o(i.xTaskGetTickCountFromISR)
    xTaskIncrementTick                       0x0800b509   Thumb Code   276  tasks.o(i.xTaskIncrementTick)
    xTaskNotifyFromISR                       0x0800b669   Thumb Code   226  tasks.o(i.xTaskNotifyFromISR)
    xTaskNotifyWait                          0x0800b781   Thumb Code   176  tasks.o(i.xTaskNotifyWait)
    xTaskResumeAll                           0x0800b83d   Thumb Code   204  tasks.o(i.xTaskResumeAll)
    __aeabi_fmul                             0x0800b949   Thumb Code     0  fmul.o(x$fpl$fmul)
    _fmul                                    0x0800b949   Thumb Code   172  fmul.o(x$fpl$fmul)
    __I$use$fp                               0x0800b9f8   Number         0  usenofp.o(x$fpl$usenofp)
    AT_CMD_AT                                0x0800ba4c   Data          32  at-cmd.o(.constdata)
    AT_CMD_CFUN_0                            0x0800ba6c   Data          32  at-cmd.o(.constdata)
    AT_CMD_CFUN_R                            0x0800ba8c   Data          32  at-cmd.o(.constdata)
    AT_CMD_CFUN                              0x0800baac   Data          32  at-cmd.o(.constdata)
    AT_CMD_CMEE                              0x0800bacc   Data          32  at-cmd.o(.constdata)
    AT_CMD_NRB                               0x0800baec   Data          32  at-cmd.o(.constdata)
    AT_CMD_CMI                               0x0800bb0c   Data          32  at-cmd.o(.constdata)
    AT_CMD_CGSN                              0x0800bb2c   Data          32  at-cmd.o(.constdata)
    AT_CMD_NBAND_R                           0x0800bb4c   Data          32  at-cmd.o(.constdata)
    AT_CMD_CGDCONT                           0x0800bb6c   Data          32  at-cmd.o(.constdata)
    AT_CMD_CGATT                             0x0800bb8c   Data          32  at-cmd.o(.constdata)
    AT_CMD_CGATT_R                           0x0800bbac   Data          32  at-cmd.o(.constdata)
    AT_CMD_CSQ                               0x0800bbcc   Data          32  at-cmd.o(.constdata)
    AT_CMD_CEREG_R                           0x0800bbec   Data          32  at-cmd.o(.constdata)
    AT_CMD_NSOCR                             0x0800bc0c   Data          32  at-cmd.o(.constdata)
    AT_CMD_NSOCR_R                           0x0800bc2c   Data          32  at-cmd.o(.constdata)
    AT_CMD_NSOCL                             0x0800bc4c   Data          32  at-cmd.o(.constdata)
    AT_CMD_NSOCT                             0x0800bc6c   Data          32  at-cmd.o(.constdata)
    AT_CMD_NSORF                             0x0800bc8c   Data          32  at-cmd.o(.constdata)
    AT_CMD_CGMR                              0x0800bcac   Data          32  at-cmd.o(.constdata)
    AT_CMD_NCCID                             0x0800bccc   Data          32  at-cmd.o(.constdata)
    hexTable                                 0x0800bd5c   Data          17  ui.o(.constdata)
    AHBPrescTable                            0x0800bd6d   Data          16  system_stm32l0xx.o(.constdata)
    PLLMulTable                              0x0800bd7d   Data           9  system_stm32l0xx.o(.constdata)
    LCDDigitalIndexTable                     0x0800bd96   Data          46  m_lcd.o(.constdata)
    LCDDigitalTable                          0x0800bdc4   Data          45  m_lcd.o(.constdata)
    Bcd2HexTable                             0x0800c002   Data         160  m_string.o(.constdata)
    Hex2BcdTable                             0x0800c0a2   Data         100  m_string.o(.constdata)
    toolGuardKey                             0x0800c106   Data           8  qc-des.o(.constdata)
    toolTransportionKey                      0x0800c10e   Data           8  qc-des.o(.constdata)
    compTransKeyDefault                      0x0800c116   Data           8  qc-des.o(.constdata)
    compServiceKeyDefault                    0x0800c11e   Data           8  qc-des.o(.constdata)
    userTransKeyDefault                      0x0800c126   Data           8  qc-des.o(.constdata)
    userServiceKeyDefault                    0x0800c12e   Data           8  qc-des.o(.constdata)
    sysDataDefault                           0x0800c42c   Data         444  15e-data-protocol.o(.constdata)
    Region$$Table$$Base                      0x0800c928   Number         0  anon$$obj.o(Region$$Table)
    Region$$Table$$Limit                     0x0800c948   Number         0  anon$$obj.o(Region$$Table)
    vTheadMainID                             0x20000000   Data           4  main.o(.data)
    adcValue                                 0x20000004   Data           4  data.o(.data)
    voltBat                                  0x20000008   Data           4  data.o(.data)
    voltAvdd                                 0x2000000c   Data           4  data.o(.data)
    noEventTimeOut                           0x20000010   Data           4  m_event.o(.data)
    vTheadEvenID                             0x20000014   Data           4  m_event.o(.data)
    globleTickerSec                          0x20000018   Data           4  m_event.o(.data)
    payPromptTimeOut                         0x2000001c   Data           4  m_event.o(.data)
    unlockFlag                               0x20000020   Data           1  m_event.o(.data)
    aSecondAgo                               0x20000024   Data           4  m_event.o(.data)
    aDayAgo                                  0x20000028   Data           4  m_event.o(.data)
    adcSampleIndex                           0x2000002c   Data           1  m_event.o(.data)
    flgEverydayPoped                         0x2000002d   Data           1  m_event.o(.data)
    nbAplReceivedCount                       0x20000030   Data           2  m-nb-module.o(.data)
    nbiotDescInf                             0x20000032   Data           4  m-nb-module.o(.data)
    idTheadUdpId                             0x20000038   Data           4  m-nb-module.o(.data)
    VerySmallFlowBitsRecordMonth             0x2000003c   Data           4  flow.o(.data)
    FlowTickerHouerSec                       0x20000040   Data           2  flow.o(.data)
    FlowTickerDayHour                        0x20000042   Data           1  flow.o(.data)
    FlowTestTimeOut                          0x20000044   Data           2  flow.o(.data)
    FlowTestVolume                           0x20000046   Data           2  flow.o(.data)
    HightFlowTestTimeOut                     0x20000048   Data           2  flow.o(.data)
    HightFlowTestVolume                      0x2000004a   Data           2  flow.o(.data)
    ConstNoFlowTimeOut                       0x2000004c   Data           2  flow.o(.data)
    TCTableIndex                             0x2000004e   Data           1  flow.o(.data)
    menu                                     0x2000004f   Data           1  ui.o(.data)
    subMenu                                  0x20000050   Data           1  ui.o(.data)
    lcdBuf                                   0x20000051   Data           8  ui.o(.data)
    pwrStatus                                0x2000005c   Data           1  volt-dec.o(.data)
    pwrArr                                   0x2000005d   Data           4  volt-dec.o(.data)
    rtAdcValueBatteray                       0x20000064   Data           4  volt-dec.o(.data)
    rtAdcValueAvdd                           0x20000068   Data           4  volt-dec.o(.data)
    rtAdcValueRef                            0x2000006c   Data           4  volt-dec.o(.data)
    pxCurrentTCB                             0x20000070   Data           4  tasks.o(.data)
    ulTimerCountsForOneTick                  0x200000ac   Data           4  port.o(.data)
    xMaximumPossibleSuppressedTicks          0x200000b0   Data           4  port.o(.data)
    ulStoppedTimerCompensation               0x200000b4   Data           4  port.o(.data)
    SystemCoreClock                          0x200000d0   Data           4  system_stm32l0xx.o(.data)
    uwTick                                   0x200000d4   Data           4  stm32l0xx_hal.o(.data)
    mRTCReadEn                               0x200000d8   Data           2  m_rtc.o(.data)
    stRtcDataTime                            0x200000da   Data           7  m_rtc.o(.data)
    uartReceivedIdleTime                     0x20000114   Data           4  m_uart.o(.data)
    uartSendBufCount                         0x20000118   Data           2  m_uart.o(.data)
    uartRceivedBufCount                      0x2000011a   Data           2  m_uart.o(.data)
    uart4RxTimeOut                           0x2000011c   Data           4  m_uart.o(.data)
    WakeUpSelection                          0x20000120   Data           8  m_uart.o(.data)
    uartInited                               0x20000128   Data           1  m_uart.o(.data)
    LCDHandleStat                            0x2000012a   Data           2  m_lcd.o(.data)
    companyKey                               0x2000012c   Data           4  qc-des.o(.data)
    DeviceEvent                              0x20000130   Data           4  15e-data-protocol.o(.data)
    lockReason                               0x20000134   Data           4  15e-data-protocol.o(.data)
    vavleState                               0x20000138   Data           1  15e-data-protocol.o(.data)
    rssi                                     0x20000139   Data           1  15e-data-protocol.o(.data)
    opStatus                                 0x2000013a   Data           1  15e-data-protocol.o(.data)
    stpSysData                               0x2000013c   Data           4  15e-data-protocol.o(.data)
    hardDefault                              0x20000140   Data           4  15e-data-protocol.o(.data)
    totalVolume                              0x20000144   Data           4  15e-data-protocol.o(.data)
    totalMoney                               0x20000148   Data           4  15e-data-protocol.o(.data)
    curMonthVolume                           0x2000014c   Data           4  15e-data-protocol.o(.data)
    curPeriodVolume                          0x20000150   Data           4  15e-data-protocol.o(.data)
    curMoney                                 0x20000154   Data           4  15e-data-protocol.o(.data)
    price                                    0x20000158   Data           4  15e-data-protocol.o(.data)
    overageMoney                             0x2000015c   Data           4  15e-data-protocol.o(.data)
    overrageVolume                           0x20000160   Data           4  15e-data-protocol.o(.data)
    rtVolume                                 0x20000164   Data           4  15e-data-protocol.o(.data)
    rtVolumeRefreshFlag                      0x20000168   Data           1  15e-data-protocol.o(.data)
    popTimesEveryday                         0x2000016c   Data           4  15e-data-protocol.o(.data)
    ovmStatus                                0x20000170   Data           1  15e-data-protocol.o(.data)
    realPayValue                             0x20000174   Data           4  15e-data-protocol.o(.data)
    protocolCmd                              0x20000178   Data           1  15s-comm-protocol.o(.data)
    stepPriceQueryStep                       0x20000179   Data           1  15s-comm-protocol.o(.data)
    opRetCode                                0x2000017a   Data           1  15s-comm-protocol.o(.data)
    rxFrameIndex                             0x2000017b   Data           1  15s-comm-protocol.o(.data)
    txFrameIndex                             0x2000017c   Data           1  15s-comm-protocol.o(.data)
    __15sKey                                 0x2000017d   Data           8  15s-comm-protocol.o(.data)
    popSequNm                                0x20000185   Data           1  15s-comm-protocol.o(.data)
    nbAplReceivedBuffer                      0x20000188   Data         256  m-nb-module.o(.bss)
    FlowTestRecord                           0x20000288   Data          20  flow.o(.bss)
    Comp2Handle                              0x2000338c   Data          36  stm32l0xx_it.o(.bss)
    ProcFlash                                0x200033b0   Data          24  stm32l0xx_hal_flash.o(.bss)
    RtcHandle                                0x200033c8   Data          36  m_rtc.o(.bss)
    uartSendBuf                              0x200033ec   Data         256  m_uart.o(.bss)
    uartReceivedBuf                          0x200034ec   Data         256  m_uart.o(.bss)
    UartHandle                               0x200035ec   Data         112  m_uart.o(.bss)
    RngHandle                                0x2000365c   Data          12  m_rng.o(.bss)
    LCDHandle                                0x20003668   Data          60  m_lcd.o(.bss)
    AdcHandle                                0x200036a4   Data          96  m_adc.o(.bss)
    tempCheck                                0x20003704   Data          16  qc-des.o(.bss)
    commonBuf                                0x20003714   Data         512  15e-data-protocol.o(.bss)
    sysData                                  0x20003914   Data         444  15e-data-protocol.o(.bss)
    __libspace_start                         0x20003ad0   Data          96  libspace.o(.bss)
    __temporary_stack_top$libspace           0x20003b30   Data           0  libspace.o(.bss)



==============================================================================

Memory Map of the image

  Image Entry point : 0x080000c1

  Load Region LR_IROM1 (Base: 0x08000000, Size: 0x0000cad0, Max: 0x00030000, ABSOLUTE, COMPRESSED[0x0000c98c])

    Execution Region ER_IROM1 (Base: 0x08000000, Size: 0x0000c948, Max: 0x00030000, ABSOLUTE)

    Base Addr    Size         Type   Attr      Idx    E Section Name        Object

    0x08000000   0x000000c0   Data   RO         2940    RESET               startup_stm32l073xx.o
    0x080000c0   0x00000008   Code   RO         8278  * !!!main             c_p.l(__main.o)
    0x080000c8   0x0000003c   Code   RO         8468    !!!scatter          c_p.l(__scatter.o)
    0x08000104   0x0000001c   Code   RO         8470    !!handler_zi        c_p.l(__scatter_zi.o)
    0x08000120   0x00000002   Code   RO         8335    .ARM.Collect$$libinit$$00000000  c_p.l(libinit.o)
    0x08000122   0x00000000   Code   RO         8349    .ARM.Collect$$libinit$$00000002  c_p.l(libinit2.o)
    0x08000122   0x00000000   Code   RO         8351    .ARM.Collect$$libinit$$00000004  c_p.l(libinit2.o)
    0x08000122   0x00000000   Code   RO         8354    .ARM.Collect$$libinit$$0000000A  c_p.l(libinit2.o)
    0x08000122   0x00000000   Code   RO         8356    .ARM.Collect$$libinit$$0000000C  c_p.l(libinit2.o)
    0x08000122   0x00000000   Code   RO         8358    .ARM.Collect$$libinit$$0000000E  c_p.l(libinit2.o)
    0x08000122   0x00000000   Code   RO         8361    .ARM.Collect$$libinit$$00000011  c_p.l(libinit2.o)
    0x08000122   0x00000000   Code   RO         8363    .ARM.Collect$$libinit$$00000013  c_p.l(libinit2.o)
    0x08000122   0x00000000   Code   RO         8365    .ARM.Collect$$libinit$$00000015  c_p.l(libinit2.o)
    0x08000122   0x00000000   Code   RO         8367    .ARM.Collect$$libinit$$00000017  c_p.l(libinit2.o)
    0x08000122   0x00000000   Code   RO         8369    .ARM.Collect$$libinit$$00000019  c_p.l(libinit2.o)
    0x08000122   0x00000000   Code   RO         8371    .ARM.Collect$$libinit$$0000001B  c_p.l(libinit2.o)
    0x08000122   0x00000000   Code   RO         8373    .ARM.Collect$$libinit$$0000001D  c_p.l(libinit2.o)
    0x08000122   0x00000000   Code   RO         8375    .ARM.Collect$$libinit$$0000001F  c_p.l(libinit2.o)
    0x08000122   0x00000000   Code   RO         8377    .ARM.Collect$$libinit$$00000021  c_p.l(libinit2.o)
    0x08000122   0x00000000   Code   RO         8379    .ARM.Collect$$libinit$$00000023  c_p.l(libinit2.o)
    0x08000122   0x00000000   Code   RO         8381    .ARM.Collect$$libinit$$00000025  c_p.l(libinit2.o)
    0x08000122   0x00000000   Code   RO         8385    .ARM.Collect$$libinit$$0000002C  c_p.l(libinit2.o)
    0x08000122   0x00000000   Code   RO         8387    .ARM.Collect$$libinit$$0000002E  c_p.l(libinit2.o)
    0x08000122   0x00000000   Code   RO         8389    .ARM.Collect$$libinit$$00000030  c_p.l(libinit2.o)
    0x08000122   0x00000000   Code   RO         8391    .ARM.Collect$$libinit$$00000032  c_p.l(libinit2.o)
    0x08000122   0x00000002   Code   RO         8392    .ARM.Collect$$libinit$$00000033  c_p.l(libinit2.o)
    0x08000124   0x00000002   Code   RO         8423    .ARM.Collect$$libshutdown$$00000000  c_p.l(libshutdown.o)
    0x08000126   0x00000000   Code   RO         8449    .ARM.Collect$$libshutdown$$00000002  c_p.l(libshutdown2.o)
    0x08000126   0x00000000   Code   RO         8451    .ARM.Collect$$libshutdown$$00000004  c_p.l(libshutdown2.o)
    0x08000126   0x00000000   Code   RO         8454    .ARM.Collect$$libshutdown$$00000007  c_p.l(libshutdown2.o)
    0x08000126   0x00000000   Code   RO         8457    .ARM.Collect$$libshutdown$$0000000A  c_p.l(libshutdown2.o)
    0x08000126   0x00000000   Code   RO         8459    .ARM.Collect$$libshutdown$$0000000C  c_p.l(libshutdown2.o)
    0x08000126   0x00000000   Code   RO         8462    .ARM.Collect$$libshutdown$$0000000F  c_p.l(libshutdown2.o)
    0x08000126   0x00000002   Code   RO         8463    .ARM.Collect$$libshutdown$$00000010  c_p.l(libshutdown2.o)
    0x08000128   0x00000000   Code   RO         8298    .ARM.Collect$$rtentry$$00000000  c_p.l(__rtentry.o)
    0x08000128   0x00000000   Code   RO         8305    .ARM.Collect$$rtentry$$00000002  c_p.l(__rtentry2.o)
    0x08000128   0x00000006   Code   RO         8317    .ARM.Collect$$rtentry$$00000004  c_p.l(__rtentry4.o)
    0x0800012e   0x00000000   Code   RO         8307    .ARM.Collect$$rtentry$$00000009  c_p.l(__rtentry2.o)
    0x0800012e   0x00000004   Code   RO         8308    .ARM.Collect$$rtentry$$0000000A  c_p.l(__rtentry2.o)
    0x08000132   0x00000000   Code   RO         8310    .ARM.Collect$$rtentry$$0000000C  c_p.l(__rtentry2.o)
    0x08000132   0x00000008   Code   RO         8311    .ARM.Collect$$rtentry$$0000000D  c_p.l(__rtentry2.o)
    0x0800013a   0x00000002   Code   RO         8340    .ARM.Collect$$rtexit$$00000000  c_p.l(rtexit.o)
    0x0800013c   0x00000000   Code   RO         8396    .ARM.Collect$$rtexit$$00000002  c_p.l(rtexit2.o)
    0x0800013c   0x00000004   Code   RO         8397    .ARM.Collect$$rtexit$$00000003  c_p.l(rtexit2.o)
    0x08000140   0x00000006   Code   RO         8398    .ARM.Collect$$rtexit$$00000004  c_p.l(rtexit2.o)
    0x08000146   0x00000002   PAD
    0x08000148   0x00000038   Code   RO         8264    .emb_text           c_p.l(rt_memcpy.o)
    0x08000180   0x0000006c   Code   RO         2869    .text               port_1.o
    0x080001ec   0x00000040   Code   RO         2941    .text               startup_stm32l073xx.o
    0x0800022c   0x00000012   Code   RO         8268    .text               c_p.l(aeabi_memset.o)
    0x0800023e   0x00000040   Code   RO         8270    .text               c_p.l(rt_memclr.o)
    0x0800027e   0x0000015a   Code   RO         8272    .text               c_p.l(aeabi_sdiv.o)
    0x080003d8   0x00000006   Code   RO         8276    .text               c_p.l(heapauxi.o)
    0x080003de   0x00000002   PAD
    0x080003e0   0x00000448   Code   RO         8280    .text               fz_ps.l(ddiv.o)
    0x08000828   0x00000048   Code   RO         8283    .text               fz_ps.l(dfixui.o)
    0x08000870   0x00000084   Code   RO         8285    .text               fz_ps.l(dfltl.o)
    0x080008f4   0x00000248   Code   RO         8287    .text               fz_ps.l(dmul.o)
    0x08000b3c   0x00000160   Code   RO         8289    .text               fz_ps.l(fdiv.o)
    0x08000c9c   0x00000030   Code   RO         8292    .text               fz_ps.l(ffixui.o)
    0x08000ccc   0x0000005e   Code   RO         8294    .text               fz_ps.l(fflti.o)
    0x08000d2a   0x0000003e   Code   RO         8321    .text               c_p.l(sys_stackheap_outer.o)
    0x08000d68   0x00000010   Code   RO         8324    .text               c_p.l(exit.o)
    0x08000d78   0x00000008   Code   RO         8336    .text               c_p.l(libspace.o)
    0x08000d80   0x0000000c   Code   RO         8393    .text               c_p.l(sys_exit.o)
    0x08000d8c   0x00000002   Code   RO         8412    .text               c_p.l(use_no_semi.o)
    0x08000d8e   0x00000000   Code   RO         8414    .text               c_p.l(indicate_semi.o)
    0x08000d8e   0x00000056   Code   RO         8466    .text               c_p.l(__dczerorl2.o)
    0x08000de4   0x00000018   Code   RO         2947    i.ADC1_COMP_IRQHandler  stm32l0xx_it.o
    0x08000dfc   0x00000008   Code   RO         2950    i.EXTI0_1_IRQHandler  stm32l0xx_it.o
    0x08000e04   0x00000008   Code   RO         2951    i.EXTI2_3_IRQHandler  stm32l0xx_it.o
    0x08000e0c   0x00000008   Code   RO         2952    i.EXTI4_15_IRQHandler  stm32l0xx_it.o
    0x08000e14   0x000000bc   Code   RO         4164    i.FLASH_WaitForLastOperation  stm32l0xx_hal_flash.o
    0x08000ed0   0x000000b8   Code   RO         3612    i.HAL_ADCEx_Calibration_Start  stm32l0xx_hal_adc_ex.o
    0x08000f88   0x00000002   Code   RO         3402    i.HAL_ADC_ConvCpltCallback  stm32l0xx_hal_adc.o
    0x08000f8a   0x00000002   Code   RO         3405    i.HAL_ADC_ErrorCallback  stm32l0xx_hal_adc.o
    0x08000f8c   0x00000006   Code   RO         3407    i.HAL_ADC_GetState  stm32l0xx_hal_adc.o
    0x08000f92   0x00000008   Code   RO         3408    i.HAL_ADC_GetValue  stm32l0xx_hal_adc.o
    0x08000f9a   0x00000116   Code   RO         3409    i.HAL_ADC_IRQHandler  stm32l0xx_hal_adc.o
    0x080010b0   0x00000234   Code   RO         3410    i.HAL_ADC_Init      stm32l0xx_hal_adc.o
    0x080012e4   0x00000002   Code   RO         3411    i.HAL_ADC_LevelOutOfWindowCallback  stm32l0xx_hal_adc.o
    0x080012e6   0x00000002   PAD
    0x080012e8   0x0000001c   Code   RO         7383    i.HAL_ADC_MspInit   m_adc.o
    0x08001304   0x000000e4   Code   RO         3414    i.HAL_ADC_PollForConversion  stm32l0xx_hal_adc.o
    0x080013e8   0x00000078   Code   RO         3416    i.HAL_ADC_Start     stm32l0xx_hal_adc.o
    0x08001460   0x00000050   Code   RO         3419    i.HAL_ADC_Stop      stm32l0xx_hal_adc.o
    0x080014b0   0x00000064   Code   RO         3676    i.HAL_COMP_IRQHandler  stm32l0xx_hal_comp.o
    0x08001514   0x00000002   Code   RO         3685    i.HAL_COMP_TriggerCallback  stm32l0xx_hal_comp.o
    0x08001516   0x00000002   PAD
    0x08001518   0x00000014   Code   RO         4168    i.HAL_FLASH_Lock    stm32l0xx_hal_flash.o
    0x0800152c   0x0000004c   Code   RO         4175    i.HAL_FLASH_Unlock  stm32l0xx_hal_flash.o
    0x08001578   0x00000128   Code   RO         4544    i.HAL_GPIO_DeInit   stm32l0xx_hal_gpio.o
    0x080016a0   0x000001f8   Code   RO         4547    i.HAL_GPIO_Init     stm32l0xx_hal_gpio.o
    0x08001898   0x0000000c   Code   RO         4551    i.HAL_GPIO_WritePin  stm32l0xx_hal_gpio.o
    0x080018a4   0x0000000c   Code   RO         2953    i.HAL_GetTick       stm32l0xx_it.o
    0x080018b0   0x00000010   Code   RO         2954    i.HAL_IncTick       stm32l0xx_it.o
    0x080018c0   0x00000030   Code   RO         6291    i.HAL_InitTick      m_clock_config.o
    0x080018f0   0x0000008c   Code   RO         4684    i.HAL_LCD_Clear     stm32l0xx_hal_lcd.o
    0x0800197c   0x00000124   Code   RO         4688    i.HAL_LCD_Init      stm32l0xx_hal_lcd.o
    0x08001aa0   0x00000028   Code   RO         7269    i.HAL_LCD_MspInit   m_lcd_hal.o
    0x08001ac8   0x00000062   Code   RO         4691    i.HAL_LCD_UpdateDisplayRequest  stm32l0xx_hal_lcd.o
    0x08001b2a   0x00000098   Code   RO         4692    i.HAL_LCD_Write     stm32l0xx_hal_lcd.o
    0x08001bc2   0x00000002   PAD
    0x08001bc4   0x00000018   Code   RO         3808    i.HAL_NVIC_DisableIRQ  stm32l0xx_hal_cortex.o
    0x08001bdc   0x00000018   Code   RO         3809    i.HAL_NVIC_EnableIRQ  stm32l0xx_hal_cortex.o
    0x08001bf4   0x00000012   Code   RO         3813    i.HAL_NVIC_SetPriority  stm32l0xx_hal_cortex.o
    0x08001c06   0x00000002   PAD
    0x08001c08   0x00000014   Code   RO         4988    i.HAL_PWREx_EnableFastWakeUp  stm32l0xx_hal_pwr_ex.o
    0x08001c1c   0x00000014   Code   RO         4990    i.HAL_PWREx_EnableUltraLowPower  stm32l0xx_hal_pwr_ex.o
    0x08001c30   0x00000014   Code   RO         4859    i.HAL_PWR_EnableBkUpAccess  stm32l0xx_hal_pwr.o
    0x08001c44   0x0000003c   Code   RO         4864    i.HAL_PWR_EnterSLEEPMode  stm32l0xx_hal_pwr.o
    0x08001c80   0x00000048   Code   RO         4866    i.HAL_PWR_EnterSTOPMode  stm32l0xx_hal_pwr.o
    0x08001cc8   0x00000270   Code   RO         5161    i.HAL_RCCEx_PeriphCLKConfig  stm32l0xx_hal_rcc_ex.o
    0x08001f38   0x000001d8   Code   RO         5042    i.HAL_RCC_ClockConfig  stm32l0xx_hal_rcc.o
    0x08002110   0x0000002c   Code   RO         5046    i.HAL_RCC_GetHCLKFreq  stm32l0xx_hal_rcc.o
    0x0800213c   0x00000024   Code   RO         5048    i.HAL_RCC_GetPCLK1Freq  stm32l0xx_hal_rcc.o
    0x08002160   0x00000024   Code   RO         5049    i.HAL_RCC_GetPCLK2Freq  stm32l0xx_hal_rcc.o
    0x08002184   0x000000ec   Code   RO         5050    i.HAL_RCC_GetSysClockFreq  stm32l0xx_hal_rcc.o
    0x08002270   0x00000680   Code   RO         5053    i.HAL_RCC_OscConfig  stm32l0xx_hal_rcc.o
    0x080028f0   0x00000038   Code   RO         5267    i.HAL_RNG_DeInit    stm32l0xx_hal_rng.o
    0x08002928   0x0000007c   Code   RO         5269    i.HAL_RNG_GenerateRandomNumber  stm32l0xx_hal_rng.o
    0x080029a4   0x0000004c   Code   RO         5275    i.HAL_RNG_Init      stm32l0xx_hal_rng.o
    0x080029f0   0x00000084   Code   RO         7087    i.HAL_RNG_MspDeInit  m_rng.o
    0x08002a74   0x0000005c   Code   RO         7088    i.HAL_RNG_MspInit   m_rng.o
    0x08002ad0   0x000000ae   Code   RO         5533    i.HAL_RTCEx_DeactivateWakeUpTimer  stm32l0xx_hal_rtc_ex.o
    0x08002b7e   0x00000002   PAD
    0x08002b80   0x0000014c   Code   RO         5553    i.HAL_RTCEx_SetWakeUpTimer_IT  stm32l0xx_hal_rtc_ex.o
    0x08002ccc   0x0000002c   Code   RO         6779    i.HAL_RTCEx_WakeUpTimerEventCallback  m_rtc.o
    0x08002cf8   0x00000044   Code   RO         5560    i.HAL_RTCEx_WakeUpTimerIRQHandler  stm32l0xx_hal_rtc_ex.o
    0x08002d3c   0x000000c8   Code   RO         5380    i.HAL_RTC_Init      stm32l0xx_hal_rtc.o
    0x08002e04   0x00000078   Code   RO         6781    i.HAL_RTC_MspInit   m_rtc.o
    0x08002e7c   0x00000130   Code   RO         5386    i.HAL_RTC_SetDate   stm32l0xx_hal_rtc.o
    0x08002fac   0x00000154   Code   RO         5387    i.HAL_RTC_SetTime   stm32l0xx_hal_rtc.o
    0x08003100   0x0000003c   Code   RO         5388    i.HAL_RTC_WaitForSynchro  stm32l0xx_hal_rtc.o
    0x0800313c   0x00000018   Code   RO         6878    i.HAL_UARTEx_WakeupCallback  m_uart.o
    0x08003154   0x00000048   Code   RO         5895    i.HAL_UART_DeInit   stm32l0xx_hal_uart.o
    0x0800319c   0x00000054   Code   RO         6879    i.HAL_UART_ErrorCallback  m_uart.o
    0x080031f0   0x00000142   Code   RO         5899    i.HAL_UART_IRQHandler  stm32l0xx_hal_uart.o
    0x08003332   0x0000007c   Code   RO         5900    i.HAL_UART_Init     stm32l0xx_hal_uart.o
    0x080033ae   0x00000002   PAD
    0x080033b0   0x0000003c   Code   RO         6880    i.HAL_UART_MspDeInit  m_uart.o
    0x080033ec   0x0000002c   Code   RO         6881    i.HAL_UART_MspInit  m_uart.o
    0x08003418   0x000000e8   Code   RO         6882    i.HAL_UART_Receive_IT  m_uart.o
    0x08003500   0x00000002   Code   RO         6884    i.HAL_UART_TxCpltCallback  m_uart.o
    0x08003502   0x00000004   Code   RO         2956    i.HardFault_Handler  stm32l0xx_it.o
    0x08003506   0x00000036   Code   RO         4693    i.LCD_WaitForSynchro  stm32l0xx_hal_lcd.o
    0x0800353c   0x00000002   Code   RO         2958    i.NMI_Handler       stm32l0xx_it.o
    0x0800353e   0x00000002   PAD
    0x08003540   0x00000078   Code   RO         6707    i.PostSleepProcessing  m_pwr_mng.o
    0x080035b8   0x0000001a   Code   RO         5389    i.RTC_Bcd2ToByte    stm32l0xx_hal_rtc.o
    0x080035d2   0x0000001a   Code   RO         5390    i.RTC_ByteToBcd2    stm32l0xx_hal_rtc.o
    0x080035ec   0x00000042   Code   RO         5391    i.RTC_EnterInitMode  stm32l0xx_hal_rtc.o
    0x0800362e   0x00000002   PAD
    0x08003630   0x00000010   Code   RO         2959    i.RTC_IRQHandler    stm32l0xx_it.o
    0x08003640   0x00000010   Code   RO         2960    i.SysTick_Handler   stm32l0xx_it.o
    0x08003650   0x00000068   Code   RO         3154    i.SystemInit        system_stm32l0xx.o
    0x080036b8   0x000000f0   Code   RO         5913    i.UART_AdvFeatureConfig  stm32l0xx_hal_uart.o
    0x080037a8   0x00000060   Code   RO         5914    i.UART_CheckIdleState  stm32l0xx_hal_uart.o
    0x08003808   0x000003d4   Code   RO         5915    i.UART_SetConfig    stm32l0xx_hal_uart.o
    0x08003bdc   0x00000100   Code   RO         5916    i.UART_WaitOnFlagUntilTimeout  stm32l0xx_hal_uart.o
    0x08003cdc   0x00000010   Code   RO         2961    i.USART1_IRQHandler  stm32l0xx_it.o
    0x08003cec   0x00000010   Code   RO         2962    i.USART4_5_IRQHandler  stm32l0xx_it.o
    0x08003cfc   0x000000a4   Code   RO         3422    i._Z10ADC_EnableP17ADC_HandleTypeDef  stm32l0xx_hal_adc.o
    0x08003da0   0x0000002c   Code   RO         7655    i._Z10BlockCrypthPh  qc-des.o
    0x08003dcc   0x000000a0   Code   RO          645    i._Z10nb_get_csqv   m-nb-module.o
    0x08003e6c   0x0000004c   Code   RO            3    i._Z10vTheadMainPv  main.o
    0x08003eb8   0x0000009c   Code   RO         3423    i._Z11ADC_DisableP17ADC_HandleTypeDef  stm32l0xx_hal_adc.o
    0x08003f54   0x000000f0   Code   RO          646    i._Z11nb_udp_sendPht  m-nb-module.o
    0x08004044   0x0000007c   Code   RO         2873    i._Z11prvHeapInitv  heap_4.o
    0x080040c0   0x00000080   Code   RO         2290    i._Z11prvIdleTaskPv  tasks.o
    0x08004140   0x000000b4   Code   RO          989    i._Z11ui_disp_offv  ui.o
    0x080041f4   0x000000bc   Code   RO          990    i._Z11ui_show_ymdv  ui.o
    0x080042b0   0x000000b8   Code   RO          469    i._Z11vTheadEventPv  m_event.o
    0x08004368   0x00000006   Code   RO         7953    i._Z12__qc_ins_ackPht  15s-comm-protocol.o
    0x0800436e   0x00000002   PAD
    0x08004370   0x00000190   Code   RO         7954    i._Z12__qc_ins_payPht  15s-comm-protocol.o
    0x08004500   0x00000044   Code   RO          470    i._Z12flow_warningv  m_event.o
    0x08004544   0x000000e0   Code   RO          647    i._Z12nb_at_cmd_exPK16__st_st_ATcmdDefPht  m-nb-module.o
    0x08004624   0x00000012   Code   RO         2291    i._Z12prvDeleteTCBP19tskTaskControlBlock  tasks.o
    0x08004636   0x00000002   PAD
    0x08004638   0x00000050   Code   RO          991    i._Z12ui_disp_dp_mv  ui.o
    0x08004688   0x00000050   Code   RO          992    i._Z12ui_disp_dp_vv  ui.o
    0x080046d8   0x00000020   Code   RO          993    i._Z12ui_head_hidePht  ui.o
    0x080046f8   0x00000038   Code   RO         7657    i._Z13KeyPemutationPjS_  qc-des.o
    0x08004730   0x00000040   Code   RO         7955    i._Z13__12e_crc_calPhh  15s-comm-protocol.o
    0x08004770   0x00000012   Code   RO         1510    i._Z13inHandlerModev  cmsis_os.o
    0x08004782   0x00000002   PAD
    0x08004784   0x00000058   Code   RO          994    i._Z13ui_disp_id_hiv  ui.o
    0x080047dc   0x00000044   Code   RO          995    i._Z13ui_disp_id_lov  ui.o
    0x08004820   0x0000005c   Code   RO          996    i._Z13ui_disp_pricev  ui.o
    0x0800487c   0x00000028   Code   RO         7659    i._Z14PboxPemutationPjS_  qc-des.o
    0x080048a4   0x00000018   Code   RO          471    i._Z14buzzer_beap_mst  m_event.o
    0x080048bc   0x00000058   Code   RO          997    i._Z14ui_disp_home_mj  ui.o
    0x08004914   0x0000005c   Code   RO          998    i._Z14ui_disp_home_vj  ui.o
    0x08004970   0x00000008   Code   RO          999    i._Z14ui_disp_menu_mv  ui.o
    0x08004978   0x0000003c   Code   RO          472    i._Z14valve_ulock_fiv  m_event.o
    0x080049b4   0x00000050   Code   RO         6885    i._Z15UART_Receive_ITP18UART_HandleTypeDef  m_uart.o
    0x08004a04   0x00000134   Code   RO         7956    i._Z15__qc_ins_set_idPht  15s-comm-protocol.o
    0x08004b38   0x0000002c   Code   RO          648    i._Z15nb_send_processPht  m-nb-module.o
    0x08004b64   0x00000098   Code   RO         7957    i._Z15qc_comm_get_keyPhS_  15s-comm-protocol.o
    0x08004bfc   0x0000002e   Code   RO         1002    i._Z15ui_disp_get_loct  ui.o
    0x08004c2a   0x00000002   PAD
    0x08004c2c   0x00000050   Code   RO         1003    i._Z15ui_uint32_2_strPhit  ui.o
    0x08004c7c   0x00000038   Code   RO         7660    i._Z16ExtendPemutationPjS_  qc-des.o
    0x08004cb4   0x00000078   Code   RO         3819    i._Z16NVIC_SetPriority9IRQn_Typej  stm32l0xx_hal_cortex.o
    0x08004d2c   0x000000a0   Code   RO         7661    i._Z16SboxSubstitutionPjS_  qc-des.o
    0x08004dcc   0x0000007a   Code   RO         5919    i._Z16UART_Transmit_ITP18UART_HandleTypeDef  stm32l0xx_hal_uart.o
    0x08004e46   0x0000001c   Code   RO         7958    i._Z16__12e_crc_appendPhh  15s-comm-protocol.o
    0x08004e62   0x00000002   PAD
    0x08004e64   0x0000004c   Code   RO         7270    i._Z16m_lcd_class_initv  m_lcd_hal.o
    0x08004eb0   0x00000020   Code   RO          649    i._Z16nb_module_pwr_onv  m-nb-module.o
    0x08004ed0   0x000000c0   Code   RO          650    i._Z16nb_udp_send_loadPhtt  m-nb-module.o
    0x08004f90   0x00000040   Code   RO         2671    i._Z16prvTaskExitErrorv  port.o
    0x08004fd0   0x0000002c   Code   RO         1004    i._Z16ui_disp_soft_verv  ui.o
    0x08004ffc   0x000000c0   Code   RO          473    i._Z17event_ste_processv  m_event.o
    0x080050bc   0x00000060   Code   RO          910    i._Z17m_flow_bit_recordh  flow.o
    0x0800511c   0x00000078   Code   RO         7271    i._Z17m_gpio_config_lcdv  m_lcd_hal.o
    0x08005194   0x00000010   Code   RO         7272    i._Z17m_lcd_class_clearv  m_lcd_hal.o
    0x080051a4   0x0000010c   Code   RO          652    i._Z17nb_attach_networkv  m-nb-module.o
    0x080052b0   0x0000006c   Code   RO         1006    i._Z17ui_disp_current_vv  ui.o
    0x0800531c   0x000000b4   Code   RO         1007    i._Z17ui_disp_overage_mv  ui.o
    0x080053d0   0x000000b4   Code   RO         1008    i._Z17ui_disp_overage_vv  ui.o
    0x08005484   0x00000068   Code   RO         1009    i._Z17ui_disp_pay_valuev  ui.o
    0x080054ec   0x0000006c   Code   RO         3426    i._Z18ADC_ConversionStopP17ADC_HandleTypeDef  stm32l0xx_hal_adc.o
    0x08005558   0x000000cc   Code   RO         4177    i._Z18FLASH_SetErrorCodev  stm32l0xx_hal_flash.o
    0x08005624   0x00000006   Code   RO         7960    i._Z18__qc_ins_log_queryPht  15s-comm-protocol.o
    0x0800562a   0x00000002   PAD
    0x0800562c   0x00000018   Code   RO         7961    i._Z18__qc_ins_pay_queryPht  15s-comm-protocol.o
    0x08005644   0x000000a8   Code   RO         7962    i._Z18__qc_ins_set_paramPht  15s-comm-protocol.o
    0x080056ec   0x00000018   Code   RO         7963    i._Z18__qc_ins_sta_queryPht  15s-comm-protocol.o
    0x08005704   0x00000002   Code   RO          653    i._Z18delay_long_lwp_dist  m-nb-module.o
    0x08005706   0x00000002   PAD
    0x08005708   0x00000064   Code   RO          474    i._Z18event_flow_processv  m_event.o
    0x0800576c   0x000000c8   Code   RO         7808    i._Z18flow_warning_off_v18__OVERAGE_VM_STATEt  15e-data-protocol.o
    0x08005834   0x00000006   Code   RO         6783    i._Z18m_rtc_error_handlev  m_rtc.o
    0x0800583a   0x00000002   PAD
    0x0800583c   0x00000128   Code   RO         1010    i._Z18ui_disp_off_reasonv  ui.o
    0x08005964   0x00000038   Code   RO         7662    i._Z19CompressPermutationPjS_  qc-des.o
    0x0800599c   0x00000030   Code   RO         5923    i._Z19UART_EndTransmit_ITP18UART_HandleTypeDef  stm32l0xx_hal_uart.o
    0x080059cc   0x00000088   Code   RO         7964    i._Z19__qc_ins_supper_payPht  15s-comm-protocol.o
    0x08005a54   0x00000070   Code   RO         7965    i._Z19__qc_ins_update_keyPht  15s-comm-protocol.o
    0x08005ac4   0x0000004c   Code   RO         7966    i._Z19__qc_ins_valve_lockPht  15s-comm-protocol.o
    0x08005b10   0x00000074   Code   RO         7809    i._Z19data_api_calc_pricev  15e-data-protocol.o
    0x08005b84   0x00000044   Code   RO          475    i._Z19event_pop_every_dayv  m_event.o
    0x08005bc8   0x00000006   Code   RO         7384    i._Z19m_adc_error_handlerv  m_adc.o
    0x08005bce   0x00000036   Code   RO         6293    i._Z19m_clock_disable_hsiv  m_clock_config.o
    0x08005c04   0x00000094   Code   RO          654    i._Z19nb_power_on_processv  m-nb-module.o
    0x08005c98   0x00000024   Code   RO          655    i._Z19nb_received_processv  m-nb-module.o
    0x08005cbc   0x00000028   Code   RO          656    i._Z19nb_udp_close_socketv  m-nb-module.o
    0x08005ce4   0x00000024   Code   RO         1013    i._Z19ui_disp_main_v_modej  ui.o
    0x08005d08   0x00000034   Code   RO         1014    i._Z19ui_disp_vavle_statev  ui.o
    0x08005d3c   0x00000024   Code   RO         2672    i._Z19xPortSysTickHandlerv  port.o
    0x08005d60   0x0000002c   Code   RO         3428    i._Z20ADC_DelayMicroSecondj  stm32l0xx_hal_adc.o
    0x08005d8c   0x00000018   Code   RO          476    i._Z20event_process_unlockv  m_event.o
    0x08005da4   0x00000060   Code   RO         6886    i._Z20m_gpio_config_usart4v  m_uart.o
    0x08005e04   0x00000028   Code   RO            6    i._Z20m_thread_create_mainv  main.o
    0x08005e2c   0x0000000e   Code   RO         1512    i._Z20makeFreeRtosPriority10osPriority  cmsis_os.o
    0x08005e3a   0x00000002   PAD
    0x08005e3c   0x00000094   Code   RO          657    i._Z20nb_at_cmd_waite_respPhjt  m-nb-module.o
    0x08005ed0   0x00000030   Code   RO          659    i._Z20nb_power_off_processv  m-nb-module.o
    0x08005f00   0x0000005c   Code   RO          660    i._Z20nb_udp_create_socketv  m-nb-module.o
    0x08005f5c   0x0000002c   Code   RO          661    i._Z20nb_udp_received_testv  m-nb-module.o
    0x08005f88   0x00000048   Code   RO         1015    i._Z20ui_disp_main_nb_sendj  ui.o
    0x08005fd0   0x000000c0   Code   RO         7967    i._Z21__qc_comm_load_headerPhhhh  15s-comm-protocol.o
    0x08006090   0x0000012c   Code   RO         7968    i._Z21__qc_ins_open_accountPht  15s-comm-protocol.o
    0x080061bc   0x00000006   Code   RO         7969    i._Z21__qc_ins_set_flow_tmoPht  15s-comm-protocol.o
    0x080061c2   0x00000002   PAD
    0x080061c4   0x0000001c   Code   RO         7970    i._Z21__qc_ins_valve_unlockPht  15s-comm-protocol.o
    0x080061e0   0x00000058   Code   RO         7971    i._Z21__randpass_scross_mapv  15s-comm-protocol.o
    0x08006238   0x0000000c   Code   RO         7972    i._Z21__rf_status_cross_mapv  15s-comm-protocol.o
    0x08006244   0x00000024   Code   RO          477    i._Z21event_rtc_date_time_xv  m_event.o
    0x08006268   0x000000e4   Code   RO          478    i._Z21event_rtc_process_secv  m_event.o
    0x0800634c   0x000000b8   Code   RO         7810    i._Z21flow_warning_off_v_ex18__OVERAGE_VM_STATEt  15e-data-protocol.o
    0x08006404   0x00000080   Code   RO          911    i._Z21m_flow_hight_judgmentv  flow.o
    0x08006484   0x00000078   Code   RO         7385    i._Z21m_gpio_config_adcin11v  m_adc.o
    0x080064fc   0x00000006   Code   RO         6887    i._Z21m_uart4_error_handlerv  m_uart.o
    0x08006502   0x00000002   PAD
    0x08006504   0x00000048   Code   RO         1017    i._Z21ui_disp_main_vavle_onj  ui.o
    0x0800654c   0x00000120   Code   RO         7974    i._Z22__qc_ins_clear_to_zeroPht  15s-comm-protocol.o
    0x0800666c   0x00000006   Code   RO         7975    i._Z22__qc_ins_set_flow_modePht  15s-comm-protocol.o
    0x08006672   0x00000002   PAD
    0x08006674   0x00000138   Code   RO         7976    i._Z22__qc_ins_sync_step_sluPht  15s-comm-protocol.o
    0x080067ac   0x0000013c   Code   RO          479    i._Z22event_key_down_processv  m_event.o
    0x080068e8   0x00000046   Code   RO         2292    i._Z22prvAllocateTCBAndStacktPj  tasks.o
    0x0800692e   0x00000002   PAD
    0x08006930   0x00000038   Code   RO         2293    i._Z22prvGetExpectedIdleTimev  tasks.o
    0x08006968   0x00000064   Code   RO         2294    i._Z22prvInitialiseTaskListsv  tasks.o
    0x080069cc   0x00000028   Code   RO         1020    i._Z22ui_disp_buy_gas_promptv  ui.o
    0x080069f4   0x000000b0   Code   RO         1021    i._Z22ui_disp_key_index_compv  ui.o
    0x08006aa4   0x000000b0   Code   RO         1022    i._Z22ui_disp_key_index_userv  ui.o
    0x08006b54   0x00000048   Code   RO         1023    i._Z22ui_disp_main_nb_attackj  ui.o
    0x08006b9c   0x00000048   Code   RO         1024    i._Z22ui_disp_main_vavle_offj  ui.o
    0x08006be4   0x00000048   Code   RO         1025    i._Z22ui_disp_voltage_promitv  ui.o
    0x08006c2c   0x000000b0   Code   RO         7978    i._Z23__qc_comm_load_ack_bodyPh  15s-comm-protocol.o
    0x08006cdc   0x00000054   Code   RO         7979    i._Z23__qc_ins_sync_rtc_shortPht  15s-comm-protocol.o
    0x08006d30   0x00000028   Code   RO         7811    i._Z23data_api_calc_clear_d_ev  15e-data-protocol.o
    0x08006d58   0x000000e0   Code   RO         7812    i._Z23data_api_calc_overage_mv  15e-data-protocol.o
    0x08006e38   0x00000084   Code   RO         7813    i._Z23data_api_calc_overage_vv  15e-data-protocol.o
    0x08006ebc   0x00000078   Code   RO          480    i._Z23even_key_down_super_payv  m_event.o
    0x08006f34   0x00000014   Code   RO          663    i._Z23nb_module_pwr_pins_initv  m-nb-module.o
    0x08006f48   0x00000012   Code   RO          664    i._Z23nb_module_reset_disablev  m-nb-module.o
    0x08006f5a   0x00000010   Code   RO          665    i._Z23nb_module_rst_pins_initv  m-nb-module.o
    0x08006f6a   0x00000070   Code   RO          666    i._Z23np_udp_received_extractPhS_t  m-nb-module.o
    0x08006fda   0x00000002   PAD
    0x08006fdc   0x0000004c   Code   RO            7    i._Z23pre_star_thread_main_00v  main.o
    0x08007028   0x00000014   Code   RO            8    i._Z23pre_star_thread_main_01v  main.o
    0x0800703c   0x00000064   Code   RO         1026    i._Z23ui_disp_main_m_mode_15Ev  ui.o
    0x080070a0   0x000000a4   Code   RO         1027    i._Z23ui_disp_menu_m_dlcs_cdev  ui.o
    0x08007144   0x00000034   Code   RO          912    i._Z24data_api_get_table_indexv  flow.o
    0x08007178   0x00000044   Code   RO          481    i._Z24even_key_down_valve_ctrlv  m_event.o
    0x080071bc   0x00000008   Code   RO          482    i._Z24event_process_day_changev  m_event.o
    0x080071c4   0x00000054   Code   RO         6888    i._Z24m_uart_received_msg_postv  m_uart.o
    0x08007218   0x00000048   Code   RO         1028    i._Z24ui_disp_main_nb_receivedj  ui.o
    0x08007260   0x00000118   Code   RO         7980    i._Z25__device_status_cross_mapv  15s-comm-protocol.o
    0x08007378   0x00000018   Code   RO         7981    i._Z25__qc_ins_step_price_queryPht  15s-comm-protocol.o
    0x08007390   0x0000004c   Code   RO          483    i._Z25even_key_down_connect_udpv  m_event.o
    0x080073dc   0x00000060   Code   RO         6533    i._Z25m_gpio_exti0_1_irqhandlerv  m_gpio_config.o
    0x0800743c   0x00000060   Code   RO         6534    i._Z25m_gpio_exti2_3_irqhandlerv  m_gpio_config.o
    0x0800749c   0x0000005c   Code   RO         2296    i._Z25prvInitialiseTCBVariablesP19tskTaskControlBlockPKcmPK14xMEMORY_REGIONt  tasks.o
    0x080074f8   0x00000060   Code   RO         7983    i._Z26__battery_status_cross_mapv  15s-comm-protocol.o
    0x08007558   0x00000104   Code   RO          484    i._Z26check_vavle_open_conditionv  m_event.o
    0x0800765c   0x00000060   Code   RO         6535    i._Z26m_gpio_exti4_15_irqhandlerv  m_gpio_config.o
    0x080076bc   0x00000040   Code   RO         6710    i._Z26m_pre_pre_sleep_processingv  m_pwr_mng.o
    0x080076fc   0x00000068   Code   RO         2874    i._Z26prvInsertBlockIntoFreeListP12A_BLOCK_LINK  heap_4.o
    0x08007764   0x0000003c   Code   RO         7814    i._Z27data_api_calc_clear_nf_flagv  15e-data-protocol.o
    0x080077a0   0x00000038   Code   RO         2299    i._Z27prvResetNextTaskUnblockTimev  tasks.o
    0x080077d8   0x000000b4   Code   RO         7984    i._Z28__qc_comm_load_pay_query_pkgPh  15s-comm-protocol.o
    0x0800788c   0x00000060   Code   RO         7815    i._Z28data_api_calc_consume_vloumev  15e-data-protocol.o
    0x080078ec   0x00000124   Code   RO          486    i._Z28event_process_check_batterayv  m_event.o
    0x08007a10   0x00000006   Code   RO         6299    i._Z28m_clock_config_error_handlerv  m_clock_config.o
    0x08007a16   0x00000002   PAD
    0x08007a18   0x00000084   Code   RO          669    i._Z28nb_power_on_process_waite_okv  m-nb-module.o
    0x08007a9c   0x00000070   Code   RO         7985    i._Z28qc_comm_down_package_is_minePht  15s-comm-protocol.o
    0x08007b0c   0x00000006   Code   RO            9    i._Z28vApplicationMallocFailedHookv  main.o
    0x08007b12   0x00000002   PAD
    0x08007b14   0x000000ec   Code   RO          914    i._Z29m_flow_no_continuous_judgmentv  flow.o
    0x08007c00   0x00000134   Code   RO         7986    i._Z29qc_comm_down_package_analysisPht  15s-comm-protocol.o
    0x08007d34   0x00000048   Code   RO         1029    i._Z29ui_disp_main_nb_socket_createj  ui.o
    0x08007d7c   0x00000006   Code   RO           10    i._Z29vApplicationStackOverflowHookPvPc  main.o
    0x08007d82   0x00000002   PAD
    0x08007d84   0x00000054   Code   RO         2300    i._Z30prvAddCurrentTaskToDelayedListj  tasks.o
    0x08007dd8   0x00000020   Code   RO         7816    i._Z31data_api_price_adjust_real_timev  15e-data-protocol.o
    0x08007df8   0x00000068   Code   RO         2301    i._Z31prvCheckTasksWaitingTerminationv  tasks.o
    0x08007e60   0x000000f0   Code   RO         7817    i._Z33data_api_clear_calc_period_volmuev  15e-data-protocol.o
    0x08007f50   0x000000a0   Code   RO         7987    i._Z34__qc_comm_load_pop_query_body_pkg0Ph  15s-comm-protocol.o
    0x08007ff0   0x000000b8   Code   RO         7988    i._Z34__qc_comm_load_pop_query_body_pkg1Ph  15s-comm-protocol.o
    0x080080a8   0x00000138   Code   RO         7989    i._Z35__qc_comm_load_step_price_query_pkgPh  15s-comm-protocol.o
    0x080081e0   0x00000022   Code   RO         7990    i._Z35qc_comm_down_package_analysis_shortPht  15s-comm-protocol.o
    0x08008202   0x0000003c   Code   RO         7663    i._Z7Bit2BitPhhS_h  qc-des.o
    0x0800823e   0x00000002   PAD
    0x08008240   0x0000007c   Code   RO         7664    i._Z7ZoneMAChhPh    qc-des.o
    0x080082bc   0x0000003c   Code   RO         7665    i._Z8BlockMACPh     qc-des.o
    0x080082f8   0x00000070   Code   RO         7666    i._Z8CryptMAChhPhS_t  qc-des.o
    0x08008368   0x00000124   Code   RO         7667    i._Z8DESCrypthPhS_S_  qc-des.o
    0x0800848c   0x00000020   Code   RO         7668    i._Z9ZoneCrypthhPh  qc-des.o
    0x080084ac   0x00000198   Code   RO          671    i._Z9vTheadUdpPv    m-nb-module.o
    0x08008644   0x0000001c   Code   RO         1415    i.__ARM_common_switch8  ui.o
    0x08008660   0x0000007c   Code   RO         1426    i.app_valve_off     valve_api.o
    0x080086dc   0x00000124   Code   RO         1427    i.app_valve_on      valve_api.o
    0x08008800   0x00000058   Code   RO         7818    i.cal_second_in_day  15e-data-protocol.o
    0x08008858   0x0000001a   Code   RO         7451    i.crc_append        crc16_sf.o
    0x08008872   0x00000002   PAD
    0x08008874   0x00000038   Code   RO         7452    i.crc_sum           crc16_sf.o
    0x080088ac   0x00000032   Code   RO         7453    i.crc_verify        crc16_sf.o
    0x080088de   0x00000002   PAD
    0x080088e0   0x00000080   Code   RO         7819    i.data_api_calc_all  15e-data-protocol.o
    0x08008960   0x0000006c   Code   RO         7820    i.data_api_calc_all_ex  15e-data-protocol.o
    0x080089cc   0x000000c0   Code   RO         7821    i.data_api_day_change  15e-data-protocol.o
    0x08008a8c   0x00000058   Code   RO         6784    i.day_of_week       m_rtc.o
    0x08008ae4   0x00000040   Code   RO         2302    i.eTaskConfirmSleepModeStatus  tasks.o
    0x08008b24   0x00000036   Code   RO         7670    i.encrypt_decrypt_verification  qc-des.o
    0x08008b5a   0x00000002   PAD
    0x08008b5c   0x00000024   Code   RO          487    i.even_send_msg_to_start_rf  m_event.o
    0x08008b80   0x00000014   Code   RO         1030    i.fi_id_writed_in_dlcs_a  ui.o
    0x08008b94   0x00000044   Code   RO         1462    i.get_battary_rtadc  volt-dec.o
    0x08008bd8   0x00000060   Code   RO         1463    i.get_internal_vref_rtadc  volt-dec.o
    0x08008c38   0x00000080   Code   RO         1464    i.get_power_status  volt-dec.o
    0x08008cb8   0x0000004a   Code   RO         7487    i.int32_2_d         m_string.o
    0x08008d02   0x00000016   Code   RO         7488    i.int32_array_shift_right  m_string.o
    0x08008d18   0x00000078   Code   RO         7386    i.m_adc_init        m_adc.o
    0x08008d90   0x0000002c   Code   RO         7387    i.m_adc_polling_read  m_adc.o
    0x08008dbc   0x00000030   Code   RO         7388    i.m_adc_start_conversion_first  m_adc.o
    0x08008dec   0x00000028   Code   RO         7389    i.m_adc_stop_conversion_first  m_adc.o
    0x08008e14   0x00000050   Code   RO         7322    i.m_buzzer_init     m_buzzer.o
    0x08008e64   0x00000014   Code   RO         7323    i.m_buzzer_off      m_buzzer.o
    0x08008e78   0x00000014   Code   RO         7324    i.m_buzzer_on       m_buzzer.o
    0x08008e8c   0x00000032   Code   RO         6301    i.m_clock_config_enable_msi  m_clock_config.o
    0x08008ebe   0x0000002e   Code   RO         6302    i.m_clock_select_msi  m_clock_config.o
    0x08008eec   0x00000054   Code   RO         6305    i.m_clock_set_system_clock_msi  m_clock_config.o
    0x08008f40   0x00000078   Code   RO         6505    i.m_flash_write_eeprom  m_flash.o
    0x08008fb8   0x00000080   Code   RO          916    i.m_flow_data_init  flow.o
    0x08009038   0x000000cc   Code   RO          917    i.m_flow_test       flow.o
    0x08009104   0x00000048   Code   RO         6536    i.m_gpio_config_ain_leak_disable  m_gpio_config.o
    0x0800914c   0x00000054   Code   RO         6537    i.m_gpio_config_ain_leak_enable  m_gpio_config.o
    0x080091a0   0x00000018   Code   RO         6539    i.m_gpio_config_flow_irq_disable  m_gpio_config.o
    0x080091b8   0x00000014   Code   RO         6540    i.m_gpio_config_flow_irq_re_enable  m_gpio_config.o
    0x080091cc   0x00000064   Code   RO         6541    i.m_gpio_config_flow_pin  m_gpio_config.o
    0x08009230   0x00000050   Code   RO         6542    i.m_gpio_config_key0_irq  m_gpio_config.o
    0x08009280   0x00000018   Code   RO         6543    i.m_gpio_config_key0_irq_disable  m_gpio_config.o
    0x08009298   0x00000014   Code   RO         6544    i.m_gpio_config_key0_irq_re_enable  m_gpio_config.o
    0x080092ac   0x00000058   Code   RO         6546    i.m_gpio_config_ste  m_gpio_config.o
    0x08009304   0x00000010   Code   RO         6547    i.m_gpio_config_ste_irq_disable  m_gpio_config.o
    0x08009314   0x00000014   Code   RO         6548    i.m_gpio_config_ste_irq_re_enable  m_gpio_config.o
    0x08009328   0x00000058   Code   RO         6549    i.m_gpio_config_vavle  m_gpio_config.o
    0x08009380   0x00000014   Code   RO         6551    i.m_gpio_exti4_15_enable  m_gpio_config.o
    0x08009394   0x00000120   Code   RO         6552    i.m_gpio_into_lpw   m_gpio_config.o
    0x080094b4   0x00000118   Code   RO         6553    i.m_gpio_set_mode   m_gpio_config.o
    0x080095cc   0x00000018   Code   RO         6554    i.m_gpio_write      m_gpio_config.o
    0x080095e4   0x00000014   Code   RO         7142    i.m_lcd_all_off     m_lcd.o
    0x080095f8   0x00000014   Code   RO         7143    i.m_lcd_all_on      m_lcd.o
    0x0800960c   0x00000008   Code   RO         7144    i.m_lcd_clear       m_lcd.o
    0x08009614   0x000000a0   Code   RO         7147    i.m_lcd_disp_dig    m_lcd.o
    0x080096b4   0x0000002c   Code   RO         7148    i.m_lcd_disp_seg    m_lcd.o
    0x080096e0   0x00000050   Code   RO         7149    i.m_lcd_disp_str    m_lcd.o
    0x08009730   0x00000060   Code   RO         7150    i.m_lcd_disp_str_refresh  m_lcd.o
    0x08009790   0x00000008   Code   RO         7151    i.m_lcd_init        m_lcd.o
    0x08009798   0x00000040   Code   RO         7153    i.m_lcd_ram_set     m_lcd.o
    0x080097d8   0x00000010   Code   RO         7154    i.m_lcd_refresh     m_lcd.o
    0x080097e8   0x00000022   Code   RO         7490    i.m_math_pow        m_string.o
    0x0800980a   0x00000014   Code   RO         7491    i.m_mem_cpy         m_string.o
    0x0800981e   0x00000014   Code   RO         7492    i.m_mem_cpy_len     m_string.o
    0x08009832   0x00000014   Code   RO         7493    i.m_mem_set         m_string.o
    0x08009846   0x00000002   PAD
    0x08009848   0x00000040   Code   RO         6711    i.m_pre_pre_stop_processing  m_pwr_mng.o
    0x08009888   0x00000040   Code   RO         7089    i.m_rng_generation  m_rng.o
    0x080098c8   0x00000030   Code   RO         7090    i.m_rng_init        m_rng.o
    0x080098f8   0x00000010   Code   RO         7091    i.m_rng_reinit      m_rng.o
    0x08009908   0x00000010   Code   RO         6785    i.m_rtc_disable_wakeup  m_rtc.o
    0x08009918   0x00000014   Code   RO         6786    i.m_rtc_enable_wakeup  m_rtc.o
    0x0800992c   0x00000084   Code   RO         6787    i.m_rtc_get         m_rtc.o
    0x080099b0   0x0000004c   Code   RO         6788    i.m_rtc_init        m_rtc.o
    0x080099fc   0x0000006c   Code   RO         6789    i.m_rtc_set         m_rtc.o
    0x08009a68   0x00000038   Code   RO         7494    i.m_str_b2h         m_string.o
    0x08009aa0   0x00000028   Code   RO         7495    i.m_str_cmp         m_string.o
    0x08009ac8   0x00000034   Code   RO         7496    i.m_str_cmp_ex      m_string.o
    0x08009afc   0x00000026   Code   RO         7497    i.m_str_cmp_len     m_string.o
    0x08009b22   0x00000020   Code   RO         7498    i.m_str_cpy         m_string.o
    0x08009b42   0x000000a2   Code   RO         7500    i.m_str_h2b         m_string.o
    0x08009be4   0x0000004c   Code   RO         7502    i.m_str_match       m_string.o
    0x08009c30   0x0000004c   Code   RO         7503    i.m_str_match_ex    m_string.o
    0x08009c7c   0x00000028   Code   RO          488    i.m_thread_create_event  m_event.o
    0x08009ca4   0x00000028   Code   RO          672    i.m_thread_create_nb_udp  m-nb-module.o
    0x08009ccc   0x00000040   Code   RO         6891    i.m_uart4_deinit    m_uart.o
    0x08009d0c   0x00000064   Code   RO         6894    i.m_uart4_init      m_uart.o
    0x08009d70   0x00000024   Code   RO         6895    i.m_uart4_received_start  m_uart.o
    0x08009d94   0x00000002   Code   RO         6899    i.m_uart_received_echo  m_uart.o
    0x08009d96   0x00000002   PAD
    0x08009d98   0x00000030   Code   RO         6901    i.m_uart_send_str   m_uart.o
    0x08009dc8   0x00000068   Code   RO           13    i.main              main.o
    0x08009e30   0x00000020   Code   RO          675    i.nb_module_pwr_off  m-nb-module.o
    0x08009e50   0x0000001a   Code   RO         1513    i.osDelay           cmsis_os.o
    0x08009e6a   0x00000016   Code   RO         1517    i.osKernelSysTick   cmsis_os.o
    0x08009e80   0x00000054   Code   RO         1543    i.osSignalSet       cmsis_os.o
    0x08009ed4   0x00000070   Code   RO         1544    i.osSignalWait      cmsis_os.o
    0x08009f44   0x00000010   Code   RO         1545    i.osSystickHandler  cmsis_os.o
    0x08009f54   0x0000003a   Code   RO         1546    i.osThreadCreate    cmsis_os.o
    0x08009f8e   0x00000002   PAD
    0x08009f90   0x00000070   Code   RO         6712    i.prvSetupTimerInterrupt  m_pwr_mng.o
    0x0800a000   0x00000154   Code   RO         2875    i.pvPortMalloc      heap_4.o
    0x0800a154   0x00000020   Code   RO         2674    i.pxPortInitialiseStack  port.o
    0x0800a174   0x00000084   Code   RO         7991    i.qc_comm_ins_reply_ready  15s-comm-protocol.o
    0x0800a1f8   0x0000008c   Code   RO         7992    i.qc_comm_received_process  15s-comm-protocol.o
    0x0800a284   0x00000068   Code   RO         7993    i.qc_comm_send_pop_ready  15s-comm-protocol.o
    0x0800a2ec   0x0000001c   Code   RO         7822    i.qc_data_device_even_lock_clear  15e-data-protocol.o
    0x0800a308   0x00000014   Code   RO          403    i.qc_data_read_from_media  data.o
    0x0800a31c   0x00000024   Code   RO         7823    i.qc_data_realtime_data_clear  15e-data-protocol.o
    0x0800a340   0x00000130   Code   RO         7824    i.qc_data_save_sys_data  15e-data-protocol.o
    0x0800a470   0x00000030   Code   RO          404    i.qc_data_set_rtc   data.o
    0x0800a4a0   0x000000cc   Code   RO          405    i.qc_data_sysdata_init  data.o
    0x0800a56c   0x00000014   Code   RO          408    i.qc_data_write_to_media  data.o
    0x0800a580   0x0000002c   Code   RO         6903    i.uart4_idle_time_hook  m_uart.o
    0x0800a5ac   0x0000000c   Code   RO         6904    i.uart4_idle_time_reset  m_uart.o
    0x0800a5b8   0x00000088   Code   RO         1033    i.ui_disp_comm_rssi  ui.o
    0x0800a640   0x0000002c   Code   RO         1035    i.ui_disp_device_ver  ui.o
    0x0800a66c   0x000000a4   Code   RO         1036    i.ui_disp_dlc       ui.o
    0x0800a710   0x000000b0   Code   RO         1037    i.ui_disp_key_index  ui.o
    0x0800a7c0   0x0000006c   Code   RO         1038    i.ui_disp_menu      ui.o
    0x0800a82c   0x00000080   Code   RO         1039    i.ui_disp_menu_v    ui.o
    0x0800a8ac   0x00000078   Code   RO         1040    i.ui_disp_myID      ui.o
    0x0800a924   0x000000fc   Code   RO         1041    i.ui_disp_qn        ui.o
    0x0800aa20   0x0000005c   Code   RO         1042    i.ui_disp_totale_volume  ui.o
    0x0800aa7c   0x000000bc   Code   RO         1046    i.ui_show_hms       ui.o
    0x0800ab38   0x00000028   Code   RO         2030    i.uxListRemove      list.o
    0x0800ab60   0x0000001c   Code   RO         2675    i.vAssertCalled     port.o
    0x0800ab7c   0x0000001a   Code   RO         2031    i.vListInitialise   list.o
    0x0800ab96   0x00000006   Code   RO         2032    i.vListInitialiseItem  list.o
    0x0800ab9c   0x00000036   Code   RO         2033    i.vListInsert       list.o
    0x0800abd2   0x00000018   Code   RO         2034    i.vListInsertEnd    list.o
    0x0800abea   0x00000002   PAD
    0x0800abec   0x0000001c   Code   RO         2677    i.vPortEnterCritical  port.o
    0x0800ac08   0x00000048   Code   RO         2678    i.vPortExitCritical  port.o
    0x0800ac50   0x000000ac   Code   RO         2876    i.vPortFree         heap_4.o
    0x0800acfc   0x00000200   Code   RO         6713    i.vPortSuppressTicksAndSleep  m_pwr_mng.o
    0x0800aefc   0x00000018   Code   RO         2680    i.vPortYield        port.o
    0x0800af14   0x0000007c   Code   RO         2311    i.vTaskDelay        tasks.o
    0x0800af90   0x00000078   Code   RO         2323    i.vTaskStartScheduler  tasks.o
    0x0800b008   0x00000058   Code   RO         2324    i.vTaskStepTick     tasks.o
    0x0800b060   0x00000010   Code   RO         2326    i.vTaskSuspendAll   tasks.o
    0x0800b070   0x000000cc   Code   RO         2327    i.vTaskSwitchContext  tasks.o
    0x0800b13c   0x00000038   Code   RO         1428    i.vavle_off_for_start  valve_api.o
    0x0800b174   0x0000009c   Code   RO          489    i.vavle_off_from_app  m_event.o
    0x0800b210   0x00000024   Code   RO          490    i.vavle_on_from_app  m_event.o
    0x0800b234   0x00000038   Code   RO         2681    i.xPortStartScheduler  port.o
    0x0800b26c   0x00000164   Code   RO         2329    i.xTaskGenericCreate  tasks.o
    0x0800b3d0   0x000000fc   Code   RO         2330    i.xTaskGenericNotify  tasks.o
    0x0800b4cc   0x00000024   Code   RO         2332    i.xTaskGetSchedulerState  tasks.o
    0x0800b4f0   0x0000000c   Code   RO         2333    i.xTaskGetTickCount  tasks.o
    0x0800b4fc   0x0000000c   Code   RO         2334    i.xTaskGetTickCountFromISR  tasks.o
    0x0800b508   0x00000160   Code   RO         2335    i.xTaskIncrementTick  tasks.o
    0x0800b668   0x00000118   Code   RO         2336    i.xTaskNotifyFromISR  tasks.o
    0x0800b780   0x000000bc   Code   RO         2337    i.xTaskNotifyWait   tasks.o
    0x0800b83c   0x0000010c   Code   RO         2341    i.xTaskResumeAll    tasks.o
    0x0800b948   0x000000b0   Code   RO         8296    x$fpl$fmul          fz_ps.l(fmul.o)
    0x0800b9f8   0x00000000   Code   RO         8303    x$fpl$usenofp       fz_ps.l(usenofp.o)
    0x0800b9f8   0x00000014   Data   RO           25    .constdata          main.o
    0x0800ba0c   0x00000014   Data   RO          513    .constdata          m_event.o
    0x0800ba20   0x0000002c   Data   RO          708    .constdata          m-nb-module.o
    0x0800ba4c   0x000002a0   Data   RO          889    .constdata          at-cmd.o
    0x0800bcec   0x00000070   Data   RO          927    .constdata          flow.o
    0x0800bd5c   0x00000011   Data   RO         1107    .constdata          ui.o
    0x0800bd6d   0x00000019   Data   RO         3157    .constdata          system_stm32l0xx.o
    0x0800bd86   0x00000010   Data   RO         5067    .constdata          stm32l0xx_hal_rcc.o
    0x0800bd96   0x0000005b   Data   RO         7171    .constdata          m_lcd.o
    0x0800bdf1   0x00000200   Data   RO         7457    .constdata          crc16_sf.o
    0x0800bff1   0x00000115   Data   RO         7526    .constdata          m_string.o
    0x0800c106   0x00000325   Data   RO         7688    .constdata          qc-des.o
    0x0800c42b   0x00000001   PAD
    0x0800c42c   0x000001bc   Data   RO         7843    .constdata          15e-data-protocol.o
    0x0800c5e8   0x00000012   Data   RO         8035    .constdata          15s-comm-protocol.o
    0x0800c5fa   0x00000080   Data   RO         8281    .constdata          fz_ps.l(ddiv.o)
    0x0800c67a   0x00000040   Data   RO         8290    .constdata          fz_ps.l(fdiv.o)
    0x0800c6ba   0x00000002   PAD
    0x0800c6bc   0x0000000a   Data   RO           26    .conststring        main.o
    0x0800c6c6   0x00000002   PAD
    0x0800c6c8   0x0000000b   Data   RO          514    .conststring        m_event.o
    0x0800c6d3   0x00000001   PAD
    0x0800c6d4   0x00000009   Data   RO          709    .conststring        m-nb-module.o
    0x0800c6dd   0x00000003   PAD
    0x0800c6e0   0x00000248   Data   RO          890    .conststring        at-cmd.o
    0x0800c928   0x00000020   Data   RO         8464    Region$$Table       anon$$obj.o


    Execution Region RW_IRAM1 (Base: 0x20000000, Size: 0x00004530, Max: 0x00005000, ABSOLUTE, COMPRESSED[0x00000044])

    Base Addr    Size         Type   Attr      Idx    E Section Name        Object

    0x20000000   0x00000004   Data   RW           27    .data               main.o
    0x20000004   0x0000000c   Data   RW          415    .data               data.o
    0x20000010   0x0000001e   Data   RW          515    .data               m_event.o
    0x2000002e   0x00000002   PAD
    0x20000030   0x0000000c   Data   RW          710    .data               m-nb-module.o
    0x2000003c   0x00000013   Data   RW          928    .data               flow.o
    0x2000004f   0x0000000a   Data   RW         1108    .data               ui.o
    0x20000059   0x00000003   PAD
    0x2000005c   0x00000014   Data   RW         1469    .data               volt-dec.o
    0x20000070   0x00000038   Data   RW         2397    .data               tasks.o
    0x200000a8   0x00000010   Data   RW         2694    .data               port.o
    0x200000b8   0x00000018   Data   RW         2888    .data               heap_4.o
    0x200000d0   0x00000004   Data   RW         3158    .data               system_stm32l0xx.o
    0x200000d4   0x00000004   Data   RW         3245    .data               stm32l0xx_hal.o
    0x200000d8   0x0000003c   Data   RW         6802    .data               m_rtc.o
    0x20000114   0x00000015   Data   RW         6933    .data               m_uart.o
    0x20000129   0x00000001   PAD
    0x2000012a   0x00000002   Data   RW         7172    .data               m_lcd.o
    0x2000012c   0x00000004   Data   RW         7689    .data               qc-des.o
    0x20000130   0x00000048   Data   RW         7844    .data               15e-data-protocol.o
    0x20000178   0x0000000e   Data   RW         8036    .data               15s-comm-protocol.o
    0x20000186   0x00000002   PAD
    0x20000188   0x00000100   Zero   RW          707    .bss                m-nb-module.o
    0x20000288   0x00000014   Zero   RW          926    .bss                flow.o
    0x2000029c   0x000000f0   Zero   RW         2396    .bss                tasks.o
    0x2000038c   0x00003000   Zero   RW         2887    .bss                heap_4.o
    0x2000338c   0x00000024   Zero   RW         2981    .bss                stm32l0xx_it.o
    0x200033b0   0x00000018   Zero   RW         4193    .bss                stm32l0xx_hal_flash.o
    0x200033c8   0x00000024   Zero   RW         6801    .bss                m_rtc.o
    0x200033ec   0x00000270   Zero   RW         6932    .bss                m_uart.o
    0x2000365c   0x0000000c   Zero   RW         7097    .bss                m_rng.o
    0x20003668   0x0000003c   Zero   RW         7170    .bss                m_lcd.o
    0x200036a4   0x00000060   Zero   RW         7397    .bss                m_adc.o
    0x20003704   0x00000010   Zero   RW         7687    .bss                qc-des.o
    0x20003714   0x000003bc   Zero   RW         7842    .bss                15e-data-protocol.o
    0x20003ad0   0x00000060   Zero   RW         8337    .bss                c_p.l(libspace.o)
    0x20003b30   0x00000800   Zero   RW         2939    HEAP                startup_stm32l073xx.o
    0x20004330   0x00000200   Zero   RW         2938    STACK               startup_stm32l073xx.o


==============================================================================

Image component sizes


      Code (inc. data)   RO Data    RW Data    ZI Data      Debug   Object Name

      2208        292        444         72        956      17088   15e-data-protocol.o
      5062        404         18         14          0      34681   15s-comm-protocol.o
         0          0       1256          0          0       1866   at-cmd.o
       350          6          0          0          0       9973   cmsis_os.o
       132         10        512          0          0       5088   crc16_sf.o
         0          0          0          0          0      10572   croutine.o
       292         40          0         12          0       2760   data.o
       844        142        112         19         20       4861   flow.o
       740        134          0         24      12288       3563   heap_4.o
       150          0          0          0          0       9882   list.o
      2496        324         53         12        256      17502   m-nb-module.o
       406         48          0          0         96       4027   m_adc.o
       120         22          0          0          0       1805   m_buzzer.o
       288         16          0          0          0     201612   m_clock_config.o
      2392        308         31         30          0      11648   m_event.o
       120         12          0          0          0       1267   m_flash.o
      1536        184          0          0          0      10628   m_gpio_config.o
       516         60         91          2         60       5713   m_lcd.o
       252         42          0          0          0       2361   m_lcd_hal.o
       872         64          0          0          0       3658   m_pwr_mng.o
       352         24          0          0         12       3261   m_rng.o
       610         50          0         60         36       6070   m_rtc.o
       722          4        277          0          0       8765   m_string.o
      1018        134          0         21        624       9699   m_uart.o
       328         22         30          4          0     226745   main.o
       340         90          0         16          0       7539   port.o
       108          6          0          0          0        524   port_1.o
      1146         46        805          4         16      21171   qc-des.o
        64         28        192          0       2560        664   startup_stm32l073xx.o
         0          0          0          4          0        889   stm32l0xx_hal.o
      1762         32          0          0          0       8899   stm32l0xx_hal_adc.o
       184          0          0          0          0       1294   stm32l0xx_hal_adc_ex.o
       102         10          0          0          0       1569   stm32l0xx_hal_comp.o
       186         22          0          0          0      10358   stm32l0xx_hal_cortex.o
       488         46          0          0         24       4889   stm32l0xx_hal_flash.o
       812         62          0          0          0       2826   stm32l0xx_hal_gpio.o
       736          4          0          0          0       3995   stm32l0xx_hal_lcd.o
       152         20          0          0          0       1676   stm32l0xx_hal_pwr.o
        40          8          0          0          0        905   stm32l0xx_hal_pwr_ex.o
      2488         96         16          0          0       5944   stm32l0xx_hal_rcc.o
       624         14          0          0          0       1404   stm32l0xx_hal_rcc_ex.o
       256          0          0          0          0       2319   stm32l0xx_hal_rng.o
      1022         14          0          0          0       5002   stm32l0xx_hal_rtc.o
       574         16          0          0          0       2530   stm32l0xx_hal_rtc_ex.o
      2260         84          0          0          0       6698   stm32l0xx_hal_uart.o
       146         36          0          0         36     277496   stm32l0xx_it.o
       104         16         25          4          0       1077   system_stm32l0xx.o
      3080        696          0         56        240      17986   tasks.o
      4738        936         17         10          0      22077   ui.o
       472         64          0          0          0       1581   valve_api.o
       292         50          0         20          0       3163   volt-dec.o

    ----------------------------------------------------------------------
     44048       4738       3918        392      17224    1029570   Object Totals
         0          0         32          0          0          0   (incl. Generated)
        66          0          7          8          0          0   (incl. Padding)

    ----------------------------------------------------------------------

      Code (inc. data)   RO Data    RW Data    ZI Data      Debug   Library Member Name

        86          0          0          0          0          0   __dczerorl2.o
         8          0          0          0          0         68   __main.o
         0          0          0          0          0          0   __rtentry.o
        12          0          0          0          0          0   __rtentry2.o
         6          0          0          0          0          0   __rtentry4.o
        60          8          0          0          0          0   __scatter.o
        28          0          0          0          0          0   __scatter_zi.o
        18          0          0          0          0         68   aeabi_memset.o
       346          0          0          0          0         92   aeabi_sdiv.o
        16          0          0          0          0         68   exit.o
         6          0          0          0          0        136   heapauxi.o
         0          0          0          0          0          0   indicate_semi.o
         2          0          0          0          0          0   libinit.o
         2          0          0          0          0          0   libinit2.o
         2          0          0          0          0          0   libshutdown.o
         2          0          0          0          0          0   libshutdown2.o
         8          4          0          0         96         68   libspace.o
        64          0          0          0          0        108   rt_memclr.o
        56          0          0          0          0         68   rt_memcpy.o
         2          0          0          0          0          0   rtexit.o
        10          0          0          0          0          0   rtexit2.o
        12          4          0          0          0         60   sys_exit.o
        62          0          0          0          0         80   sys_stackheap_outer.o
         2          0          0          0          0         68   use_no_semi.o
      1096         26        128          0          0        112   ddiv.o
        72          4          0          0          0         68   dfixui.o
       132          4          0          0          0        100   dfltl.o
       584         26          0          0          0         84   dmul.o
       352         10         64          0          0         92   fdiv.o
        48          0          0          0          0         60   ffixui.o
        94          0          0          0          0         92   fflti.o
       176          4          0          0          0         80   fmul.o
         0          0          0          0          0          0   usenofp.o

    ----------------------------------------------------------------------
      3368         90        194          0         96       1572   Library Totals
         4          0          2          0          0          0   (incl. Padding)

    ----------------------------------------------------------------------

      Code (inc. data)   RO Data    RW Data    ZI Data      Debug   Library Name

       810         16          0          0         96        884   c_p.l
      2554         74        192          0          0        688   fz_ps.l

    ----------------------------------------------------------------------
      3368         90        194          0         96       1572   Library Totals

    ----------------------------------------------------------------------

==============================================================================


      Code (inc. data)   RO Data    RW Data    ZI Data      Debug   

     47416       4828       4112        392      17320    1012586   Grand Totals
     47416       4828       4112         68      17320    1012586   ELF Image Totals (compressed)
     47416       4828       4112         68          0          0   ROM Totals

==============================================================================

    Total RO  Size (Code + RO Data)                51528 (  50.32kB)
    Total RW  Size (RW Data + ZI Data)             17712 (  17.30kB)
    Total ROM Size (Code + RO Data + RW Data)      51596 (  50.39kB)

==============================================================================

